Component: ARM Compiler 5.05 update 1 (build 106) Tool: armlink [4d0efa]

==============================================================================

Section Cross References

    board.o(.text) refers to hal_lld.o(.text) for stm32_clock_init
    cstartup.o(MSTACK) refers (Special) to heapauxi.o(.text) for __use_two_region_memory
    cstartup.o(CSTACK) refers (Special) to heapauxi.o(.text) for __use_two_region_memory
    cstartup.o(HEAP) refers (Special) to heapauxi.o(.text) for __use_two_region_memory
    cstartup.o(.text) refers (Special) to heapauxi.o(.text) for __use_two_region_memory
    cstartup.o(.text) refers to board.o(.text) for __early_init
    cstartup.o(.text) refers to cstartup.o(CSTACK) for __initial_sp
    cstartup.o(.text) refers to __main.o(!!!main) for __main
    cstartup.o(.text) refers to cstartup.o(HEAP) for Heap_Mem
    chcoreasm_v7m.o(.text) refers to chthreads.o(.text) for chThdExit
    chcoreasm_v7m.o(.text) refers to chschd.o(.text) for chSchDoReschedule
    chcore_v7m.o(.text) refers to chsys.o(.text) for chSysTimerHandlerI
    chcore_v7m.o(.text) refers to nvic.o(.text) for nvicSetSystemHandlerPriority
    chcore_v7m.o(.text) refers to chschd.o(.bss) for rlist
    chcore_v7m.o(.text) refers to chcoreasm_v7m.o(.text) for _port_switch_from_isr
    vectors.o(RESET) refers to cstartup.o(MSTACK) for __initial_msp
    vectors.o(RESET) refers to cstartup.o(.text) for Reset_Handler
    vectors.o(RESET) refers to vectors.o(.text) for NMIVector
    vectors.o(RESET) refers to chcore_v7m.o(.text) for SVCallVector
    vectors.o(RESET) refers to stm32_dma.o(.text) for Vector6C
    vectors.o(RESET) refers to adc_lld.o(.text) for Vector88
    vectors.o(RESET) refers to pwm_lld.o(.text) for VectorB8
    vectors.o(RESET) refers to serial_lld.o(.text) for VectorD8
    chcond.o(.text) refers to chschd.o(.text) for chSchWakeupS
    chcond.o(.text) refers to chmtx.o(.text) for chMtxUnlockS
    chcond.o(.text) refers to chschd.o(.bss) for rlist
    chdynamic.o(.text) refers to chmempools.o(.text) for chPoolFree
    chdynamic.o(.text) refers to chheap.o(.text) for chHeapFree
    chdynamic.o(.text) refers to chthreads.o(.text) for chThdCreateI
    chdynamic.o(.text) refers to chschd.o(.text) for chSchWakeupS
    chevents.o(.text) refers to chschd.o(.text) for chSchReadyI
    chevents.o(.text) refers to chschd.o(.bss) for rlist
    chheap.o(.text) refers to chmtx.o(.text) for chMtxInit
    chheap.o(.text) refers to chmemcore.o(.text) for chCoreAlloc
    chheap.o(.text) refers to chheap.o(.bss) for .bss
    chmboxes.o(.text) refers to chsem.o(.text) for chSemInit
    chmboxes.o(.text) refers to chschd.o(.text) for chSchRescheduleS
    chmemcore.o(.text) refers to chmemcore.o(.bss) for .bss
    chmemcore.o(.text) refers to chmemcore.o(.data) for .data
    chmsg.o(.text) refers to chschd.o(.text) for chSchReadyI
    chmsg.o(.text) refers to chschd.o(.bss) for rlist
    chmtx.o(.text) refers to chschd.o(.text) for chSchReadyI
    chmtx.o(.text) refers to chschd.o(.bss) for rlist
    chqueues.o(.text) refers to chschd.o(.text) for chSchReadyI
    chqueues.o(.text) refers to chschd.o(.bss) for rlist
    chregistry.o(.text) refers to chdynamic.o(.text) for chThdRelease
    chregistry.o(.text) refers to chschd.o(.bss) for rlist
    chschd.o(.text) refers to chcoreasm_v7m.o(.text) for _port_switch
    chschd.o(.text) refers to chvt.o(.text) for chVTSetI
    chschd.o(.text) refers to chschd.o(.bss) for .bss
    chsem.o(.text) refers to chschd.o(.text) for chSchReadyI
    chsem.o(.text) refers to chschd.o(.bss) for rlist
    chsys.o(.text) refers to chcore_v7m.o(.text) for _port_init
    chsys.o(.text) refers to chschd.o(.text) for _scheduler_init
    chsys.o(.text) refers to chvt.o(.text) for _vt_init
    chsys.o(.text) refers to chmemcore.o(.text) for _core_init
    chsys.o(.text) refers to chheap.o(.text) for _heap_init
    chsys.o(.text) refers to chthreads.o(.text) for _thread_init
    chsys.o(.text) refers to chschd.o(.bss) for rlist
    chsys.o(.text) refers to chsys.o(.bss) for .bss
    chsys.o(.text) refers to chregistry.o(.constdata) for ch_debug
    chsys.o(.text) refers to chvt.o(.bss) for vtlist
    chthreads.o(.text) refers to chschd.o(.text) for chSchWakeupS
    chthreads.o(.text) refers to chdynamic.o(.text) for chThdRelease
    chthreads.o(.text) refers to chschd.o(.bss) for rlist
    chthreads.o(.text) refers to chcoreasm_v7m.o(.text) for _port_thread_start
    chthreads.o(.text) refers to chvt.o(.bss) for vtlist
    chvt.o(.text) refers to chvt.o(.bss) for .bss
    adc.o(.text) refers to adc_lld.o(.text) for adc_lld_init
    adc.o(.text) refers to chmtx.o(.text) for chMtxInit
    adc.o(.text) refers to chschd.o(.text) for chSchWakeupS
    adc.o(.text) refers to chschd.o(.bss) for rlist
    hal.o(.text) refers to hal_lld.o(.text) for hal_lld_init
    hal.o(.text) refers to pal_lld.o(.text) for _pal_lld_init
    hal.o(.text) refers to adc.o(.text) for adcInit
[...]
    thd3_execute                             0x08006b25   Thumb Code   352  testthd.o(.text)
    thd4_execute                             0x08006c85   Thumb Code   114  testthd.o(.text)
    .text                                    0x08006d28   Section        0  main.o(.text)
    pwmpcb                                   0x08006d29   Thumb Code    28  main.o(.text)
    adccb                                    0x08006d45   Thumb Code   126  main.o(.text)
    spicb                                    0x08006dc3   Thumb Code    20  main.o(.text)
    Thread1                                  0x08006dd7   Thumb Code    38  main.o(.text)
    .text                                    0x08006f2c   Section        0  heapauxi.o(.text)
    .text                                    0x08006f32   Section        0  exit.o(.text)
    .text                                    0x08006f40   Section        0  sys_exit.o(.text)
    .text                                    0x08006f4c   Section        2  use_no_semi.o(.text)
    .text                                    0x08006f4e   Section        0  indicate_semi.o(.text)
    x$fpl$fpinit                             0x08006f4e   Section       10  fpinit.o(x$fpl$fpinit)
    $v0                                      0x08006f4e   Number         0  fpinit.o(x$fpl$fpinit)
    .constdata                               0x08006f58   Section      252  board.o(.constdata)
    .constdata                               0x08007054   Section       22  chregistry.o(.constdata)
    .constdata                               0x0800706c   Section       32  serial.o(.constdata)
    vmt                                      0x0800706c   Data          32  serial.o(.constdata)
    .constdata                               0x0800708c   Section       12  serial_lld.o(.constdata)
    default_config                           0x0800708c   Data          12  serial_lld.o(.constdata)
    .constdata                               0x08007098   Section      192  stm32_dma.o(.constdata)
    .constdata                               0x08007158   Section       20  test.o(.constdata)
    .constdata                               0x0800716c   Section       16  testbmk.o(.constdata)
    .constdata                               0x0800717c   Section       16  testbmk.o(.constdata)
    .constdata                               0x0800718c   Section       16  testbmk.o(.constdata)
    .constdata                               0x0800719c   Section       16  testbmk.o(.constdata)
    .constdata                               0x080071ac   Section       16  testbmk.o(.constdata)
    .constdata                               0x080071bc   Section       16  testbmk.o(.constdata)
    .constdata                               0x080071cc   Section       16  testbmk.o(.constdata)
    .constdata                               0x080071dc   Section       16  testbmk.o(.constdata)
    .constdata                               0x080071ec   Section       16  testbmk.o(.constdata)
    .constdata                               0x080071fc   Section       16  testbmk.o(.constdata)
    .constdata                               0x0800720c   Section       16  testbmk.o(.constdata)
    .constdata                               0x0800721c   Section       16  testbmk.o(.constdata)
    .constdata                               0x0800722c   Section       16  testbmk.o(.constdata)
    .constdata                               0x0800723c   Section       56  testbmk.o(.constdata)
    .constdata                               0x08007274   Section       16  testdyn.o(.constdata)
    .constdata                               0x08007284   Section       16  testdyn.o(.constdata)
    .constdata                               0x08007294   Section       16  testdyn.o(.constdata)
    .constdata                               0x080072a4   Section       16  testdyn.o(.constdata)
    .constdata                               0x080072b4   Section       12  testevt.o(.constdata)
    evhndl                                   0x080072b4   Data          12  testevt.o(.constdata)
    .constdata                               0x080072c0   Section       16  testevt.o(.constdata)
    .constdata                               0x080072d0   Section       16  testevt.o(.constdata)
    .constdata                               0x080072e0   Section       16  testevt.o(.constdata)
    .constdata                               0x080072f0   Section       16  testevt.o(.constdata)
    .constdata                               0x08007300   Section       16  testheap.o(.constdata)
    .constdata                               0x08007310   Section        8  testheap.o(.constdata)
    .constdata                               0x08007318   Section       16  testmbox.o(.constdata)
    .constdata                               0x08007328   Section        8  testmbox.o(.constdata)
    .constdata                               0x08007330   Section       16  testmsg.o(.constdata)
    .constdata                               0x08007340   Section        8  testmsg.o(.constdata)
    .constdata                               0x08007348   Section       16  testmtx.o(.constdata)
    .constdata                               0x08007358   Section       16  testmtx.o(.constdata)
    .constdata                               0x08007368   Section       16  testmtx.o(.constdata)
    .constdata                               0x08007378   Section       16  testmtx.o(.constdata)
    .constdata                               0x08007388   Section       16  testmtx.o(.constdata)
    .constdata                               0x08007398   Section       16  testmtx.o(.constdata)
    .constdata                               0x080073a8   Section       16  testmtx.o(.constdata)
    .constdata                               0x080073b8   Section       16  testmtx.o(.constdata)
    .constdata                               0x080073c8   Section       36  testmtx.o(.constdata)
    .constdata                               0x080073ec   Section       16  testpools.o(.constdata)
    .constdata                               0x080073fc   Section        8  testpools.o(.constdata)
    .constdata                               0x08007404   Section       16  testqueues.o(.constdata)
    .constdata                               0x08007414   Section       16  testqueues.o(.constdata)
    .constdata                               0x08007424   Section       12  testqueues.o(.constdata)
    .constdata                               0x08007430   Section       16  testsem.o(.constdata)
    .constdata                               0x08007440   Section       16  testsem.o(.constdata)
    .constdata                               0x08007450   Section       16  testsem.o(.constdata)
    .constdata                               0x08007460   Section       16  testsem.o(.constdata)
    .constdata                               0x08007470   Section       20  testsem.o(.constdata)
    .constdata                               0x08007484   Section       16  testthd.o(.constdata)
    .constdata                               0x08007494   Section       16  testthd.o(.constdata)
    .constdata                               0x080074a4   Section       16  testthd.o(.constdata)
    .constdata                               0x080074b4   Section       16  testthd.o(.constdata)
    .constdata                               0x080074c4   Section       20  testthd.o(.constdata)
    .constdata                               0x080074d8   Section       52  main.o(.constdata)
    adcgrpcfg                                0x080074d8   Data          40  main.o(.constdata)
    spi2cfg                                  0x08007500   Data          12  main.o(.constdata)
    .conststring                             0x0800750c   Section       23  testbmk.o(.conststring)
    .conststring                             0x08007524   Section       23  testbmk.o(.conststring)
    .conststring                             0x0800753c   Section       23  testbmk.o(.conststring)
    .conststring                             0x08007554   Section       26  testbmk.o(.conststring)
    .conststring                             0x08007570   Section       31  testbmk.o(.conststring)
    .conststring                             0x08007590   Section       32  testbmk.o(.conststring)
    .conststring                             0x080075b0   Section       38  testbmk.o(.conststring)
    .conststring                             0x080075d8   Section       41  testbmk.o(.conststring)
    .conststring                             0x08007604   Section       33  testbmk.o(.conststring)
    .conststring                             0x08007628   Section       36  testbmk.o(.conststring)
    .conststring                             0x0800764c   Section       34  testbmk.o(.conststring)
    .conststring                             0x08007670   Section       31  testbmk.o(.conststring)
    .conststring                             0x08007690   Section       25  testbmk.o(.conststring)
    .conststring                             0x080076ac   Section       41  testdyn.o(.conststring)
    .conststring                             0x080076d8   Section       48  testdyn.o(.conststring)
    .conststring                             0x08007708   Section       38  testdyn.o(.conststring)
    .conststring                             0x08007730   Section       34  testevt.o(.conststring)
    .conststring                             0x08007754   Section       27  testevt.o(.conststring)
    .conststring                             0x08007770   Section       17  testevt.o(.conststring)
    .conststring                             0x08007784   Section       40  testheap.o(.conststring)
    .conststring                             0x080077ac   Section       32  testmbox.o(.conststring)
    .conststring                             0x080077cc   Section       15  testmsg.o(.conststring)
    .conststring                             0x080077dc   Section       33  testmtx.o(.conststring)
    .conststring                             0x08007800   Section       43  testmtx.o(.conststring)
    .conststring                             0x0800782c   Section       44  testmtx.o(.conststring)
    .conststring                             0x08007858   Section       25  testmtx.o(.conststring)
    .conststring                             0x08007874   Section       16  testmtx.o(.conststring)
    .conststring                             0x08007884   Section       21  testmtx.o(.conststring)
    .conststring                             0x0800789c   Section       24  testmtx.o(.conststring)
    .conststring                             0x080078b4   Section       20  testmtx.o(.conststring)
    .conststring                             0x080078c8   Section       28  testpools.o(.conststring)
    .conststring                             0x080078e4   Section       21  testqueues.o(.conststring)
    .conststring                             0x080078fc   Section       22  testqueues.o(.conststring)
    .conststring                             0x08007914   Section       22  testsem.o(.conststring)
    .conststring                             0x0800792c   Section       20  testsem.o(.conststring)
    .conststring                             0x08007940   Section       31  testsem.o(.conststring)
    .conststring                             0x08007960   Section       33  testsem.o(.conststring)
    .conststring                             0x08007984   Section       27  testthd.o(.conststring)
    .conststring                             0x080079a0   Section       27  testthd.o(.conststring)
    .conststring                             0x080079bc   Section       25  testthd.o(.conststring)
    .conststring                             0x080079d8   Section       16  testthd.o(.conststring)
    .data                                    0x20000000   Section        8  chmemcore.o(.data)
    nextmem                                  0x20000000   Data           4  chmemcore.o(.data)
    endmem                                   0x20000004   Data           4  chmemcore.o(.data)
    .data                                    0x20000008   Section        4  spi_lld.o(.data)
    dummytx                                  0x20000008   Data           2  spi_lld.o(.data)
    dummyrx                                  0x2000000a   Data           2  spi_lld.o(.data)
    .data                                    0x2000000c   Section        4  stm32_dma.o(.data)
    dma_streams_mask                         0x2000000c   Data           4  stm32_dma.o(.data)
    .data                                    0x20000010   Section       64  test.o(.data)
    local_fail                               0x20000010   Data           1  test.o(.data)
    global_fail                              0x20000011   Data           1  test.o(.data)
    failpoint                                0x20000014   Data           4  test.o(.data)
    tokp                                     0x20000018   Data           4  test.o(.data)
    chp                                      0x2000001c   Data           4  test.o(.data)
    patterns                                 0x20000020   Data          48  test.o(.data)
    .data                                    0x20000050   Section        8  testevt.o(.data)
    es1                                      0x20000050   Data           4  testevt.o(.data)
    es2                                      0x20000054   Data           4  testevt.o(.data)
    .data                                    0x20000058   Section       40  testmbox.o(.data)
    mb1                                      0x20000058   Data          40  testmbox.o(.data)
    .data                                    0x20000080   Section       40  testmtx.o(.data)
    c1                                       0x20000080   Data           8  testmtx.o(.data)
    m1                                       0x20000088   Data          16  testmtx.o(.data)
    m2                                       0x20000098   Data          16  testmtx.o(.data)
    .data                                    0x200000a8   Section       12  testpools.o(.data)
    mp1                                      0x200000a8   Data          12  testpools.o(.data)
    .data                                    0x200000b4   Section       72  testqueues.o(.data)
    iq                                       0x200000b4   Data          36  testqueues.o(.data)
    oq                                       0x200000d8   Data          36  testqueues.o(.data)
    .data                                    0x200000fc   Section       12  testsem.o(.data)
    sem1                                     0x200000fc   Data          12  testsem.o(.data)
    .data                                    0x20000108   Section       52  main.o(.data)
    pwmcfg                                   0x20000108   Data          52  main.o(.data)
    .bss                                     0x20000140   Section       32  chheap.o(.bss)
    default_heap                             0x20000140   Data          32  chheap.o(.bss)
    .bss                                     0x20000160   Section    16000  chmemcore.o(.bss)
    buffer                                   0x20000160   Data       16000  chmemcore.o(.bss)
    .bss                                     0x20003fe0   Section       28  chschd.o(.bss)
    .bss                                     0x20004000   Section      264  chsys.o(.bss)
    mainthread                               0x20004000   Data          72  chsys.o(.bss)
    .bss                                     0x20004108   Section       16  chvt.o(.bss)
    .bss                                     0x20004118   Section       52  adc_lld.o(.bss)
    .bss                                     0x2000414c   Section       20  pwm_lld.o(.bss)
    .bss                                     0x20004160   Section      120  serial_lld.o(.bss)
    .bss                                     0x200041d8   Section       48  spi_lld.o(.bss)
    .bss                                     0x20004208   Section      128  stm32_dma.o(.bss)
    dma_isr_redir                            0x20004208   Data         128  stm32_dma.o(.bss)
    .bss                                     0x20004288   Section       56  test.o(.bss)
    tokens_buffer                            0x20004288   Data          16  test.o(.bss)
    vt                                       0x200042ac   Data          20  test.o(.bss)
    .bss                                     0x200042c0   Section     1520  test.o(.bss)
    .bss                                     0x200048b0   Section      120  testbmk.o(.bss)
    ib                                       0x200048b0   Data          16  testbmk.o(.bss)
    iq                                       0x200048c0   Data          36  testbmk.o(.bss)
    vt1                                      0x200048e4   Data          20  testbmk.o(.bss)
    vt2                                      0x200048f8   Data          20  testbmk.o(.bss)
    sem1                                     0x2000490c   Data          12  testbmk.o(.bss)
    mtx1                                     0x20004918   Data          16  testbmk.o(.bss)
    .bss                                     0x20004928   Section       44  testdyn.o(.bss)
    heap1                                    0x20004928   Data          32  testdyn.o(.bss)
    mp1                                      0x20004948   Data          12  testdyn.o(.bss)
    .bss                                     0x20004958   Section       32  testheap.o(.bss)
    test_heap                                0x20004958   Data          32  testheap.o(.bss)
    .bss                                     0x20004978   Section      320  main.o(.bss)
    samples                                  0x20004978   Data          16  main.o(.bss)
    waThread1                                0x20004988   Data         304  main.o(.bss)
    CSTACK                                   0x20004ab8   Section     1024  cstartup.o(CSTACK)
    proc_stack_mem                           0x20004ab8   Data        1024  cstartup.o(CSTACK)
    HEAP                                     0x20004eb8   Section     1024  cstartup.o(HEAP)
    Heap_Mem                                 0x20004eb8   Data        1024  cstartup.o(HEAP)
    MSTACK                                   0x200052b8   Section     1024  cstartup.o(MSTACK)

    Global Symbols

    Symbol Name                              Value     Ov Type        Size  Object(Section)

    BuildAttributes$$THM_ISAv4$E$P$D$K$B$S$7EM$VFPi3$EXTD16$VFPS$VFMA$PE$A:L22UL41UL21$X:L11$S22US41US21$IEEE1$IW$USESV6$~STKCKD$USESV7$~SHL$OTIME$ROPI$EBA8$UX$STANDARDLIB$REQ8$PRES8$EABIv2 0x00000000   Number         0  anon$$obj.o ABSOLUTE
    __ARM_use_no_argv                        0x00000000   Number         0  main.o ABSOLUTE
    __ARM_exceptions_init                     - Undefined Weak Reference
    __alloca_initialize                       - Undefined Weak Reference
    __arm_preinit_                            - Undefined Weak Reference
    __cpp_initialize__aeabi_                  - Undefined Weak Reference
    __cxa_finalize                            - Undefined Weak Reference
    __rt_locale                               - Undefined Weak Reference
    __sigvec_lookup                           - Undefined Weak Reference
    _atexit_init                              - Undefined Weak Reference
    _call_atexit_fns                          - Undefined Weak Reference
    _clock_init                               - Undefined Weak Reference
    _fp_trap_init                             - Undefined Weak Reference
    _fp_trap_shutdown                         - Undefined Weak Reference
    _get_lc_collate                           - Undefined Weak Reference
    _get_lc_ctype                             - Undefined Weak Reference
    _get_lc_monetary                          - Undefined Weak Reference
    _get_lc_numeric                           - Undefined Weak Reference
    _get_lc_time                              - Undefined Weak Reference
    _getenv_init                              - Undefined Weak Reference
    _handle_redirection                       - Undefined Weak Reference
    _init_alloc                               - Undefined Weak Reference
    _init_user_alloc                          - Undefined Weak Reference
    _initio                                   - Undefined Weak Reference
    _rand_init                                - Undefined Weak Reference
    _signal_finish                            - Undefined Weak Reference
    _signal_init                              - Undefined Weak Reference
    _terminate_alloc                          - Undefined Weak Reference
    _terminate_user_alloc                     - Undefined Weak Reference
    _terminateio                              - Undefined Weak Reference
    __Vectors                                0x08000000   Data           0  vectors.o(RESET)
    __main                                   0x08000189   Thumb Code     8  __main.o(!!!main)
    __scatterload                            0x08000191   Thumb Code     0  __scatter.o(!!!scatter)
    __scatterload_rt2                        0x08000191   Thumb Code    44  __scatter.o(!!!scatter)
    __scatterload_rt2_thumb_only             0x08000191   Thumb Code     0  __scatter.o(!!!scatter)
    __scatterload_null                       0x0800019f   Thumb Code     0  __scatter.o(!!!scatter)
    __decompress                             0x080001c5   Thumb Code    90  __dczerorl2.o(!!dczerorl2)
    __decompress1                            0x080001c5   Thumb Code     0  __dczerorl2.o(!!dczerorl2)
    __scatterload_zeroinit                   0x08000221   Thumb Code    28  __scatter_zi.o(!!handler_zi)
    __rt_lib_init                            0x0800023d   Thumb Code     0  libinit.o(.ARM.Collect$$libinit$$00000000)
    __rt_lib_init_fp_1                       0x0800023f   Thumb Code     0  libinit2.o(.ARM.Collect$$libinit$$00000001)
    __rt_lib_init_alloca_1                   0x08000243   Thumb Code     0  libinit2.o(.ARM.Collect$$libinit$$0000002E)
    __rt_lib_init_argv_1                     0x08000243   Thumb Code     0  libinit2.o(.ARM.Collect$$libinit$$0000002C)
    __rt_lib_init_atexit_1                   0x08000243   Thumb Code     0  libinit2.o(.ARM.Collect$$libinit$$0000001B)
    __rt_lib_init_clock_1                    0x08000243   Thumb Code     0  libinit2.o(.ARM.Collect$$libinit$$00000021)
    __rt_lib_init_cpp_1                      0x08000243   Thumb Code     0  libinit2.o(.ARM.Collect$$libinit$$00000032)
    __rt_lib_init_exceptions_1               0x08000243   Thumb Code     0  libinit2.o(.ARM.Collect$$libinit$$00000030)
    __rt_lib_init_fp_trap_1                  0x08000243   Thumb Code     0  libinit2.o(.ARM.Collect$$libinit$$0000001F)
    __rt_lib_init_getenv_1                   0x08000243   Thumb Code     0  libinit2.o(.ARM.Collect$$libinit$$00000023)
    __rt_lib_init_heap_1                     0x08000243   Thumb Code     0  libinit2.o(.ARM.Collect$$libinit$$0000000A)
    __rt_lib_init_lc_collate_1               0x08000243   Thumb Code     0  libinit2.o(.ARM.Collect$$libinit$$00000011)
    __rt_lib_init_lc_ctype_1                 0x08000243   Thumb Code     0  libinit2.o(.ARM.Collect$$libinit$$00000013)
    __rt_lib_init_lc_monetary_1              0x08000243   Thumb Code     0  libinit2.o(.ARM.Collect$$libinit$$00000015)
    __rt_lib_init_lc_numeric_1               0x08000243   Thumb Code     0  libinit2.o(.ARM.Collect$$libinit$$00000017)
    __rt_lib_init_lc_time_1                  0x08000243   Thumb Code     0  libinit2.o(.ARM.Collect$$libinit$$00000019)
    __rt_lib_init_preinit_1                  0x08000243   Thumb Code     0  libinit2.o(.ARM.Collect$$libinit$$00000004)
    __rt_lib_init_rand_1                     0x08000243   Thumb Code     0  libinit2.o(.ARM.Collect$$libinit$$0000000E)
    __rt_lib_init_return                     0x08000243   Thumb Code     0  libinit2.o(.ARM.Collect$$libinit$$00000033)
    __rt_lib_init_signal_1                   0x08000243   Thumb Code     0  libinit2.o(.ARM.Collect$$libinit$$0000001D)
    __rt_lib_init_stdio_1                    0x08000243   Thumb Code     0  libinit2.o(.ARM.Collect$$libinit$$00000025)
    __rt_lib_init_user_alloc_1               0x08000243   Thumb Code     0  libinit2.o(.ARM.Collect$$libinit$$0000000C)
    __rt_lib_shutdown                        0x08000245   Thumb Code     0  libshutdown.o(.ARM.Collect$$libshutdown$$00000000)
    __rt_lib_shutdown_fp_trap_1              0x08000247   Thumb Code     0  libshutdown2.o(.ARM.Collect$$libshutdown$$00000006)
    __rt_lib_shutdown_heap_1                 0x08000247   Thumb Code     0  libshutdown2.o(.ARM.Collect$$libshutdown$$0000000E)
    __rt_lib_shutdown_return                 0x08000247   Thumb Code     0  libshutdown2.o(.ARM.Collect$$libshutdown$$0000000F)
    __rt_lib_shutdown_signal_1               0x08000247   Thumb Code     0  libshutdown2.o(.ARM.Collect$$libshutdown$$00000009)
    __rt_lib_shutdown_stdio_1                0x08000247   Thumb Code     0  libshutdown2.o(.ARM.Collect$$libshutdown$$00000003)
    __rt_lib_shutdown_user_alloc_1           0x08000247   Thumb Code     0  libshutdown2.o(.ARM.Collect$$libshutdown$$0000000B)
    __rt_entry                               0x08000249   Thumb Code     0  __rtentry.o(.ARM.Collect$$rtentry$$00000000)
    __rt_entry_presh_1                       0x08000249   Thumb Code     0  __rtentry2.o(.ARM.Collect$$rtentry$$00000002)
    __rt_entry_sh                            0x08000249   Thumb Code     0  __rtentry5.o(.ARM.Collect$$rtentry$$00000005)
    __rt_entry_li                            0x0800024d   Thumb Code     0  __rtentry2.o(.ARM.Collect$$rtentry$$0000000A)
    __rt_entry_postsh_1                      0x0800024d   Thumb Code     0  __rtentry2.o(.ARM.Collect$$rtentry$$00000009)
    __rt_entry_main                          0x08000251   Thumb Code     0  __rtentry2.o(.ARM.Collect$$rtentry$$0000000D)
    __rt_entry_postli_1                      0x08000251   Thumb Code     0  __rtentry2.o(.ARM.Collect$$rtentry$$0000000C)
    __rt_exit                                0x0800025d   Thumb Code     0  rtexit.o(.ARM.Collect$$rtexit$$00000000)
    __rt_exit_ls                             0x0800025f   Thumb Code     0  rtexit2.o(.ARM.Collect$$rtexit$$00000003)
    __rt_exit_prels_1                        0x0800025f   Thumb Code     0  rtexit2.o(.ARM.Collect$$rtexit$$00000002)
    __rt_exit_exit                           0x08000263   Thumb Code     0  rtexit2.o(.ARM.Collect$$rtexit$$00000004)
    __early_init                             0x08000269   Thumb Code     4  board.o(.text)
    boardInit                                0x0800026d   Thumb Code     2  board.o(.text)
    Reset_Handler                            0x08000271   Thumb Code    36  cstartup.o(.text)
    __user_initial_stackheap                 0x08000299   Thumb Code     0  cstartup.o(.text)
    _port_switch                             0x080002c1   Thumb Code    16  chcoreasm_v7m.o(.text)
    _port_thread_start                       0x080002d1   Thumb Code    14  chcoreasm_v7m.o(.text)
    _port_switch_from_isr                    0x080002df   Thumb Code     6  chcoreasm_v7m.o(.text)
    _port_exit_from_isr                      0x080002e3   Thumb Code     0  chcoreasm_v7m.o(.text)
    port_halt                                0x080002e5   Thumb Code     4  chcore.o(.text)
    _port_irq_epilogue                       0x080002e9   Thumb Code    76  chcore_v7m.o(.text)
    SysTickVector                            0x08000335   Thumb Code    90  chcore_v7m.o(.text)
    SVCallVector                             0x0800038f   Thumb Code    18  chcore_v7m.o(.text)
    _port_init                               0x080003a1   Thumb Code    42  chcore_v7m.o(.text)
    BusFaultVector                           0x080003e5   Thumb Code     0  vectors.o(.text)
    DebugMonitorVector                       0x080003e5   Thumb Code     0  vectors.o(.text)
    HardFaultVector                          0x080003e5   Thumb Code     0  vectors.o(.text)
    MemManageVector                          0x080003e5   Thumb Code     0  vectors.o(.text)
    NMIVector                                0x080003e5   Thumb Code     0  vectors.o(.text)
    PendSVVector                             0x080003e5   Thumb Code     0  vectors.o(.text)
    UsageFaultVector                         0x080003e5   Thumb Code     0  vectors.o(.text)
    Vector100                                0x080003e5   Thumb Code     0  vectors.o(.text)
    Vector104                                0x080003e5   Thumb Code     0  vectors.o(.text)
    Vector108                                0x080003e5   Thumb Code     0  vectors.o(.text)
    Vector10C                                0x080003e5   Thumb Code     0  vectors.o(.text)
    Vector110                                0x080003e5   Thumb Code     0  vectors.o(.text)
    Vector114                                0x080003e5   Thumb Code     0  vectors.o(.text)
    Vector118                                0x080003e5   Thumb Code     0  vectors.o(.text)
    Vector11C                                0x080003e5   Thumb Code     0  vectors.o(.text)
    Vector134                                0x080003e5   Thumb Code     0  vectors.o(.text)
    Vector138                                0x080003e5   Thumb Code     0  vectors.o(.text)
    Vector13C                                0x080003e5   Thumb Code     0  vectors.o(.text)
    Vector140                                0x080003e5   Thumb Code     0  vectors.o(.text)
    Vector144                                0x080003e5   Thumb Code     0  vectors.o(.text)
    Vector148                                0x080003e5   Thumb Code     0  vectors.o(.text)
    Vector14C                                0x080003e5   Thumb Code     0  vectors.o(.text)
    Vector15C                                0x080003e5   Thumb Code     0  vectors.o(.text)
    Vector160                                0x080003e5   Thumb Code     0  vectors.o(.text)
    Vector164                                0x080003e5   Thumb Code     0  vectors.o(.text)
    Vector168                                0x080003e5   Thumb Code     0  vectors.o(.text)
    Vector16C                                0x080003e5   Thumb Code     0  vectors.o(.text)
    Vector170                                0x080003e5   Thumb Code     0  vectors.o(.text)
    Vector174                                0x080003e5   Thumb Code     0  vectors.o(.text)
    Vector178                                0x080003e5   Thumb Code     0  vectors.o(.text)
    Vector17C                                0x080003e5   Thumb Code     0  vectors.o(.text)
    Vector180                                0x080003e5   Thumb Code     0  vectors.o(.text)
    Vector184                                0x080003e5   Thumb Code     0  vectors.o(.text)
    Vector1C                                 0x080003e5   Thumb Code     0  vectors.o(.text)
    Vector20                                 0x080003e5   Thumb Code     0  vectors.o(.text)
    Vector24                                 0x080003e5   Thumb Code     0  vectors.o(.text)
    Vector28                                 0x080003e5   Thumb Code     0  vectors.o(.text)
    Vector34                                 0x080003e5   Thumb Code     0  vectors.o(.text)
    Vector40                                 0x080003e5   Thumb Code     0  vectors.o(.text)
    Vector44                                 0x080003e5   Thumb Code     0  vectors.o(.text)
    Vector48                                 0x080003e5   Thumb Code     0  vectors.o(.text)
    Vector4C                                 0x080003e5   Thumb Code     0  vectors.o(.text)
    Vector50                                 0x080003e5   Thumb Code     0  vectors.o(.text)
    Vector54                                 0x080003e5   Thumb Code     0  vectors.o(.text)
    Vector58                                 0x080003e5   Thumb Code     0  vectors.o(.text)
    Vector5C                                 0x080003e5   Thumb Code     0  vectors.o(.text)
    Vector60                                 0x080003e5   Thumb Code     0  vectors.o(.text)
    Vector64                                 0x080003e5   Thumb Code     0  vectors.o(.text)
    Vector68                                 0x080003e5   Thumb Code     0  vectors.o(.text)
    Vector8C                                 0x080003e5   Thumb Code     0  vectors.o(.text)
    Vector90                                 0x080003e5   Thumb Code     0  vectors.o(.text)
    Vector94                                 0x080003e5   Thumb Code     0  vectors.o(.text)
    Vector98                                 0x080003e5   Thumb Code     0  vectors.o(.text)
    Vector9C                                 0x080003e5   Thumb Code     0  vectors.o(.text)
    VectorA0                                 0x080003e5   Thumb Code     0  vectors.o(.text)
    VectorA4                                 0x080003e5   Thumb Code     0  vectors.o(.text)
    VectorA8                                 0x080003e5   Thumb Code     0  vectors.o(.text)
    VectorAC                                 0x080003e5   Thumb Code     0  vectors.o(.text)
    VectorB0                                 0x080003e5   Thumb Code     0  vectors.o(.text)
    VectorB4                                 0x080003e5   Thumb Code     0  vectors.o(.text)
    VectorBC                                 0x080003e5   Thumb Code     0  vectors.o(.text)
    VectorC0                                 0x080003e5   Thumb Code     0  vectors.o(.text)
    VectorC4                                 0x080003e5   Thumb Code     0  vectors.o(.text)
    VectorC8                                 0x080003e5   Thumb Code     0  vectors.o(.text)
    VectorCC                                 0x080003e5   Thumb Code     0  vectors.o(.text)
    VectorD0                                 0x080003e5   Thumb Code     0  vectors.o(.text)
    VectorD4                                 0x080003e5   Thumb Code     0  vectors.o(.text)
    VectorDC                                 0x080003e5   Thumb Code     0  vectors.o(.text)
    VectorE0                                 0x080003e5   Thumb Code     0  vectors.o(.text)
    VectorE4                                 0x080003e5   Thumb Code     0  vectors.o(.text)
    VectorE8                                 0x080003e5   Thumb Code     0  vectors.o(.text)
    VectorEC                                 0x080003e5   Thumb Code     0  vectors.o(.text)
    VectorF0                                 0x080003e5   Thumb Code     0  vectors.o(.text)
    VectorF4                                 0x080003e5   Thumb Code     0  vectors.o(.text)
    VectorF8                                 0x080003e5   Thumb Code     0  vectors.o(.text)
    _unhandled_exception                     0x080003e5   Thumb Code     2  vectors.o(.text)
    nvicEnableVector                         0x080003e7   Thumb Code    64  nvic.o(.text)
    nvicDisableVector                        0x08000427   Thumb Code    54  nvic.o(.text)
    nvicSetSystemHandlerPriority             0x0800045d   Thumb Code    38  nvic.o(.text)
    chCondInit                               0x08000485   Thumb Code     6  chcond.o(.text)
    chCondSignal                             0x0800048b   Thumb Code    36  chcond.o(.text)
    chCondSignalI                            0x080004af   Thumb Code    28  chcond.o(.text)
    chCondBroadcastI                         0x080004cb   Thumb Code    38  chcond.o(.text)
    chCondBroadcast                          0x080004f1   Thumb Code    54  chcond.o(.text)
    chCondWaitS                              0x08000527   Thumb Code    66  chcond.o(.text)
    chCondWait                               0x08000569   Thumb Code    78  chcond.o(.text)
    chCondWaitTimeoutS                       0x080005b7   Thumb Code    76  chcond.o(.text)
    chCondWaitTimeout                        0x08000603   Thumb Code    88  chcond.o(.text)
    chThdAddRef                              0x08000661   Thumb Code    20  chdynamic.o(.text)
    chThdRelease                             0x08000675   Thumb Code    86  chdynamic.o(.text)
    chThdCreateFromHeap                      0x080006cb   Thumb Code    62  chdynamic.o(.text)
    chThdCreateFromMemoryPool                0x08000709   Thumb Code    64  chdynamic.o(.text)
    chEvtRegisterMask                        0x08000749   Thumb Code    30  chevents.o(.text)
    chEvtUnregister                          0x08000767   Thumb Code    42  chevents.o(.text)
    chEvtGetAndClearEvents                   0x08000791   Thumb Code    32  chevents.o(.text)
    chEvtAddEvents                           0x080007b1   Thumb Code    24  chevents.o(.text)
    chEvtSignalI                             0x080007c9   Thumb Code    46  chevents.o(.text)
    chEvtBroadcastFlagsI                     0x080007f7   Thumb Code    78  chevents.o(.text)
    chEvtGetAndClearFlags                    0x08000845   Thumb Code    20  chevents.o(.text)
    chEvtSignal                              0x08000859   Thumb Code    58  chevents.o(.text)
    chEvtBroadcastFlags                      0x08000893   Thumb Code    88  chevents.o(.text)
    chEvtGetAndClearFlagsI                   0x080008eb   Thumb Code    10  chevents.o(.text)
    chEvtDispatch                            0x080008f5   Thumb Code    48  chevents.o(.text)
    chEvtWaitOne                             0x08000925   Thumb Code    50  chevents.o(.text)
    chEvtWaitAny                             0x08000957   Thumb Code    46  chevents.o(.text)
    chEvtWaitAll                             0x08000985   Thumb Code    46  chevents.o(.text)
    chEvtWaitOneTimeout                      0x080009b3   Thumb Code    68  chevents.o(.text)
    chEvtWaitAnyTimeout                      0x080009f7   Thumb Code    64  chevents.o(.text)
    chEvtWaitAllTimeout                      0x08000a37   Thumb Code    62  chevents.o(.text)
    _heap_init                               0x08000a79   Thumb Code    22  chheap.o(.text)
    chHeapInit                               0x08000a8f   Thumb Code    20  chheap.o(.text)
    chHeapAlloc                              0x08000aa3   Thumb Code   128  chheap.o(.text)
    chHeapFree                               0x08000b23   Thumb Code   106  chheap.o(.text)
    chHeapStatus                             0x08000b8d   Thumb Code    54  chheap.o(.text)
    chMBInit                                 0x08000bcd   Thumb Code    40  chmboxes.o(.text)
    chMBReset                                0x08000bf5   Thumb Code    52  chmboxes.o(.text)
    chMBPostS                                0x08000c29   Thumb Code    54  chmboxes.o(.text)
    chMBPost                                 0x08000c5f   Thumb Code    66  chmboxes.o(.text)
    chMBPostI                                0x08000ca1   Thumb Code    48  chmboxes.o(.text)
    chMBPostAheadS                           0x08000cd1   Thumb Code    54  chmboxes.o(.text)
    chMBPostAhead                            0x08000d07   Thumb Code    66  chmboxes.o(.text)
    chMBPostAheadI                           0x08000d49   Thumb Code    48  chmboxes.o(.text)
    chMBFetchS                               0x08000d79   Thumb Code    56  chmboxes.o(.text)
    chMBFetch                                0x08000db1   Thumb Code    68  chmboxes.o(.text)
    chMBFetchI                               0x08000df5   Thumb Code    50  chmboxes.o(.text)
    _core_init                               0x08000e29   Thumb Code    14  chmemcore.o(.text)
    chCoreAllocI                             0x08000e37   Thumb Code    26  chmemcore.o(.text)
    chCoreAlloc                              0x08000e51   Thumb Code    40  chmemcore.o(.text)
    chCoreStatus                             0x08000e79   Thumb Code    10  chmemcore.o(.text)
    chPoolInit                               0x08000e8d   Thumb Code    10  chmempools.o(.text)
    chPoolFreeI                              0x08000e97   Thumb Code     8  chmempools.o(.text)
    chPoolFree                               0x08000e9f   Thumb Code    20  chmempools.o(.text)
    chPoolLoadArray                          0x08000eb3   Thumb Code    40  chmempools.o(.text)
    chPoolAllocI                             0x08000edb   Thumb Code    26  chmempools.o(.text)
    chPoolAlloc                              0x08000ef5   Thumb Code    38  chmempools.o(.text)
    chMsgSend                                0x08000f1d   Thumb Code    58  chmsg.o(.text)
    chMsgWait                                0x08000f57   Thumb Code    50  chmsg.o(.text)
    chMsgRelease                             0x08000f89   Thumb Code    20  chmsg.o(.text)
    chMtxInit                                0x08000fa1   Thumb Code    10  chmtx.o(.text)
    chMtxLockS                               0x08000fab   Thumb Code   210  chmtx.o(.text)
    chMtxLock                                0x0800107d   Thumb Code    20  chmtx.o(.text)
    chMtxTryLockS                            0x08001091   Thumb Code    30  chmtx.o(.text)
    chMtxTryLock                             0x080010af   Thumb Code    42  chmtx.o(.text)
    chMtxUnlock                              0x080010d9   Thumb Code    86  chmtx.o(.text)
    chMtxUnlockS                             0x0800112f   Thumb Code    78  chmtx.o(.text)
    chMtxUnlockAll                           0x0800117d   Thumb Code    72  chmtx.o(.text)
    chIQInit                                 0x080011c9   Thumb Code    32  chqueues.o(.text)
    chIQResetI                               0x080011e9   Thumb Code    46  chqueues.o(.text)
    chIQPutI                                 0x08001217   Thumb Code    70  chqueues.o(.text)
    chIQGetTimeout                           0x0800125d   Thumb Code   108  chqueues.o(.text)
    chIQReadTimeout                          0x080012c9   Thumb Code   146  chqueues.o(.text)
    chOQInit                                 0x0800135b   Thumb Code    26  chqueues.o(.text)
    chOQResetI                               0x08001375   Thumb Code    48  chqueues.o(.text)
    chOQPutTimeout                           0x080013a5   Thumb Code   126  chqueues.o(.text)
    chOQGetI                                 0x08001423   Thumb Code    68  chqueues.o(.text)
    chOQWriteTimeout                         0x08001467   Thumb Code   144  chqueues.o(.text)
    chRegFirstThread                         0x080014fd   Thumb Code    24  chregistry.o(.text)
    chRegNextThread                          0x08001515   Thumb Code    40  chregistry.o(.text)
    _scheduler_init                          0x08001541   Thumb Code    16  chschd.o(.text)
    chSchReadyI                              0x08001551   Thumb Code    30  chschd.o(.text)
    chSchGoSleepS                            0x0800156f   Thumb Code    36  chschd.o(.text)
    chSchGoSleepTimeoutS                     0x080015f3   Thumb Code   102  chschd.o(.text)
    chSchWakeupS                             0x08001659   Thumb Code    94  chschd.o(.text)
    chSchDoRescheduleAhead                   0x080016b7   Thumb Code    62  chschd.o(.text)
    chSchRescheduleS                         0x080016f5   Thumb Code    74  chschd.o(.text)
    chSchDoRescheduleBehind                  0x0800173f   Thumb Code    66  chschd.o(.text)
    chSchDoReschedule                        0x08001781   Thumb Code   118  chschd.o(.text)
    chSemInit                                0x08001801   Thumb Code     8  chsem.o(.text)
    chSemResetI                              0x08001809   Thumb Code    42  chsem.o(.text)
    chSemReset                               0x08001833   Thumb Code    58  chsem.o(.text)
    chSemWaitS                               0x0800186d   Thumb Code    44  chsem.o(.text)
    chSemWait                                0x08001899   Thumb Code    56  chsem.o(.text)
    chSemWaitTimeoutS                        0x080018d1   Thumb Code    48  chsem.o(.text)
    chSemWaitTimeout                         0x08001901   Thumb Code    64  chsem.o(.text)
    chSemSignal                              0x08001941   Thumb Code    42  chsem.o(.text)
    chSemSignalI                             0x0800196b   Thumb Code    30  chsem.o(.text)
    chSemAddCounterI                         0x08001989   Thumb Code    46  chsem.o(.text)
    chSemSignalWait                          0x080019b7   Thumb Code    86  chsem.o(.text)
    _idle_thread                             0x08001a11   Thumb Code    10  chsys.o(.text)
    chSysInit                                0x08001a1b   Thumb Code    68  chsys.o(.text)
    chSysTimerHandlerI                       0x08001a5f   Thumb Code    88  chsys.o(.text)
    _thread_init                             0x08001ad5   Thumb Code    56  chthreads.o(.text)
    chThdCreateI                             0x08001b0d   Thumb Code    80  chthreads.o(.text)
    chThdCreateStatic                        0x08001b5d   Thumb Code   102  chthreads.o(.text)
    chThdSetPriority                         0x08001bc3   Thumb Code    44  chthreads.o(.text)
    chThdResume                              0x08001bef   Thumb Code    26  chthreads.o(.text)
    chThdTerminate                           0x08001c09   Thumb Code    22  chthreads.o(.text)
    chThdSleep                               0x08001c1f   Thumb Code    24  chthreads.o(.text)
    chThdSleepUntil                          0x08001c37   Thumb Code    30  chthreads.o(.text)
    chThdYield                               0x08001c55   Thumb Code    34  chthreads.o(.text)
    chThdExitS                               0x08001c77   Thumb Code    62  chthreads.o(.text)
    chThdExit                                0x08001cb5   Thumb Code    68  chthreads.o(.text)
    chThdWait                                0x08001cf9   Thumb Code    50  chthreads.o(.text)
    _vt_init                                 0x08001d39   Thumb Code    18  chvt.o(.text)
    chVTSetI                                 0x08001d4b   Thumb Code    56  chvt.o(.text)
    chVTResetI                               0x08001d83   Thumb Code    34  chvt.o(.text)
    adcInit                                  0x08001da9   Thumb Code     4  adc.o(.text)
    adcObjectInit                            0x08001dad   Thumb Code    32  adc.o(.text)
    adcStart                                 0x08001dcd   Thumb Code    30  adc.o(.text)
    adcStop                                  0x08001deb   Thumb Code    28  adc.o(.text)
    adcStartConversionI                      0x08001e07   Thumb Code    14  adc.o(.text)
    adcStartConversion                       0x08001e15   Thumb Code    32  adc.o(.text)
    adcStopConversion                        0x08001e35   Thumb Code    48  adc.o(.text)
    adcStopConversionI                       0x08001e65   Thumb Code    50  adc.o(.text)
    adcConvert                               0x08001e97   Thumb Code    50  adc.o(.text)
    adcAcquireBus                            0x08001ec9   Thumb Code     6  adc.o(.text)
    adcReleaseBus                            0x08001ecf   Thumb Code     4  adc.o(.text)
    halInit                                  0x08001ed9   Thumb Code    36  hal.o(.text)
    halIsCounterWithin                       0x08001efd   Thumb Code    34  hal.o(.text)
    halPolledDelay                           0x08001f1f   Thumb Code    32  hal.o(.text)
    pwmInit                                  0x08001f49   Thumb Code     4  pwm.o(.text)
    pwmObjectInit                            0x08001f4d   Thumb Code    10  pwm.o(.text)
    pwmStart                                 0x08001f57   Thumb Code    34  pwm.o(.text)
    pwmStop                                  0x08001f79   Thumb Code    28  pwm.o(.text)
    pwmChangePeriod                          0x08001f95   Thumb Code    24  pwm.o(.text)
    pwmEnableChannel                         0x08001fad   Thumb Code    20  pwm.o(.text)
    pwmDisableChannel                        0x08001fc1   Thumb Code    20  pwm.o(.text)
    sdInit                                   0x08002015   Thumb Code     4  serial.o(.text)
    sdObjectInit                             0x08002019   Thumb Code    56  serial.o(.text)
    sdStart                                  0x08002051   Thumb Code    28  serial.o(.text)
    sdStop                                   0x0800206d   Thumb Code    48  serial.o(.text)
    sdIncomingDataI                          0x0800209d   Thumb Code    46  serial.o(.text)
    sdRequestDataI                           0x080020cb   Thumb Code    26  serial.o(.text)
    spiInit                                  0x080020e9   Thumb Code     4  spi.o(.text)
    spiObjectInit                            0x080020ed   Thumb Code    20  spi.o(.text)
    spiStart                                 0x08002101   Thumb Code    30  spi.o(.text)
    spiStop                                  0x0800211f   Thumb Code    34  spi.o(.text)
    spiSelect                                0x08002141   Thumb Code    20  spi.o(.text)
    spiUnselect                              0x08002155   Thumb Code    20  spi.o(.text)
    spiStartIgnore                           0x08002169   Thumb Code    24  spi.o(.text)
    spiStartExchange                         0x08002181   Thumb Code    30  spi.o(.text)
    spiStartSend                             0x0800219f   Thumb Code    24  spi.o(.text)
    spiStartReceive                          0x080021b7   Thumb Code    24  spi.o(.text)
    spiIgnore                                0x080021cf   Thumb Code    40  spi.o(.text)
    spiExchange                              0x080021f7   Thumb Code    40  spi.o(.text)
    spiSend                                  0x0800221f   Thumb Code    40  spi.o(.text)
    spiReceive                               0x08002247   Thumb Code    40  spi.o(.text)
    spiAcquireBus                            0x0800226f   Thumb Code     6  spi.o(.text)
    spiReleaseBus                            0x08002275   Thumb Code     4  spi.o(.text)
    adc_lld_stop_conversion                  0x0800227d   Thumb Code    54  adc_lld.o(.text)
    Vector88                                 0x080023ed   Thumb Code   144  adc_lld.o(.text)
    adc_lld_init                             0x0800247d   Thumb Code    34  adc_lld.o(.text)
    adc_lld_start                            0x0800249f   Thumb Code    84  adc_lld.o(.text)
    adc_lld_stop                             0x080024f3   Thumb Code    48  adc_lld.o(.text)
    adc_lld_start_conversion                 0x08002523   Thumb Code   164  adc_lld.o(.text)
    adcSTM32EnableTSVREFE                    0x080025c7   Thumb Code    16  adc_lld.o(.text)
    adcSTM32DisableTSVREFE                   0x080025d7   Thumb Code    16  adc_lld.o(.text)
    adcSTM32EnableVBATE                      0x080025e7   Thumb Code    16  adc_lld.o(.text)
    adcSTM32DisableVBATE                     0x080025f7   Thumb Code    16  adc_lld.o(.text)
    hal_lld_init                             0x08002625   Thumb Code   130  hal_lld.o(.text)
    stm32_clock_init                         0x080026a7   Thumb Code   194  hal_lld.o(.text)
    _pal_lld_init                            0x080027ad   Thumb Code   354  pal_lld.o(.text)
    _pal_lld_setgroupmode                    0x0800290f   Thumb Code   172  pal_lld.o(.text)
    VectorB8                                 0x080029e9   Thumb Code    98  pwm_lld.o(.text)
    pwm_lld_init                             0x08002a4b   Thumb Code    16  pwm_lld.o(.text)
    pwm_lld_start                            0x08002a5b   Thumb Code   272  pwm_lld.o(.text)
    pwm_lld_stop                             0x08002b6b   Thumb Code    50  pwm_lld.o(.text)
    pwm_lld_enable_channel                   0x08002b9d   Thumb Code    60  pwm_lld.o(.text)
    pwm_lld_disable_channel                  0x08002bd9   Thumb Code    34  pwm_lld.o(.text)
    VectorD8                                 0x08002c1d   Thumb Code   242  serial_lld.o(.text)
    sd_lld_init                              0x08002d0f   Thumb Code    20  serial_lld.o(.text)
    sd_lld_start                             0x08002d23   Thumb Code   110  serial_lld.o(.text)
    sd_lld_stop                              0x08002d91   Thumb Code    42  serial_lld.o(.text)
    spi_lld_init                             0x08002e71   Thumb Code    40  spi_lld.o(.text)
    spi_lld_start                            0x08002e99   Thumb Code   150  spi_lld.o(.text)
    spi_lld_stop                             0x08002f2f   Thumb Code    54  spi_lld.o(.text)
    spi_lld_select                           0x08002f65   Thumb Code    16  spi_lld.o(.text)
    spi_lld_unselect                         0x08002f75   Thumb Code    16  spi_lld.o(.text)
    spi_lld_ignore                           0x08002f85   Thumb Code    70  spi_lld.o(.text)
    spi_lld_exchange                         0x08002fcb   Thumb Code    86  spi_lld.o(.text)
    spi_lld_send                             0x08003021   Thumb Code    84  spi_lld.o(.text)
    spi_lld_receive                          0x08003075   Thumb Code    72  spi_lld.o(.text)
    spi_lld_polled_exchange                  0x080030bd   Thumb Code    18  spi_lld.o(.text)
    Vector6C                                 0x080030f9   Thumb Code    32  stm32_dma.o(.text)
    Vector70                                 0x08003119   Thumb Code    36  stm32_dma.o(.text)
    Vector74                                 0x0800313d   Thumb Code    36  stm32_dma.o(.text)
    Vector78                                 0x08003161   Thumb Code    36  stm32_dma.o(.text)
    Vector7C                                 0x08003185   Thumb Code    32  stm32_dma.o(.text)
    Vector80                                 0x080031a5   Thumb Code    36  stm32_dma.o(.text)
    Vector84                                 0x080031c9   Thumb Code    36  stm32_dma.o(.text)
    VectorFC                                 0x080031ed   Thumb Code    36  stm32_dma.o(.text)
    Vector120                                0x08003211   Thumb Code    34  stm32_dma.o(.text)
    Vector124                                0x08003233   Thumb Code    38  stm32_dma.o(.text)
    Vector128                                0x08003259   Thumb Code    38  stm32_dma.o(.text)
    Vector12C                                0x0800327f   Thumb Code    38  stm32_dma.o(.text)
    Vector130                                0x080032a5   Thumb Code    34  stm32_dma.o(.text)
    Vector150                                0x080032c7   Thumb Code    38  stm32_dma.o(.text)
    Vector154                                0x080032ed   Thumb Code    38  stm32_dma.o(.text)
    Vector158                                0x08003313   Thumb Code    38  stm32_dma.o(.text)
    dmaInit                                  0x08003339   Thumb Code    78  stm32_dma.o(.text)
    dmaStreamAllocate                        0x08003387   Thumb Code   178  stm32_dma.o(.text)
    dmaStreamRelease                         0x08003439   Thumb Code    60  stm32_dma.o(.text)
    test_printn                              0x08003499   Thumb Code    86  test.o(.text)
    test_print                               0x080034ef   Thumb Code    34  test.o(.text)
    test_println                             0x08003511   Thumb Code    46  test.o(.text)
    test_emit_token                          0x0800353f   Thumb Code    24  test.o(.text)
    _test_fail                               0x08003557   Thumb Code    14  test.o(.text)
    _test_assert                             0x08003565   Thumb Code    22  test.o(.text)
    _test_assert_sequence                    0x0800357b   Thumb Code    60  test.o(.text)
    _test_assert_time_window                 0x080035b7   Thumb Code    30  test.o(.text)
    test_terminate_threads                   0x080035d5   Thumb Code    28  test.o(.text)
    test_wait_threads                        0x080035f1   Thumb Code    30  test.o(.text)
    test_cpu_pulse                           0x0800360f   Thumb Code    60  test.o(.text)
    test_wait_tick                           0x0800364b   Thumb Code    14  test.o(.text)
    test_start_timer                         0x08003661   Thumb Code    56  test.o(.text)
    TestThread                               0x08003699   Thumb Code  1456  test.o(.text)
    thread4                                  0x08003e5f   Thumb Code    32  testbmk.o(.text)
    main                                     0x08006dfd   Thumb Code   228  main.o(.text)
    __use_two_region_memory                  0x08006f2d   Thumb Code     2  heapauxi.o(.text)
    __rt_heap_escrow$2region                 0x08006f2f   Thumb Code     2  heapauxi.o(.text)
    __rt_heap_expand$2region                 0x08006f31   Thumb Code     2  heapauxi.o(.text)
    exit                                     0x08006f33   Thumb Code    12  exit.o(.text)
    _sys_exit                                0x08006f41   Thumb Code     8  sys_exit.o(.text)
    __I$use$semihosting                      0x08006f4d   Thumb Code     0  use_no_semi.o(.text)
    __use_no_semihosting_swi                 0x08006f4d   Thumb Code     2  use_no_semi.o(.text)
    __semihosting_library_function           0x08006f4f   Thumb Code     0  indicate_semi.o(.text)
    _fp_init                                 0x08006f4f   Thumb Code    10  fpinit.o(x$fpl$fpinit)
    __fplib_config_fpu_vfp                   0x08006f57   Thumb Code     0  fpinit.o(x$fpl$fpinit)
    __fplib_config_pureend_doubles           0x08006f57   Thumb Code     0  fpinit.o(x$fpl$fpinit)
    pal_default_config                       0x08006f58   Data         252  board.o(.constdata)
    ch_debug                                 0x08007054   Data          22  chregistry.o(.constdata)
    _stm32_dma_streams                       0x08007098   Data         192  stm32_dma.o(.constdata)
    wa                                       0x08007158   Data          20  test.o(.constdata)
    testbmk1                                 0x0800716c   Data          16  testbmk.o(.constdata)
    testbmk2                                 0x0800717c   Data          16  testbmk.o(.constdata)
    testbmk3                                 0x0800718c   Data          16  testbmk.o(.constdata)
    testbmk4                                 0x0800719c   Data          16  testbmk.o(.constdata)
    testbmk5                                 0x080071ac   Data          16  testbmk.o(.constdata)
    testbmk6                                 0x080071bc   Data          16  testbmk.o(.constdata)
    testbmk7                                 0x080071cc   Data          16  testbmk.o(.constdata)
    testbmk8                                 0x080071dc   Data          16  testbmk.o(.constdata)
    testbmk9                                 0x080071ec   Data          16  testbmk.o(.constdata)
    testbmk10                                0x080071fc   Data          16  testbmk.o(.constdata)
    testbmk11                                0x0800720c   Data          16  testbmk.o(.constdata)
    testbmk12                                0x0800721c   Data          16  testbmk.o(.constdata)
    testbmk13                                0x0800722c   Data          16  testbmk.o(.constdata)
    patternbmk                               0x0800723c   Data          56  testbmk.o(.constdata)
    testdyn1                                 0x08007274   Data          16  testdyn.o(.constdata)
    testdyn2                                 0x08007284   Data          16  testdyn.o(.constdata)
    testdyn3                                 0x08007294   Data          16  testdyn.o(.constdata)
    patterndyn                               0x080072a4   Data          16  testdyn.o(.constdata)
    testevt1                                 0x080072c0   Data          16  testevt.o(.constdata)
    testevt2                                 0x080072d0   Data          16  testevt.o(.constdata)
    testevt3                                 0x080072e0   Data          16  testevt.o(.constdata)
    patternevt                               0x080072f0   Data          16  testevt.o(.constdata)
    testheap1                                0x08007300   Data          16  testheap.o(.constdata)
    patternheap                              0x08007310   Data           8  testheap.o(.constdata)
    testmbox1                                0x08007318   Data          16  testmbox.o(.constdata)
    patternmbox                              0x08007328   Data           8  testmbox.o(.constdata)
    testmsg1                                 0x08007330   Data          16  testmsg.o(.constdata)
    patternmsg                               0x08007340   Data           8  testmsg.o(.constdata)
    testmtx1                                 0x08007348   Data          16  testmtx.o(.constdata)
    testmtx2                                 0x08007358   Data          16  testmtx.o(.constdata)
    testmtx3                                 0x08007368   Data          16  testmtx.o(.constdata)
    testmtx4                                 0x08007378   Data          16  testmtx.o(.constdata)
    testmtx5                                 0x08007388   Data          16  testmtx.o(.constdata)
    testmtx6                                 0x08007398   Data          16  testmtx.o(.constdata)
    testmtx7                                 0x080073a8   Data          16  testmtx.o(.constdata)
    testmtx8                                 0x080073b8   Data          16  testmtx.o(.constdata)
    patternmtx                               0x080073c8   Data          36  testmtx.o(.constdata)
    testpools1                               0x080073ec   Data          16  testpools.o(.constdata)
    patternpools                             0x080073fc   Data           8  testpools.o(.constdata)
    testqueues1                              0x08007404   Data          16  testqueues.o(.constdata)
    testqueues2                              0x08007414   Data          16  testqueues.o(.constdata)
    patternqueues                            0x08007424   Data          12  testqueues.o(.constdata)
    testsem1                                 0x08007430   Data          16  testsem.o(.constdata)
    testsem2                                 0x08007440   Data          16  testsem.o(.constdata)
    testsem3                                 0x08007450   Data          16  testsem.o(.constdata)
    testsem4                                 0x08007460   Data          16  testsem.o(.constdata)
    patternsem                               0x08007470   Data          20  testsem.o(.constdata)
    testthd1                                 0x08007484   Data          16  testthd.o(.constdata)
    testthd2                                 0x08007494   Data          16  testthd.o(.constdata)
    testthd3                                 0x080074a4   Data          16  testthd.o(.constdata)
    testthd4                                 0x080074b4   Data          16  testthd.o(.constdata)
    patternthd                               0x080074c4   Data          20  testthd.o(.constdata)
    Region$$Table$$Base                      0x080079e8   Number         0  anon$$obj.o(Region$$Table)
    Region$$Table$$Limit                     0x08007a08   Number         0  anon$$obj.o(Region$$Table)
    test_timer_done                          0x20000012   Data           1  test.o(.data)
    rlist                                    0x20003fe0   Data          28  chschd.o(.bss)
    _idle_thread_wa                          0x20004048   Data         192  chsys.o(.bss)
    vtlist                                   0x20004108   Data          16  chvt.o(.bss)
    ADCD1                                    0x20004118   Data          52  adc_lld.o(.bss)
    PWMD4                                    0x2000414c   Data          20  pwm_lld.o(.bss)
    SD2                                      0x20004160   Data         120  serial_lld.o(.bss)
    SPID2                                    0x200041d8   Data          48  spi_lld.o(.bss)
    threads                                  0x20004298   Data          20  test.o(.bss)
    test                                     0x200042c0   Data        1520  test.o(.bss)
    __main_thread_stack_base__               0x20004ab8   Data           0  cstartup.o(CSTACK)
    __initial_sp                             0x20004eb8   Data           0  cstartup.o(CSTACK)
    __initial_msp                            0x200056b8   Data           0  cstartup.o(MSTACK)



==============================================================================

Memory Map of the image

  Image Entry point : 0x08000189

  Load Region LR_IROM1 (Base: 0x08000000, Size: 0x00007b44, Max: 0x00100000, ABSOLUTE, COMPRESSED[0x00007a98])

    Execution Region ER_IROM1 (Base: 0x08000000, Size: 0x00007a08, Max: 0x00100000, ABSOLUTE)

    Base Addr    Size         Type   Attr      Idx    E Section Name        Object

    0x08000000   0x00000188   Data   RO          292    RESET               vectors.o
    0x08000188   0x00000008   Code   RO         1243  * !!!main             c_w.l(__main.o)
    0x08000190   0x00000034   Code   RO         1406    !!!scatter          c_w.l(__scatter.o)
    0x080001c4   0x0000005a   Code   RO         1404    !!dczerorl2         c_w.l(__dczerorl2.o)
    0x0800021e   0x00000002   PAD
    0x08000220   0x0000001c   Code   RO         1408    !!handler_zi        c_w.l(__scatter_zi.o)
    0x0800023c   0x00000002   Code   RO         1275    .ARM.Collect$$libinit$$00000000  c_w.l(libinit.o)
    0x0800023e   0x00000004   Code   RO         1281    .ARM.Collect$$libinit$$00000001  c_w.l(libinit2.o)
    0x08000242   0x00000000   Code   RO         1284    .ARM.Collect$$libinit$$00000004  c_w.l(libinit2.o)
    0x08000242   0x00000000   Code   RO         1287    .ARM.Collect$$libinit$$0000000A  c_w.l(libinit2.o)
    0x08000242   0x00000000   Code   RO         1289    .ARM.Collect$$libinit$$0000000C  c_w.l(libinit2.o)
    0x08000242   0x00000000   Code   RO         1291    .ARM.Collect$$libinit$$0000000E  c_w.l(libinit2.o)
    0x08000242   0x00000000   Code   RO         1294    .ARM.Collect$$libinit$$00000011  c_w.l(libinit2.o)
    0x08000242   0x00000000   Code   RO         1296    .ARM.Collect$$libinit$$00000013  c_w.l(libinit2.o)
    0x08000242   0x00000000   Code   RO         1298    .ARM.Collect$$libinit$$00000015  c_w.l(libinit2.o)
    0x08000242   0x00000000   Code   RO         1300    .ARM.Collect$$libinit$$00000017  c_w.l(libinit2.o)
    0x08000242   0x00000000   Code   RO         1302    .ARM.Collect$$libinit$$00000019  c_w.l(libinit2.o)
    0x08000242   0x00000000   Code   RO         1304    .ARM.Collect$$libinit$$0000001B  c_w.l(libinit2.o)
    0x08000242   0x00000000   Code   RO         1306    .ARM.Collect$$libinit$$0000001D  c_w.l(libinit2.o)
    0x08000242   0x00000000   Code   RO         1308    .ARM.Collect$$libinit$$0000001F  c_w.l(libinit2.o)
    0x08000242   0x00000000   Code   RO         1310    .ARM.Collect$$libinit$$00000021  c_w.l(libinit2.o)
    0x08000242   0x00000000   Code   RO         1312    .ARM.Collect$$libinit$$00000023  c_w.l(libinit2.o)
    0x08000242   0x00000000   Code   RO         1314    .ARM.Collect$$libinit$$00000025  c_w.l(libinit2.o)
    0x08000242   0x00000000   Code   RO         1318    .ARM.Collect$$libinit$$0000002C  c_w.l(libinit2.o)
    0x08000242   0x00000000   Code   RO         1320    .ARM.Collect$$libinit$$0000002E  c_w.l(libinit2.o)
    0x08000242   0x00000000   Code   RO         1322    .ARM.Collect$$libinit$$00000030  c_w.l(libinit2.o)
    0x08000242   0x00000000   Code   RO         1324    .ARM.Collect$$libinit$$00000032  c_w.l(libinit2.o)
    0x08000242   0x00000002   Code   RO         1325    .ARM.Collect$$libinit$$00000033  c_w.l(libinit2.o)
    0x08000244   0x00000002   Code   RO         1345    .ARM.Collect$$libshutdown$$00000000  c_w.l(libshutdown.o)
    0x08000246   0x00000000   Code   RO         1359    .ARM.Collect$$libshutdown$$00000003  c_w.l(libshutdown2.o)
    0x08000246   0x00000000   Code   RO         1362    .ARM.Collect$$libshutdown$$00000006  c_w.l(libshutdown2.o)
    0x08000246   0x00000000   Code   RO         1365    .ARM.Collect$$libshutdown$$00000009  c_w.l(libshutdown2.o)
    0x08000246   0x00000000   Code   RO         1367    .ARM.Collect$$libshutdown$$0000000B  c_w.l(libshutdown2.o)
    0x08000246   0x00000000   Code   RO         1370    .ARM.Collect$$libshutdown$$0000000E  c_w.l(libshutdown2.o)
    0x08000246   0x00000002   Code   RO         1371    .ARM.Collect$$libshutdown$$0000000F  c_w.l(libshutdown2.o)
    0x08000248   0x00000000   Code   RO         1245    .ARM.Collect$$rtentry$$00000000  c_w.l(__rtentry.o)
    0x08000248   0x00000000   Code   RO         1247    .ARM.Collect$$rtentry$$00000002  c_w.l(__rtentry2.o)
    0x08000248   0x00000004   Code   RO         1261    .ARM.Collect$$rtentry$$00000005  c_w.l(__rtentry5.o)
    0x0800024c   0x00000000   Code   RO         1249    .ARM.Collect$$rtentry$$00000009  c_w.l(__rtentry2.o)
    0x0800024c   0x00000004   Code   RO         1250    .ARM.Collect$$rtentry$$0000000A  c_w.l(__rtentry2.o)
    0x08000250   0x00000000   Code   RO         1252    .ARM.Collect$$rtentry$$0000000C  c_w.l(__rtentry2.o)
    0x08000250   0x00000008   Code   RO         1253    .ARM.Collect$$rtentry$$0000000D  c_w.l(__rtentry2.o)
    0x08000258   0x00000004   Code   RO         1262    .ARM.Collect$$rtentry$$00002716  c_w.l(__rtentry5.o)
    0x0800025c   0x00000002   Code   RO         1279    .ARM.Collect$$rtexit$$00000000  c_w.l(rtexit.o)
    0x0800025e   0x00000000   Code   RO         1327    .ARM.Collect$$rtexit$$00000002  c_w.l(rtexit2.o)
    0x0800025e   0x00000004   Code   RO         1328    .ARM.Collect$$rtexit$$00000003  c_w.l(rtexit2.o)
    0x08000262   0x00000006   Code   RO         1329    .ARM.Collect$$rtexit$$00000004  c_w.l(rtexit2.o)
    0x08000268   0x00000006   Code   RO            3    .text               board.o
    0x0800026e   0x00000002   PAD
    0x08000270   0x00000050   Code   RO          259    .text               cstartup.o
    0x080002c0   0x00000024   Code   RO          263    .text               chcoreasm_v7m.o
    0x080002e4   0x00000004   Code   RO          267    .text               chcore.o
    0x080002e8   0x000000fc   Code   RO          279    .text               chcore_v7m.o
    0x080003e4   0x00000002   Code   RO          293    .text               vectors.o
    0x080003e6   0x0000009c   Code   RO          297    .text               nvic.o
    0x08000482   0x00000002   PAD
    0x08000484   0x000001dc   Code   RO          309    .text               chcond.o
    0x08000660   0x000000e8   Code   RO          331    .text               chdynamic.o
    0x08000748   0x00000330   Code   RO          343    .text               chevents.o
    0x08000a78   0x00000154   Code   RO          356    .text               chheap.o
    0x08000bcc   0x0000025a   Code   RO          376    .text               chmboxes.o
    0x08000e26   0x00000002   PAD
    0x08000e28   0x00000064   Code   RO          389    .text               chmemcore.o
    0x08000e8c   0x0000008e   Code   RO          405    .text               chmempools.o
    0x08000f1a   0x00000002   PAD
    0x08000f1c   0x00000084   Code   RO          418    .text               chmsg.o
    0x08000fa0   0x00000228   Code   RO          433    .text               chmtx.o
    0x080011c8   0x00000334   Code   RO          449    .text               chqueues.o
    0x080014fc   0x00000044   Code   RO          461    .text               chregistry.o
    0x08001540   0x000002c0   Code   RO          479    .text               chschd.o
    0x08001800   0x00000210   Code   RO          501    .text               chsem.o
    0x08001a10   0x000000c4   Code   RO          517    .text               chsys.o
    0x08001ad4   0x00000264   Code   RO          535    .text               chthreads.o
    0x08001d38   0x00000070   Code   RO          551    .text               chvt.o
    0x08001da8   0x00000130   Code   RO          571    .text               adc.o
    0x08001ed8   0x00000070   Code   RO          603    .text               hal.o
    0x08001f48   0x0000008c   Code   RO          644    .text               pwm.o
    0x08001fd4   0x00000114   Code   RO          664    .text               serial.o
    0x080020e8   0x00000194   Code   RO          686    .text               spi.o
    0x0800227c   0x000003a8   Code   RO          706    .text               adc_lld.o
    0x08002624   0x00000188   Code   RO          733    .text               hal_lld.o
    0x080027ac   0x0000023c   Code   RO          753    .text               pal_lld.o
    0x080029e8   0x00000228   Code   RO          773    .text               pwm_lld.o
    0x08002c10   0x000001cc   Code   RO          802    .text               serial_lld.o
    0x08002ddc   0x0000031c   Code   RO          829    .text               spi_lld.o
    0x080030f8   0x000003a0   Code   RO          856    .text               stm32_dma.o
    0x08003498   0x00000804   Code   RO          892    .text               test.o
    0x08003c9c   0x000008f4   Code   RO          964    .text               testbmk.o
    0x08004590   0x000003cc   Code   RO         1010    .text               testdyn.o
    0x0800495c   0x0000045a   Code   RO         1031    .text               testevt.o
    0x08004db6   0x00000002   PAD
    0x08004db8   0x00000278   Code   RO         1053    .text               testheap.o
    0x08005030   0x000005bc   Code   RO         1070    .text               testmbox.o
    0x080055ec   0x00000094   Code   RO         1087    .text               testmsg.o
    0x08005680   0x00000944   Code   RO         1103    .text               testmtx.o
    0x08005fc4   0x000000d8   Code   RO         1134    .text               testpools.o
    0x0800609c   0x000004d0   Code   RO         1151    .text               testqueues.o
    0x0800656c   0x0000047a   Code   RO         1170    .text               testsem.o
    0x080069e6   0x00000002   PAD
    0x080069e8   0x00000340   Code   RO         1193    .text               testthd.o
    0x08006d28   0x00000204   Code   RO         1217    .text               main.o
    0x08006f2c   0x00000006   Code   RO         1241    .text               c_w.l(heapauxi.o)
    0x08006f32   0x0000000c   Code   RO         1268    .text               c_w.l(exit.o)
    0x08006f3e   0x00000002   PAD
    0x08006f40   0x0000000c   Code   RO         1337    .text               c_w.l(sys_exit.o)
    0x08006f4c   0x00000002   Code   RO         1348    .text               c_w.l(use_no_semi.o)
    0x08006f4e   0x00000000   Code   RO         1350    .text               c_w.l(indicate_semi.o)
    0x08006f4e   0x0000000a   Code   RO         1335    x$fpl$fpinit        fz_wm.l(fpinit.o)
    0x08006f58   0x000000fc   Data   RO            4    .constdata          board.o
    0x08007054   0x00000016   Data   RO          462    .constdata          chregistry.o
    0x0800706a   0x00000002   PAD
    0x0800706c   0x00000020   Data   RO          665    .constdata          serial.o
    0x0800708c   0x0000000c   Data   RO          804    .constdata          serial_lld.o
    0x08007098   0x000000c0   Data   RO          858    .constdata          stm32_dma.o
    0x08007158   0x00000014   Data   RO          895    .constdata          test.o
    0x0800716c   0x00000010   Data   RO          966    .constdata          testbmk.o
    0x0800717c   0x00000010   Data   RO          967    .constdata          testbmk.o
    0x0800718c   0x00000010   Data   RO          968    .constdata          testbmk.o
    0x0800719c   0x00000010   Data   RO          969    .constdata          testbmk.o
    0x080071ac   0x00000010   Data   RO          970    .constdata          testbmk.o
    0x080071bc   0x00000010   Data   RO          971    .constdata          testbmk.o
    0x080071cc   0x00000010   Data   RO          972    .constdata          testbmk.o
    0x080071dc   0x00000010   Data   RO          973    .constdata          testbmk.o
    0x080071ec   0x00000010   Data   RO          974    .constdata          testbmk.o
    0x080071fc   0x00000010   Data   RO          975    .constdata          testbmk.o
    0x0800720c   0x00000010   Data   RO          976    .constdata          testbmk.o
    0x0800721c   0x00000010   Data   RO          977    .constdata          testbmk.o
    0x0800722c   0x00000010   Data   RO          978    .constdata          testbmk.o
    0x0800723c   0x00000038   Data   RO          979    .constdata          testbmk.o
    0x08007274   0x00000010   Data   RO         1012    .constdata          testdyn.o
    0x08007284   0x00000010   Data   RO         1013    .constdata          testdyn.o
    0x08007294   0x00000010   Data   RO         1014    .constdata          testdyn.o
    0x080072a4   0x00000010   Data   RO         1015    .constdata          testdyn.o
    0x080072b4   0x0000000c   Data   RO         1032    .constdata          testevt.o
    0x080072c0   0x00000010   Data   RO         1033    .constdata          testevt.o
    0x080072d0   0x00000010   Data   RO         1034    .constdata          testevt.o
    0x080072e0   0x00000010   Data   RO         1035    .constdata          testevt.o
    0x080072f0   0x00000010   Data   RO         1036    .constdata          testevt.o
    0x08007300   0x00000010   Data   RO         1055    .constdata          testheap.o
    0x08007310   0x00000008   Data   RO         1056    .constdata          testheap.o
    0x08007318   0x00000010   Data   RO         1071    .constdata          testmbox.o
    0x08007328   0x00000008   Data   RO         1072    .constdata          testmbox.o
    0x08007330   0x00000010   Data   RO         1088    .constdata          testmsg.o
    0x08007340   0x00000008   Data   RO         1089    .constdata          testmsg.o
    0x08007348   0x00000010   Data   RO         1104    .constdata          testmtx.o
    0x08007358   0x00000010   Data   RO         1105    .constdata          testmtx.o
    0x08007368   0x00000010   Data   RO         1106    .constdata          testmtx.o
    0x08007378   0x00000010   Data   RO         1107    .constdata          testmtx.o
    0x08007388   0x00000010   Data   RO         1108    .constdata          testmtx.o
    0x08007398   0x00000010   Data   RO         1109    .constdata          testmtx.o
    0x080073a8   0x00000010   Data   RO         1110    .constdata          testmtx.o
    0x080073b8   0x00000010   Data   RO         1111    .constdata          testmtx.o
    0x080073c8   0x00000024   Data   RO         1112    .constdata          testmtx.o
    0x080073ec   0x00000010   Data   RO         1135    .constdata          testpools.o
    0x080073fc   0x00000008   Data   RO         1136    .constdata          testpools.o
    0x08007404   0x00000010   Data   RO         1152    .constdata          testqueues.o
    0x08007414   0x00000010   Data   RO         1153    .constdata          testqueues.o
    0x08007424   0x0000000c   Data   RO         1154    .constdata          testqueues.o
    0x08007430   0x00000010   Data   RO         1171    .constdata          testsem.o
    0x08007440   0x00000010   Data   RO         1172    .constdata          testsem.o
    0x08007450   0x00000010   Data   RO         1173    .constdata          testsem.o
    0x08007460   0x00000010   Data   RO         1174    .constdata          testsem.o
    0x08007470   0x00000014   Data   RO         1175    .constdata          testsem.o
    0x08007484   0x00000010   Data   RO         1194    .constdata          testthd.o
    0x08007494   0x00000010   Data   RO         1195    .constdata          testthd.o
    0x080074a4   0x00000010   Data   RO         1196    .constdata          testthd.o
    0x080074b4   0x00000010   Data   RO         1197    .constdata          testthd.o
    0x080074c4   0x00000014   Data   RO         1198    .constdata          testthd.o
    0x080074d8   0x00000034   Data   RO         1219    .constdata          main.o
    0x0800750c   0x00000017   Data   RO          980    .conststring        testbmk.o
    0x08007523   0x00000001   PAD
    0x08007524   0x00000017   Data   RO          981    .conststring        testbmk.o
    0x0800753b   0x00000001   PAD
    0x0800753c   0x00000017   Data   RO          982    .conststring        testbmk.o
    0x08007553   0x00000001   PAD
    0x08007554   0x0000001a   Data   RO          983    .conststring        testbmk.o
    0x0800756e   0x00000002   PAD
    0x08007570   0x0000001f   Data   RO          984    .conststring        testbmk.o
    0x0800758f   0x00000001   PAD
    0x08007590   0x00000020   Data   RO          985    .conststring        testbmk.o
    0x080075b0   0x00000026   Data   RO          986    .conststring        testbmk.o
    0x080075d6   0x00000002   PAD
    0x080075d8   0x00000029   Data   RO          987    .conststring        testbmk.o
    0x08007601   0x00000003   PAD
    0x08007604   0x00000021   Data   RO          988    .conststring        testbmk.o
    0x08007625   0x00000003   PAD
    0x08007628   0x00000024   Data   RO          989    .conststring        testbmk.o
    0x0800764c   0x00000022   Data   RO          990    .conststring        testbmk.o
    0x0800766e   0x00000002   PAD
    0x08007670   0x0000001f   Data   RO          991    .conststring        testbmk.o
    0x0800768f   0x00000001   PAD
    0x08007690   0x00000019   Data   RO          992    .conststring        testbmk.o
    0x080076a9   0x00000003   PAD
    0x080076ac   0x00000029   Data   RO         1016    .conststring        testdyn.o
    0x080076d5   0x00000003   PAD
    0x080076d8   0x00000030   Data   RO         1017    .conststring        testdyn.o
    0x08007708   0x00000026   Data   RO         1018    .conststring        testdyn.o
    0x0800772e   0x00000002   PAD
    0x08007730   0x00000022   Data   RO         1037    .conststring        testevt.o
    0x08007752   0x00000002   PAD
    0x08007754   0x0000001b   Data   RO         1038    .conststring        testevt.o
    0x0800776f   0x00000001   PAD
    0x08007770   0x00000011   Data   RO         1039    .conststring        testevt.o
    0x08007781   0x00000003   PAD
    0x08007784   0x00000028   Data   RO         1057    .conststring        testheap.o
    0x080077ac   0x00000020   Data   RO         1073    .conststring        testmbox.o
    0x080077cc   0x0000000f   Data   RO         1090    .conststring        testmsg.o
    0x080077db   0x00000001   PAD
    0x080077dc   0x00000021   Data   RO         1113    .conststring        testmtx.o
    0x080077fd   0x00000003   PAD
    0x08007800   0x0000002b   Data   RO         1114    .conststring        testmtx.o
    0x0800782b   0x00000001   PAD
    0x0800782c   0x0000002c   Data   RO         1115    .conststring        testmtx.o
    0x08007858   0x00000019   Data   RO         1116    .conststring        testmtx.o
    0x08007871   0x00000003   PAD
    0x08007874   0x00000010   Data   RO         1117    .conststring        testmtx.o
    0x08007884   0x00000015   Data   RO         1118    .conststring        testmtx.o
    0x08007899   0x00000003   PAD
    0x0800789c   0x00000018   Data   RO         1119    .conststring        testmtx.o
    0x080078b4   0x00000014   Data   RO         1120    .conststring        testmtx.o
    0x080078c8   0x0000001c   Data   RO         1137    .conststring        testpools.o
    0x080078e4   0x00000015   Data   RO         1155    .conststring        testqueues.o
    0x080078f9   0x00000003   PAD
    0x080078fc   0x00000016   Data   RO         1156    .conststring        testqueues.o
    0x08007912   0x00000002   PAD
    0x08007914   0x00000016   Data   RO         1176    .conststring        testsem.o
    0x0800792a   0x00000002   PAD
    0x0800792c   0x00000014   Data   RO         1177    .conststring        testsem.o
    0x08007940   0x0000001f   Data   RO         1178    .conststring        testsem.o
    0x0800795f   0x00000001   PAD
    0x08007960   0x00000021   Data   RO         1179    .conststring        testsem.o
    0x08007981   0x00000003   PAD
    0x08007984   0x0000001b   Data   RO         1199    .conststring        testthd.o
    0x0800799f   0x00000001   PAD
    0x080079a0   0x0000001b   Data   RO         1200    .conststring        testthd.o
    0x080079bb   0x00000001   PAD
    0x080079bc   0x00000019   Data   RO         1201    .conststring        testthd.o
    0x080079d5   0x00000003   PAD
    0x080079d8   0x00000010   Data   RO         1202    .conststring        testthd.o
    0x080079e8   0x00000020   Data   RO         1402    Region$$Table       anon$$obj.o


    Execution Region RW_IRAM1 (Base: 0x20000000, Size: 0x000056b8, Max: 0x00020000, ABSOLUTE, COMPRESSED[0x00000090])

    Base Addr    Size         Type   Attr      Idx    E Section Name        Object

    0x20000000   0x00000008   Data   RW          391    .data               chmemcore.o
    0x20000008   0x00000004   Data   RW          831    .data               spi_lld.o
    0x2000000c   0x00000004   Data   RW          859    .data               stm32_dma.o
    0x20000010   0x00000040   Data   RW          896    .data               test.o
    0x20000050   0x00000008   Data   RW         1040    .data               testevt.o
    0x20000058   0x00000028   Data   RW         1074    .data               testmbox.o
    0x20000080   0x00000028   Data   RW         1121    .data               testmtx.o
    0x200000a8   0x0000000c   Data   RW         1138    .data               testpools.o
    0x200000b4   0x00000048   Data   RW         1157    .data               testqueues.o
    0x200000fc   0x0000000c   Data   RW         1180    .data               testsem.o
    0x20000108   0x00000034   Data   RW         1220    .data               main.o
    0x2000013c   0x00000004   PAD
    0x20000140   0x00000020   Zero   RW          357    .bss                chheap.o
    0x20000160   0x00003e80   Zero   RW          390    .bss                chmemcore.o
    0x20003fe0   0x0000001c   Zero   RW          480    .bss                chschd.o
    0x20003ffc   0x00000004   PAD
    0x20004000   0x00000108   Zero   RW          518    .bss                chsys.o
    0x20004108   0x00000010   Zero   RW          552    .bss                chvt.o
    0x20004118   0x00000034   Zero   RW          707    .bss                adc_lld.o
    0x2000414c   0x00000014   Zero   RW          774    .bss                pwm_lld.o
    0x20004160   0x00000078   Zero   RW          803    .bss                serial_lld.o
    0x200041d8   0x00000030   Zero   RW          830    .bss                spi_lld.o
    0x20004208   0x00000080   Zero   RW          857    .bss                stm32_dma.o
    0x20004288   0x00000038   Zero   RW          893    .bss                test.o
    0x200042c0   0x000005f0   Zero   RW          894    .bss                test.o
    0x200048b0   0x00000078   Zero   RW          965    .bss                testbmk.o
    0x20004928   0x0000002c   Zero   RW         1011    .bss                testdyn.o
    0x20004954   0x00000004   PAD
    0x20004958   0x00000020   Zero   RW         1054    .bss                testheap.o
    0x20004978   0x00000140   Zero   RW         1218    .bss                main.o
    0x20004ab8   0x00000400   Zero   RW          257    CSTACK              cstartup.o
    0x20004eb8   0x00000400   Zero   RW          258    HEAP                cstartup.o
    0x200052b8   0x00000400   Zero   RW          256    MSTACK              cstartup.o


    Execution Region RW_IRAM2 (Base: 0x20020000, Size: 0x00000000, Max: 0x00000001, ABSOLUTE)

    **** No section assigned to this execution region ****


==============================================================================

Image component sizes


      Code (inc. data)   RO Data    RW Data    ZI Data      Debug   Object Name

       304          6          0          0          0       7375   adc.o
       936         30          0          0         52       7084   adc_lld.o
         6          0        252          0          0     290754   board.o
       476          6          0          0          0       4135   chcond.o
         4          0          0          0          0        488   chcore.o
       252         26          0          0          0       1953   chcore_v7m.o
        36          0          0          0          0        556   chcoreasm_v7m.o
       232          0          0          0          0       1973   chdynamic.o
       816          4          0          0          0       5660   chevents.o
       340         10          0          0         32       2248   chheap.o
       602          0          0          0          0       3656   chmboxes.o
       100         10          0          8      16000       1885   chmemcore.o
       142          0          0          0          0       2459   chmempools.o
       132          4          0          0          0       1847   chmsg.o
       552          4          0          0          0       4218   chmtx.o
       820          6          0          0          0       4547   chqueues.o
        68          4         22          0          0       2598   chregistry.o
       704         10          0          0         28       6038   chschd.o
       528          4          0          0          0       4691   chsem.o
       196         30          0          0        264       1658   chsys.o
       612         14          0          0          0       4885   chthreads.o
       112          4          0          0         16       2784   chvt.o
        80         32          0          0       3072        512   cstartup.o
       112         10          0          0          0       1610   hal.o
       392         68          0          0          0       1400   hal_lld.o
       516         76         52         52        320       2023   main.o
       156          0          0          0          0       1034   nvic.o
       572         46          0          0          0       2338   pal_lld.o
       140          0          0          0          0       1816   pwm.o
       552         22          0          0         20       4858   pwm_lld.o
       276          4         32          0          0       2964   serial.o
       460         34         12          0        120       3602   serial_lld.o
       404          4          0          0          0       3389   spi.o
       796         42          0          4         48       4323   spi_lld.o
       928         36        192          4        128       9906   stm32_dma.o
      2052        524         20         64       1576       8188   test.o
      2292        376        660          0        120       7182   testbmk.o
       972         60        191          0         44       2940   testdyn.o
      1114         44        154          8          0       3472   testevt.o
       632          8         64          0         32       1928   testheap.o
      1468         20         56         40          0       3488   testmbox.o
       148         22         39          0          0       1286   testmsg.o
      2372        150        390         40          0       6185   testmtx.o
       216         14         52         12          0       1434   testpools.o
      1232         44         87         72          0       3940   testqueues.o
      1146         64        190         12          0       3373   testsem.o
       832         50        179          0          0       2257   testthd.o
         2          0        392          0          0        468   vectors.o

    ----------------------------------------------------------------------
     27844       1922       3128        316      21884     449408   Object Totals
         0          0         32          0          0          0   (incl. Generated)
        12          0         60          0         12          0   (incl. Padding)

    ----------------------------------------------------------------------

      Code (inc. data)   RO Data    RW Data    ZI Data      Debug   Library Member Name

        90          0          0          0          0          0   __dczerorl2.o
         8          0          0          0          0         68   __main.o
         0          0          0          0          0          0   __rtentry.o
        12          0          0          0          0          0   __rtentry2.o
         8          4          0          0          0          0   __rtentry5.o
        52          8          0          0          0          0   __scatter.o
        28          0          0          0          0          0   __scatter_zi.o
        12          0          0          0          0         72   exit.o
         6          0          0          0          0        152   heapauxi.o
         0          0          0          0          0          0   indicate_semi.o
         2          0          0          0          0          0   libinit.o
         6          0          0          0          0          0   libinit2.o
         2          0          0          0          0          0   libshutdown.o
         2          0          0          0          0          0   libshutdown2.o
         2          0          0          0          0          0   rtexit.o
        10          0          0          0          0          0   rtexit2.o
        12          4          0          0          0         68   sys_exit.o
         2          0          0          0          0         68   use_no_semi.o
        10          0          0          0          0        116   fpinit.o

    ----------------------------------------------------------------------
       268         16          0          0          0        544   Library Totals
         4          0          0          0          0          0   (incl. Padding)

    ----------------------------------------------------------------------

      Code (inc. data)   RO Data    RW Data    ZI Data      Debug   Library Name

       254         16          0          0          0        428   c_w.l
        10          0          0          0          0        116   fz_wm.l

    ----------------------------------------------------------------------
       268         16          0          0          0        544   Library Totals

    ----------------------------------------------------------------------

==============================================================================


      Code (inc. data)   RO Data    RW Data    ZI Data      Debug   

     28112       1938       3128        316      21884     441600   Grand Totals
     28112       1938       3128        144      21884     441600   ELF Image Totals (compressed)
     28112       1938       3128        144          0          0   ROM Totals

==============================================================================

    Total RO  Size (Code + RO Data)                31240 (  30.51kB)
    Total RW  Size (RW Data + ZI Data)             22200 (  21.68kB)
    Total ROM Size (Code + RO Data + RW Data)      31384 (  30.65kB)

==============================================================================

