<html>
<body>
<pre>
<h1>µVision Build Log</h1>
<h2>Project:</h2>
D:\2416_chip_verify\2416.uvproj
Project File Date:  03/26/2013

<h2>Output:</h2>
Rebuild target '2416'
compiling raw_block.c...
compiling raw_byte.c...
compiling raw_event.c...
compiling raw_idle.c...
compiling raw_idle_event.c...
compiling raw_mqueue.c...
compiling raw_mutex.c...
compiling raw_obj.c...
compiling raw_pend.c...
compiling raw_queue.c...
compiling raw_queue_size.c...
compiling raw_sched.c...
compiling raw_sem.c...
compiling raw_stm.c...
compiling raw_system.c...
compiling raw_task.c...
compiling raw_task_0.c...
compiling raw_task_queue_size.c...
compiling raw_task_sem.c...
compiling raw_tick.c...
compiling raw_timer.c...
compiling port.c...
compiling port_hook.c...
compiling irq.c...
assembling start.S...
compiling main.c...
linking...
2416.axf: Error: L6218E: Undefined symbol OS_CPU_SR_Restore (referred from raw_block.o).
2416.axf: Error: L6218E: Undefined symbol OS_CPU_SR_Save (referred from raw_block.o).
2416.axf: Error: L6218E: Undefined symbol port_task_switch (referred from raw_event.o).
2416.axf: Error: L6218E: Undefined symbol Uart_Printf (referred from raw_idle.o).
2416.axf: Error: L6218E: Undefined symbol raw_start_first_task (referred from raw_sched.o).
2416.axf: Error: L6218E: Undefined symbol raw_int_switch (referred from raw_system.o).
2416.axf: Error: L6218E: Undefined symbol qf_port_tick (referred from port_hook.o).
2416.axf: Error: L6218E: Undefined symbol raw_os_interrupt (referred from start.o).
Target not created
Build target '2416'
assembling cpu.s...
linking...
2416.axf: Error: L6218E: Undefined symbol Uart_Printf (referred from raw_idle.o).
2416.axf: Error: L6218E: Undefined symbol qf_port_tick (referred from port_hook.o).
Target not created
Build target '2416'
compiling port_hook.c...
linking...
2416.axf: Error: L6218E: Undefined symbol Uart_Printf (referred from raw_idle.o).
Target not created
Clean started: Project: '2416'
   deleting intermediate output files for target '2416'
Rebuild target '2416'
compiling raw_block.c...
compiling raw_byte.c...
compiling raw_event.c...
compiling raw_idle.c...
compiling raw_idle_event.c...
compiling raw_mqueue.c...
compiling raw_mutex.c...
compiling raw_obj.c...
compiling raw_pend.c...
compiling raw_queue.c...
compiling raw_queue_size.c...
compiling raw_sched.c...
compiling raw_sem.c...
compiling raw_stm.c...
compiling raw_system.c...
compiling raw_task.c...
compiling raw_task_0.c...
compiling raw_task_queue_size.c...
compiling raw_task_sem.c...
compiling raw_tick.c...
compiling raw_timer.c...
compiling port.c...
compiling port_hook.c...
assembling cpu.s...
compiling irq.c...
assembling start.S...
compiling main.c...
linking...
2416.axf: Error: L6218E: Undefined symbol Uart_Printf (referred from raw_idle.o).
Target not created
Clean started: Project: '2416'
   deleting intermediate output files for target '2416'
Clean started: Project: '2416'
   deleting intermediate output files for target '2416'
Rebuild target '2416'
compiling raw_block.c...
compiling raw_byte.c...
compiling raw_event.c...
compiling raw_idle.c...
compiling raw_idle_event.c...
compiling raw_mqueue.c...
compiling raw_mutex.c...
compiling raw_obj.c...
compiling raw_pend.c...
compiling raw_queue.c...
compiling raw_queue_size.c...
compiling raw_sched.c...
compiling raw_sem.c...
compiling raw_stm.c...
compiling raw_system.c...
compiling raw_task.c...
compiling raw_task_0.c...
compiling raw_task_queue_size.c...
compiling raw_task_sem.c...
compiling raw_tick.c...
compiling raw_timer.c...
compiling port.c...
compiling port_hook.c...
assembling cpu.s...
compiling irq.c...
assembling start.S...
compiling main.c...
linking...
.\obj\2416.axf: Error: L6218E: Undefined symbol Uart_Printf (referred from raw_idle.o).
Target not created
Build target '2416'
assembling 2416_lib.S...
compiling main.c...
test\main.c(14): warning:  #223-D: function "raw_memcpy" declared implicitly
test\main.c(20): warning:  #223-D: function "inerrupt_vector_init" declared implicitly
linking...
.\obj\2416.axf: Error: L6218E: Undefined symbol Uart_Printf (referred from raw_idle.o).
.\obj\2416.axf: Error: L6218E: Undefined symbol raw_memcpy (referred from main.o).
Target not created
Build target '2416'
compiling main.c...
test\main.c(14): warning:  #223-D: function "raw_memcpy" declared implicitly
linking...
.\obj\2416.axf: Error: L6218E: Undefined symbol Uart_Printf (referred from raw_idle.o).
.\obj\2416.axf: Error: L6218E: Undefined symbol raw_memcpy (referred from main.o).
Target not created
Build target '2416'
compiling string.c...
raw-os\extension\lib\string.c(26): error:  #5: cannot open source input file "lib_string.h": No such file or directory
Target not created
Build target '2416'
compiling raw_block.c...
compiling raw_byte.c...
compiling raw_event.c...
compiling raw_idle.c...
compiling raw_idle_event.c...
compiling raw_mqueue.c...
compiling raw_mutex.c...
compiling raw_obj.c...
compiling raw_pend.c...
compiling raw_queue.c...
compiling raw_queue_size.c...
compiling raw_sched.c...
compiling raw_sem.c...
compiling raw_stm.c...
compiling raw_system.c...
compiling raw_task.c...
compiling raw_task_0.c...
compiling raw_task_queue_size.c...
compiling raw_task_sem.c...
compiling raw_tick.c...
compiling raw_timer.c...
compiling port.c...
compiling port_hook.c...
compiling irq.c...
compiling main.c...
test\main.c(14): warning:  #223-D: function "raw_memcpy" declared implicitly
compiling string.c...
linking...
.\obj\2416.axf: Error: L6218E: Undefined symbol Uart_Printf (referred from raw_idle.o).
Target not created
Build target '2416'
compiling main.c...
linking...
.\obj\2416.axf: Error: L6218E: Undefined symbol Uart_Printf (referred from raw_idle.o).
Target not created
Build target '2416'
compiling irq.c...
linking...
.\obj\2416.axf: Error: L6218E: Undefined symbol Uart_Printf (referred from raw_idle.o).
Target not created
Build target '2416'
compiling raw_block.c...
compiling raw_byte.c...
compiling raw_event.c...
compiling raw_idle.c...
compiling raw_idle_event.c...
compiling raw_mqueue.c...
compiling raw_mutex.c...
compiling raw_obj.c...
compiling raw_pend.c...
compiling raw_queue.c...
compiling raw_queue_size.c...
compiling raw_sched.c...
compiling raw_sem.c...
compiling raw_stm.c...
compiling raw_system.c...
compiling raw_task.c...
compiling raw_task_0.c...
compiling raw_task_queue_size.c...
compiling raw_task_sem.c...
compiling raw_tick.c...
compiling raw_timer.c...
compiling port.c...
compiling port_hook.c...
compiling irq.c...
compiling main.c...
compiling string.c...
compiling uart.c...
.\bsp\include\2416_reg.h(16): error:  #5: cannot open source input file "option.h": No such file or directory
Target not created
Build target '2416'
compiling uart.c...
.\bsp\include\2416_reg.h(9): warning:  #40-D: expected an identifier
bsp\uart.c(14): error:  #20: identifier "rUTRSTAT0" is undefined
bsp\uart.c(16): warning:  #223-D: function "WrUTXH0" declared implicitly
bsp\uart.c(19): error:  #20: identifier "rUTRSTAT0" is undefined
bsp\uart.c(21): warning:  #223-D: function "WrUTXH0" declared implicitly
Target not created
Build target '2416'
compiling uart.c...
linking...
Program Size: Code=31076 RO-data=516 RW-data=48 ZI-data=14036  
FromELF: creating hex file...
".\obj\2416.axf" - 0 Error(s), 0 Warning(s).
Build target '2416'
compiling irq.c...
system\irq.c(43): error:  #20: identifier "rINTOFFSET" is undefined
Target not created
Build target '2416'
compiling irq.c...
linking...
Program Size: Code=31084 RO-data=516 RW-data=48 ZI-data=14036  
FromELF: creating hex file...
".\obj\2416.axf" - 0 Error(s), 0 Warning(s).
Build target '2416'
linking...
Program Size: Code=31084 RO-data=516 RW-data=48 ZI-data=14036  
FromELF: creating hex file...
".\obj\2416.axf" - 0 Error(s), 0 Warning(s).
Build target '2416'
linking...
Program Size: Code=31084 RO-data=516 RW-data=48 ZI-data=14036  
FromELF: creating hex file...
".\obj\2416.axf" - 0 Error(s), 0 Warning(s).
Build target '2416'
compiling irq.c...
system\irq.c(44): error:  #20: identifier "rINTOFFSET" is undefined
compiling uart.c...
bsp\uart.c(14): error:  #20: identifier "rUTRSTAT0" is undefined
bsp\uart.c(16): warning:  #223-D: function "WrUTXH0" declared implicitly
bsp\uart.c(19): error:  #20: identifier "rUTRSTAT0" is undefined
bsp\uart.c(21): warning:  #223-D: function "WrUTXH0" declared implicitly
Target not created
Build target '2416'
compiling irq.c...
system\irq.c(44): error:  #20: identifier "rINTOFFSET" is undefined
compiling uart.c...
bsp\uart.c(14): error:  #20: identifier "rUTRSTAT0" is undefined
bsp\uart.c(16): warning:  #223-D: function "WrUTXH0" declared implicitly
bsp\uart.c(19): error:  #20: identifier "rUTRSTAT0" is undefined
bsp\uart.c(21): warning:  #223-D: function "WrUTXH0" declared implicitly
Target not created
Build target '2416'
compiling irq.c...
system\irq.c(44): error:  #20: identifier "rINTOFFSET" is undefined
compiling uart.c...
bsp\uart.c(14): error:  #20: identifier "rUTRSTAT0" is undefined
bsp\uart.c(16): warning:  #223-D: function "WrUTXH0" declared implicitly
bsp\uart.c(19): error:  #20: identifier "rUTRSTAT0" is undefined
bsp\uart.c(21): warning:  #223-D: function "WrUTXH0" declared implicitly
Target not created
Build target '2416'
compiling irq.c...
compiling uart.c...
bsp\uart.c(14): error:  #20: identifier "rUTRSTAT0" is undefined
bsp\uart.c(16): warning:  #223-D: function "WrUTXH0" declared implicitly
bsp\uart.c(19): error:  #20: identifier "rUTRSTAT0" is undefined
bsp\uart.c(21): warning:  #223-D: function "WrUTXH0" declared implicitly
Target not created
Build target '2416'
compiling uart.c...
bsp\uart.c(14): error:  #20: identifier "RAW_U32" is undefined
bsp\uart.c(14): error:  #29: expected an expression
bsp\uart.c(16): error:  #29: expected an expression
bsp\uart.c(19): error:  #20: identifier "RAW_U32" is undefined
bsp\uart.c(19): error:  #29: expected an expression
bsp\uart.c(21): error:  #29: expected an expression
Target not created
Build target '2416'
compiling uart.c...
linking...
Program Size: Code=31080 RO-data=516 RW-data=48 ZI-data=14036  
FromELF: creating hex file...
".\obj\2416.axf" - 0 Error(s), 0 Warning(s).
Build target '2416'
compiling uart.c...
compiling clk_get.c...
bsp\clk_get.c(25): warning: C3017W: r may be used before being set
linking...
Program Size: Code=31080 RO-data=516 RW-data=48 ZI-data=14036  
FromELF: creating hex file...
".\obj\2416.axf" - 0 Error(s), 1 Warning(s).
Build target '2416'
compiling clk_get.c...
linking...
Program Size: Code=31080 RO-data=516 RW-data=48 ZI-data=14036  
FromELF: creating hex file...
".\obj\2416.axf" - 0 Error(s), 0 Warning(s).
Build target '2416'
linking...
Program Size: Code=31080 RO-data=516 RW-data=48 ZI-data=14036  
FromELF: creating hex file...
".\obj\2416.axf" - 0 Error(s), 0 Warning(s).
Build target '2416'
assembling start.S...
system\start.S(26): error: A1137E: Unexpected characters at end of line
system\start.S(27): error: A1159E: Label missing from line start
system\start.S(28): error: A1137E: Unexpected characters at end of line
system\start.S(30): error: A1517E: Unexpected operator equal to or equivalent to *
system\start.S(31): error: A1517E: Unexpected operator equal to or equivalent to *
Target not created
Build target '2416'
assembling start.S...
system\start.S(28): error: A1517E: Unexpected operator equal to or equivalent to *
system\start.S(29): error: A1517E: Unexpected operator equal to or equivalent to *
Target not created
Build target '2416'
assembling start.S...
linking...
Program Size: Code=31092 RO-data=516 RW-data=48 ZI-data=14036  
FromELF: creating hex file...
".\obj\2416.axf" - 0 Error(s), 0 Warning(s).
Build target '2416'
assembling start.S...
linking...
Program Size: Code=31092 RO-data=516 RW-data=48 ZI-data=14036  
FromELF: creating hex file...
".\obj\2416.axf" - 0 Error(s), 0 Warning(s).
Build target '2416'
assembling start.S...
linking...
Program Size: Code=31092 RO-data=516 RW-data=48 ZI-data=14036  
FromELF: creating hex file...
".\obj\2416.axf" - 0 Error(s), 0 Warning(s).
Build target '2416'
assembling start.S...
linking...
Program Size: Code=31092 RO-data=516 RW-data=48 ZI-data=14036  
FromELF: creating hex file...
".\obj\2416.axf" - 0 Error(s), 0 Warning(s).
Build target '2416'
compiling main.c...
linking...
Program Size: Code=31108 RO-data=516 RW-data=48 ZI-data=14036  
FromELF: creating hex file...
".\obj\2416.axf" - 0 Error(s), 0 Warning(s).
Build target '2416'
compiling uart.c...
linking...
Program Size: Code=31108 RO-data=516 RW-data=48 ZI-data=14036  
FromELF: creating hex file...
".\obj\2416.axf" - 0 Error(s), 0 Warning(s).
Rebuild target '2416'
compiling raw_block.c...
compiling raw_byte.c...
compiling raw_event.c...
compiling raw_idle.c...
compiling raw_idle_event.c...
compiling raw_mqueue.c...
compiling raw_mutex.c...
compiling raw_obj.c...
compiling raw_pend.c...
compiling raw_queue.c...
compiling raw_queue_size.c...
compiling raw_sched.c...
compiling raw_sem.c...
compiling raw_stm.c...
compiling raw_system.c...
compiling raw_task.c...
compiling raw_task_0.c...
compiling raw_task_queue_size.c...
compiling raw_task_sem.c...
compiling raw_tick.c...
compiling raw_timer.c...
compiling port.c...
compiling port_hook.c...
assembling cpu.s...
compiling irq.c...
assembling start.S...
assembling 2416_lib.S...
compiling main.c...
compiling string.c...
compiling uart.c...
compiling clk_get.c...
linking...
Program Size: Code=31108 RO-data=516 RW-data=48 ZI-data=14036  
FromELF: creating hex file...
".\obj\2416.axf" - 0 Error(s), 0 Warning(s).
Clean started: Project: '2416'
   deleting intermediate output files for target '2416'
