<html>
<body>
<pre>
<h1>µVision Build Log</h1>
<h2>Tool Versions:</h2>
IDE-Version: µVision V5.13.0.0
Copyright (C) 2014 ARM Ltd and ARM Germany GmbH. All rights reserved.
License Information: Freddy Keunhaas, Microschoft, LIC=BL28T-RXJ92-06EQU-SL57J-KIDFQ-Q250X
 
Tool Versions:
Toolchain:       MDK-ARM Professional  Version: 5.13.0.0
Toolchain Path:  C:\Keil_v5\ARM\ARMCC\Bin
C Compiler:      Armcc.exe V5.05 update 1 (build 106)
Assembler:       Armasm.exe V5.05 update 1 (build 106)
Linker/Locator:  ArmLink.exe V5.05 update 1 (build 106)
Library Manager: ArmAr.exe V5.05 update 1 (build 106)
Hex Converter:   FromElf.exe V5.05 update 1 (build 106)
CPU DLL:         SARMCM3.DLL V5.13.0.0
Dialog DLL:      DCM.DLL V1.13.1.0
Target DLL:      STLink\ST-LINKIII-KEIL_SWO.dll V2.0.14.0_KEIL
Dialog DLL:      TCM.DLL V1.14.4.0
 
<h2>Project:</h2>
C:\ChibiOS_2.6.7\demos\ARMCM4-STM32F407-DISCOVERY\keil\ch.uvproj
Project File Date:  02/27/2015

<h2>Output:</h2>
Rebuild target 'Demo'
compiling board.c...
assembling cstartup.s...
assembling chcoreasm_v7m.s...
compiling chcore.c...
compiling chcore_v7m.c...
assembling vectors.s...
compiling nvic.c...
compiling chcond.c...
compiling chdebug.c...
compiling chdynamic.c...
compiling chevents.c...
compiling chheap.c...
compiling chlists.c...
compiling chmboxes.c...
compiling chmemcore.c...
compiling chmempools.c...
compiling chmsg.c...
compiling chmtx.c...
compiling chqueues.c...
compiling chregistry.c...
compiling chschd.c...
compiling chsem.c...
compiling chsys.c...
compiling chthreads.c...
compiling chvt.c...
compiling adc.c...
compiling hal.c...
compiling pal.c...
compiling pwm.c...
compiling serial.c...
compiling spi.c...
compiling adc_lld.c...
compiling hal_lld.c...
compiling pal_lld.c...
compiling pwm_lld.c...
compiling serial_lld.c...
compiling spi_lld.c...
compiling stm32_dma.c...
compiling test.c...
compiling testbmk.c...
compiling testdyn.c...
compiling testevt.c...
compiling testheap.c...
compiling testmbox.c...
compiling testmsg.c...
compiling testmtx.c...
compiling testpools.c...
compiling testqueues.c...
compiling testsem.c...
compiling testthd.c...
compiling main.c...
linking...
Program Size: Code=28112 RO-data=3128 RW-data=316 ZI-data=21884  
".\obj\ch.axf" - 0 Error(s), 0 Warning(s).
</pre>
</body>
</html>
