<!doctype html public "-//w3c//dtd html 4.0 transitional//en">
<html><head>
<title>Static Call Graph - [.\obj\ch.axf]</title></head>
<body><HR>
<H1>Static Call Graph for image .\obj\ch.axf</H1><HR>
<BR><P>#&#060CALLGRAPH&#062# ARM Linker, 5050106: Last Updated: Fri Feb 27 22:23:08 2015
<BR><P>
<H3>Maximum Stack Usage =        160 bytes + Unknown(Functions without stacksize, Untraceable Function Pointers)</H3><H3>
Call chain for Maximum Stack Depth:</H3>
__rt_entry_main &rArr; main &rArr; TestThread &rArr; chThdWait &rArr; chThdRelease &rArr; chHeapFree &rArr; chMtxUnlock &rArr; chSchWakeupS
<P>
<H3>
Functions with no stack information
</H3><UL>
 <LI><a href="#[1df]">__user_initial_stackheap</a>
 <LI><a href="#[67]">_port_exit_from_isr</a>
</UL>
</UL>
<P>
<H3>
Function Pointers
</H3><UL>
 <LI><a href="#[8]">BusFaultVector</a> from vectors.o(.text) referenced from vectors.o(RESET)
 <LI><a href="#[f]">DebugMonitorVector</a> from vectors.o(.text) referenced from vectors.o(RESET)
 <LI><a href="#[6]">HardFaultVector</a> from vectors.o(.text) referenced from vectors.o(RESET)
 <LI><a href="#[7]">MemManageVector</a> from vectors.o(.text) referenced from vectors.o(RESET)
 <LI><a href="#[5]">NMIVector</a> from vectors.o(.text) referenced from vectors.o(RESET)
 <LI><a href="#[11]">PendSVVector</a> from vectors.o(.text) referenced from vectors.o(RESET)
 <LI><a href="#[4]">Reset_Handler</a> from cstartup.o(.text) referenced from vectors.o(RESET)
 <LI><a href="#[e]">SVCallVector</a> from chcore_v7m.o(.text) referenced from vectors.o(RESET)
 <LI><a href="#[12]">SysTickVector</a> from chcore_v7m.o(.text) referenced from vectors.o(RESET)
 <LI><a href="#[8f]">Thread1</a> from main.o(.text) referenced from main.o(.text)
 <LI><a href="#[9]">UsageFaultVector</a> from vectors.o(.text) referenced from vectors.o(RESET)
 <LI><a href="#[43]">Vector100</a> from vectors.o(.text) referenced from vectors.o(RESET)
 <LI><a href="#[44]">Vector104</a> from vectors.o(.text) referenced from vectors.o(RESET)
 <LI><a href="#[45]">Vector108</a> from vectors.o(.text) referenced from vectors.o(RESET)
 <LI><a href="#[46]">Vector10C</a> from vectors.o(.text) referenced from vectors.o(RESET)
 <LI><a href="#[47]">Vector110</a> from vectors.o(.text) referenced from vectors.o(RESET)
 <LI><a href="#[48]">Vector114</a> from vectors.o(.text) referenced from vectors.o(RESET)
 <LI><a href="#[49]">Vector118</a> from vectors.o(.text) referenced from vectors.o(RESET)
 <LI><a href="#[4a]">Vector11C</a> from vectors.o(.text) referenced from vectors.o(RESET)
 <LI><a href="#[4b]">Vector120</a> from stm32_dma.o(.text) referenced from vectors.o(RESET)
 <LI><a href="#[4c]">Vector124</a> from stm32_dma.o(.text) referenced from vectors.o(RESET)
 <LI><a href="#[4d]">Vector128</a> from stm32_dma.o(.text) referenced from vectors.o(RESET)
 <LI><a href="#[4e]">Vector12C</a> from stm32_dma.o(.text) referenced from vectors.o(RESET)
 <LI><a href="#[4f]">Vector130</a> from stm32_dma.o(.text) referenced from vectors.o(RESET)
 <LI><a href="#[50]">Vector134</a> from vectors.o(.text) referenced from vectors.o(RESET)
 <LI><a href="#[51]">Vector138</a> from vectors.o(.text) referenced from vectors.o(RESET)
 <LI><a href="#[52]">Vector13C</a> from vectors.o(.text) referenced from vectors.o(RESET)
 <LI><a href="#[53]">Vector140</a> from vectors.o(.text) referenced from vectors.o(RESET)
 <LI><a href="#[54]">Vector144</a> from vectors.o(.text) referenced from vectors.o(RESET)
 <LI><a href="#[55]">Vector148</a> from vectors.o(.text) referenced from vectors.o(RESET)
 <LI><a href="#[56]">Vector14C</a> from vectors.o(.text) referenced from vectors.o(RESET)
 <LI><a href="#[57]">Vector150</a> from stm32_dma.o(.text) referenced from vectors.o(RESET)
 <LI><a href="#[58]">Vector154</a> from stm32_dma.o(.text) referenced from vectors.o(RESET)
 <LI><a href="#[59]">Vector158</a> from stm32_dma.o(.text) referenced from vectors.o(RESET)
 <LI><a href="#[5a]">Vector15C</a> from vectors.o(.text) referenced from vectors.o(RESET)
 <LI><a href="#[5b]">Vector160</a> from vectors.o(.text) referenced from vectors.o(RESET)
 <LI><a href="#[5c]">Vector164</a> from vectors.o(.text) referenced from vectors.o(RESET)
 <LI><a href="#[5d]">Vector168</a> from vectors.o(.text) referenced from vectors.o(RESET)
 <LI><a href="#[5e]">Vector16C</a> from vectors.o(.text) referenced from vectors.o(RESET)
 <LI><a href="#[5f]">Vector170</a> from vectors.o(.text) referenced from vectors.o(RESET)
 <LI><a href="#[60]">Vector174</a> from vectors.o(.text) referenced from vectors.o(RESET)
 <LI><a href="#[61]">Vector178</a> from vectors.o(.text) referenced from vectors.o(RESET)
 <LI><a href="#[62]">Vector17C</a> from vectors.o(.text) referenced from vectors.o(RESET)
 <LI><a href="#[63]">Vector180</a> from vectors.o(.text) referenced from vectors.o(RESET)
 <LI><a href="#[64]">Vector184</a> from vectors.o(.text) referenced from vectors.o(RESET)
 <LI><a href="#[a]">Vector1C</a> from vectors.o(.text) referenced from vectors.o(RESET)
 <LI><a href="#[b]">Vector20</a> from vectors.o(.text) referenced from vectors.o(RESET)
 <LI><a href="#[c]">Vector24</a> from vectors.o(.text) referenced from vectors.o(RESET)
 <LI><a href="#[d]">Vector28</a> from vectors.o(.text) referenced from vectors.o(RESET)
 <LI><a href="#[10]">Vector34</a> from vectors.o(.text) referenced from vectors.o(RESET)
 <LI><a href="#[13]">Vector40</a> from vectors.o(.text) referenced from vectors.o(RESET)
 <LI><a href="#[14]">Vector44</a> from vectors.o(.text) referenced from vectors.o(RESET)
 <LI><a href="#[15]">Vector48</a> from vectors.o(.text) referenced from vectors.o(RESET)
 <LI><a href="#[16]">Vector4C</a> from vectors.o(.text) referenced from vectors.o(RESET)
 <LI><a href="#[17]">Vector50</a> from vectors.o(.text) referenced from vectors.o(RESET)
 <LI><a href="#[18]">Vector54</a> from vectors.o(.text) referenced from vectors.o(RESET)
 <LI><a href="#[19]">Vector58</a> from vectors.o(.text) referenced from vectors.o(RESET)
 <LI><a href="#[1a]">Vector5C</a> from vectors.o(.text) referenced from vectors.o(RESET)
 <LI><a href="#[1b]">Vector60</a> from vectors.o(.text) referenced from vectors.o(RESET)
 <LI><a href="#[1c]">Vector64</a> from vectors.o(.text) referenced from vectors.o(RESET)
 <LI><a href="#[1d]">Vector68</a> from vectors.o(.text) referenced from vectors.o(RESET)
 <LI><a href="#[1e]">Vector6C</a> from stm32_dma.o(.text) referenced from vectors.o(RESET)
 <LI><a href="#[1f]">Vector70</a> from stm32_dma.o(.text) referenced from vectors.o(RESET)
 <LI><a href="#[20]">Vector74</a> from stm32_dma.o(.text) referenced from vectors.o(RESET)
 <LI><a href="#[21]">Vector78</a> from stm32_dma.o(.text) referenced from vectors.o(RESET)
 <LI><a href="#[22]">Vector7C</a> from stm32_dma.o(.text) referenced from vectors.o(RESET)
 <LI><a href="#[23]">Vector80</a> from stm32_dma.o(.text) referenced from vectors.o(RESET)
 <LI><a href="#[24]">Vector84</a> from stm32_dma.o(.text) referenced from vectors.o(RESET)
 <LI><a href="#[25]">Vector88</a> from adc_lld.o(.text) referenced from vectors.o(RESET)
 <LI><a href="#[26]">Vector8C</a> from vectors.o(.text) referenced from vectors.o(RESET)
 <LI><a href="#[27]">Vector90</a> from vectors.o(.text) referenced from vectors.o(RESET)
 <LI><a href="#[28]">Vector94</a> from vectors.o(.text) referenced from vectors.o(RESET)
 <LI><a href="#[29]">Vector98</a> from vectors.o(.text) referenced from vectors.o(RESET)
 <LI><a href="#[2a]">Vector9C</a> from vectors.o(.text) referenced from vectors.o(RESET)
 <LI><a href="#[2b]">VectorA0</a> from vectors.o(.text) referenced from vectors.o(RESET)
 <LI><a href="#[2c]">VectorA4</a> from vectors.o(.text) referenced from vectors.o(RESET)
 <LI><a href="#[2d]">VectorA8</a> from vectors.o(.text) referenced from vectors.o(RESET)
 <LI><a href="#[2e]">VectorAC</a> from vectors.o(.text) referenced from vectors.o(RESET)
 <LI><a href="#[2f]">VectorB0</a> from vectors.o(.text) referenced from vectors.o(RESET)
 <LI><a href="#[30]">VectorB4</a> from vectors.o(.text) referenced from vectors.o(RESET)
 <LI><a href="#[31]">VectorB8</a> from pwm_lld.o(.text) referenced from vectors.o(RESET)
 <LI><a href="#[32]">VectorBC</a> from vectors.o(.text) referenced from vectors.o(RESET)
 <LI><a href="#[33]">VectorC0</a> from vectors.o(.text) referenced from vectors.o(RESET)
 <LI><a href="#[34]">VectorC4</a> from vectors.o(.text) referenced from vectors.o(RESET)
 <LI><a href="#[35]">VectorC8</a> from vectors.o(.text) referenced from vectors.o(RESET)
 <LI><a href="#[36]">VectorCC</a> from vectors.o(.text) referenced from vectors.o(RESET)
 <LI><a href="#[37]">VectorD0</a> from vectors.o(.text) referenced from vectors.o(RESET)
 <LI><a href="#[38]">VectorD4</a> from vectors.o(.text) referenced from vectors.o(RESET)
 <LI><a href="#[39]">VectorD8</a> from serial_lld.o(.text) referenced from vectors.o(RESET)
 <LI><a href="#[3a]">VectorDC</a> from vectors.o(.text) referenced from vectors.o(RESET)
 <LI><a href="#[3b]">VectorE0</a> from vectors.o(.text) referenced from vectors.o(RESET)
 <LI><a href="#[3c]">VectorE4</a> from vectors.o(.text) referenced from vectors.o(RESET)
 <LI><a href="#[3d]">VectorE8</a> from vectors.o(.text) referenced from vectors.o(RESET)
 <LI><a href="#[3e]">VectorEC</a> from vectors.o(.text) referenced from vectors.o(RESET)
 <LI><a href="#[3f]">VectorF0</a> from vectors.o(.text) referenced from vectors.o(RESET)
 <LI><a href="#[40]">VectorF4</a> from vectors.o(.text) referenced from vectors.o(RESET)
 <LI><a href="#[41]">VectorF8</a> from vectors.o(.text) referenced from vectors.o(RESET)
 <LI><a href="#[42]">VectorFC</a> from stm32_dma.o(.text) referenced from vectors.o(RESET)
 <LI><a href="#[df]">__main</a> from __main.o(!!!main) referenced from cstartup.o(.text)
 <LI><a href="#[14a]">_idle_thread</a> from chsys.o(.text) referenced from chsys.o(.text)
 <LI><a href="#[67]">_port_exit_from_isr</a> from chcoreasm_v7m.o(.text) referenced from chcore_v7m.o(.text)
 <LI><a href="#[66]">_port_switch_from_isr</a> from chcoreasm_v7m.o(.text) referenced from chcore_v7m.o(.text)
 <LI><a href="#[6a]">_port_thread_start</a> from chcoreasm_v7m.o(.text) referenced from chthreads.o(.text)
 <LI><a href="#[6b]">adc_lld_serve_rx_interrupt</a> from adc_lld.o(.text) referenced from adc_lld.o(.text)
 <LI><a href="#[dd]">adccb</a> from main.o(.text) referenced from main.o(.constdata)
 <LI><a href="#[a2]">bmk10_execute</a> from testbmk.o(.text) referenced from testbmk.o(.constdata)
 <LI><a href="#[a4]">bmk11_execute</a> from testbmk.o(.text) referenced from testbmk.o(.constdata)
 <LI><a href="#[a3]">bmk11_setup</a> from testbmk.o(.text) referenced from testbmk.o(.constdata)
 <LI><a href="#[a6]">bmk12_execute</a> from testbmk.o(.text) referenced from testbmk.o(.constdata)
 <LI><a href="#[a5]">bmk12_setup</a> from testbmk.o(.text) referenced from testbmk.o(.constdata)
 <LI><a href="#[a7]">bmk13_execute</a> from testbmk.o(.text) referenced from testbmk.o(.constdata)
 <LI><a href="#[98]">bmk1_execute</a> from testbmk.o(.text) referenced from testbmk.o(.constdata)
 <LI><a href="#[99]">bmk2_execute</a> from testbmk.o(.text) referenced from testbmk.o(.constdata)
 <LI><a href="#[9a]">bmk3_execute</a> from testbmk.o(.text) referenced from testbmk.o(.constdata)
 <LI><a href="#[9b]">bmk4_execute</a> from testbmk.o(.text) referenced from testbmk.o(.constdata)
 <LI><a href="#[9c]">bmk5_execute</a> from testbmk.o(.text) referenced from testbmk.o(.constdata)
 <LI><a href="#[9d]">bmk6_execute</a> from testbmk.o(.text) referenced from testbmk.o(.constdata)
 <LI><a href="#[9f]">bmk7_execute</a> from testbmk.o(.text) referenced from testbmk.o(.constdata)
 <LI><a href="#[9e]">bmk7_setup</a> from testbmk.o(.text) referenced from testbmk.o(.constdata)
 <LI><a href="#[a0]">bmk8_execute</a> from testbmk.o(.text) referenced from testbmk.o(.constdata)
 <LI><a href="#[a1]">bmk9_execute</a> from testbmk.o(.text) referenced from testbmk.o(.constdata)
 <LI><a href="#[68]">chCoreAlloc</a> from chmemcore.o(.text) referenced from chheap.o(.text)
 <LI><a href="#[a9]">dyn1_execute</a> from testdyn.o(.text) referenced from testdyn.o(.constdata)
 <LI><a href="#[a8]">dyn1_setup</a> from testdyn.o(.text) referenced from testdyn.o(.constdata)
 <LI><a href="#[ab]">dyn2_execute</a> from testdyn.o(.text) referenced from testdyn.o(.constdata)
 <LI><a href="#[aa]">dyn2_setup</a> from testdyn.o(.text) referenced from testdyn.o(.constdata)
 <LI><a href="#[ad]">dyn3_execute</a> from testdyn.o(.text) referenced from testdyn.o(.constdata)
 <LI><a href="#[ac]">dyn3_setup</a> from testdyn.o(.text) referenced from testdyn.o(.constdata)
 <LI><a href="#[b2]">evt1_execute</a> from testevt.o(.text) referenced from testevt.o(.constdata)
 <LI><a href="#[b1]">evt1_setup</a> from testevt.o(.text) referenced from testevt.o(.constdata)
 <LI><a href="#[b4]">evt2_execute</a> from testevt.o(.text) referenced from testevt.o(.constdata)
 <LI><a href="#[b3]">evt2_setup</a> from testevt.o(.text) referenced from testevt.o(.constdata)
 <LI><a href="#[b6]">evt3_execute</a> from testevt.o(.text) referenced from testevt.o(.constdata)
 <LI><a href="#[b5]">evt3_setup</a> from testevt.o(.text) referenced from testevt.o(.constdata)
 <LI><a href="#[93]">get</a> from serial.o(.text) referenced from serial.o(.constdata)
 <LI><a href="#[95]">gett</a> from serial.o(.text) referenced from serial.o(.constdata)
 <LI><a href="#[ae]">h1</a> from testevt.o(.text) referenced from testevt.o(.constdata)
 <LI><a href="#[af]">h2</a> from testevt.o(.text) referenced from testevt.o(.constdata)
 <LI><a href="#[b0]">h3</a> from testevt.o(.text) referenced from testevt.o(.constdata)
 <LI><a href="#[b8]">heap1_execute</a> from testheap.o(.text) referenced from testheap.o(.constdata)
 <LI><a href="#[b7]">heap1_setup</a> from testheap.o(.text) referenced from testheap.o(.constdata)
 <LI><a href="#[ba]">mbox1_execute</a> from testmbox.o(.text) referenced from testmbox.o(.constdata)
 <LI><a href="#[b9]">mbox1_setup</a> from testmbox.o(.text) referenced from testmbox.o(.constdata)
 <LI><a href="#[bb]">msg1_execute</a> from testmsg.o(.text) referenced from testmsg.o(.constdata)
 <LI><a href="#[bd]">mtx1_execute</a> from testmtx.o(.text) referenced from testmtx.o(.constdata)
 <LI><a href="#[bc]">mtx1_setup</a> from testmtx.o(.text) referenced from testmtx.o(.constdata)
 <LI><a href="#[bf]">mtx2_execute</a> from testmtx.o(.text) referenced from testmtx.o(.constdata)
 <LI><a href="#[be]">mtx2_setup</a> from testmtx.o(.text) referenced from testmtx.o(.constdata)
 <LI><a href="#[c1]">mtx3_execute</a> from testmtx.o(.text) referenced from testmtx.o(.constdata)
 <LI><a href="#[c0]">mtx3_setup</a> from testmtx.o(.text) referenced from testmtx.o(.constdata)
 <LI><a href="#[c3]">mtx4_execute</a> from testmtx.o(.text) referenced from testmtx.o(.constdata)
 <LI><a href="#[c2]">mtx4_setup</a> from testmtx.o(.text) referenced from testmtx.o(.constdata)
 <LI><a href="#[c5]">mtx5_execute</a> from testmtx.o(.text) referenced from testmtx.o(.constdata)
 <LI><a href="#[c4]">mtx5_setup</a> from testmtx.o(.text) referenced from testmtx.o(.constdata)
 <LI><a href="#[c7]">mtx6_execute</a> from testmtx.o(.text) referenced from testmtx.o(.constdata)
 <LI><a href="#[c6]">mtx6_setup</a> from testmtx.o(.text) referenced from testmtx.o(.constdata)
 <LI><a href="#[c9]">mtx7_execute</a> from testmtx.o(.text) referenced from testmtx.o(.constdata)
 <LI><a href="#[c8]">mtx7_setup</a> from testmtx.o(.text) referenced from testmtx.o(.constdata)
 <LI><a href="#[cb]">mtx8_execute</a> from testmtx.o(.text) referenced from testmtx.o(.constdata)
 <LI><a href="#[ca]">mtx8_setup</a> from testmtx.o(.text) referenced from testmtx.o(.constdata)
 <LI><a href="#[2]">notify</a> from testqueues.o(.text) referenced 4 times from testqueues.o(.data)
 <LI><a href="#[2]">notify</a> from testqueues.o(.text) referenced from testqueues.o(.text)
 <LI><a href="#[6c]">notify2</a> from serial_lld.o(.text) referenced from serial_lld.o(.text)
 <LI><a href="#[87]">null_provider</a> from testpools.o(.text) referenced from testpools.o(.text)
 <LI><a href="#[cd]">pools1_execute</a> from testpools.o(.text) referenced from testpools.o(.constdata)
 <LI><a href="#[cc]">pools1_setup</a> from testpools.o(.text) referenced from testpools.o(.constdata)
 <LI><a href="#[92]">put</a> from serial.o(.text) referenced from serial.o(.constdata)
 <LI><a href="#[94]">putt</a> from serial.o(.text) referenced from serial.o(.constdata)
 <LI><a href="#[3]">pwmpcb</a> from main.o(.text) referenced 2 times from main.o(.data)
 <LI><a href="#[cf]">queues1_execute</a> from testqueues.o(.text) referenced from testqueues.o(.constdata)
 <LI><a href="#[ce]">queues1_setup</a> from testqueues.o(.text) referenced from testqueues.o(.constdata)
 <LI><a href="#[d1]">queues2_execute</a> from testqueues.o(.text) referenced from testqueues.o(.constdata)
 <LI><a href="#[d0]">queues2_setup</a> from testqueues.o(.text) referenced from testqueues.o(.constdata)
 <LI><a href="#[91]">read</a> from serial.o(.text) referenced from serial.o(.constdata)
 <LI><a href="#[97]">readt</a> from serial.o(.text) referenced from serial.o(.constdata)
 <LI><a href="#[d3]">sem1_execute</a> from testsem.o(.text) referenced from testsem.o(.constdata)
 <LI><a href="#[d2]">sem1_setup</a> from testsem.o(.text) referenced from testsem.o(.constdata)
 <LI><a href="#[d5]">sem2_execute</a> from testsem.o(.text) referenced from testsem.o(.constdata)
 <LI><a href="#[d4]">sem2_setup</a> from testsem.o(.text) referenced from testsem.o(.constdata)
 <LI><a href="#[d7]">sem3_execute</a> from testsem.o(.text) referenced from testsem.o(.constdata)
 <LI><a href="#[d6]">sem3_setup</a> from testsem.o(.text) referenced from testsem.o(.constdata)
 <LI><a href="#[d8]">sem4_execute</a> from testsem.o(.text) referenced from testsem.o(.constdata)
 <LI><a href="#[6d]">spi_lld_serve_rx_interrupt</a> from spi_lld.o(.text) referenced from spi_lld.o(.text)
 <LI><a href="#[6e]">spi_lld_serve_tx_interrupt</a> from spi_lld.o(.text) referenced from spi_lld.o(.text)
 <LI><a href="#[de]">spicb</a> from main.o(.text) referenced from main.o(.constdata)
 <LI><a href="#[d9]">thd1_execute</a> from testthd.o(.text) referenced from testthd.o(.constdata)
 <LI><a href="#[da]">thd2_execute</a> from testthd.o(.text) referenced from testthd.o(.constdata)
 <LI><a href="#[db]">thd3_execute</a> from testthd.o(.text) referenced from testthd.o(.constdata)
 <LI><a href="#[dc]">thd4_execute</a> from testthd.o(.text) referenced from testthd.o(.constdata)
 <LI><a href="#[75]">thread</a> from testdyn.o(.text) referenced 3 times from testdyn.o(.text)
 <LI><a href="#[70]">thread1</a> from testbmk.o(.text) referenced 5 times from testbmk.o(.text)
 <LI><a href="#[84]">thread10</a> from testmtx.o(.text) referenced from testmtx.o(.text)
 <LI><a href="#[85]">thread11</a> from testmtx.o(.text) referenced from testmtx.o(.text)
 <LI><a href="#[86]">thread12</a> from testmtx.o(.text) referenced from testmtx.o(.text)
 <LI><a href="#[71]">thread2</a> from testbmk.o(.text) referenced 4 times from testbmk.o(.text)
 <LI><a href="#[7a]">thread2H</a> from testmtx.o(.text) referenced from testmtx.o(.text)
 <LI><a href="#[7c]">thread2L</a> from testmtx.o(.text) referenced from testmtx.o(.text)
 <LI><a href="#[7b]">thread2M</a> from testmtx.o(.text) referenced from testmtx.o(.text)
 <LI><a href="#[72]">thread3</a> from testbmk.o(.text) referenced 2 times from testbmk.o(.text)
 <LI><a href="#[80]">thread3H</a> from testmtx.o(.text) referenced from testmtx.o(.text)
 <LI><a href="#[81]">thread3HH</a> from testmtx.o(.text) referenced from testmtx.o(.text)
 <LI><a href="#[7e]">thread3L</a> from testmtx.o(.text) referenced from testmtx.o(.text)
 <LI><a href="#[7d]">thread3LL</a> from testmtx.o(.text) referenced from testmtx.o(.text)
 <LI><a href="#[7f]">thread3M</a> from testmtx.o(.text) referenced from testmtx.o(.text)
 <LI><a href="#[8d]">thread4</a> from testsem.o(.text) referenced 2 times from testsem.o(.text)
 <LI><a href="#[82]">thread4a</a> from testmtx.o(.text) referenced 2 times from testmtx.o(.text)
 <LI><a href="#[83]">thread4b</a> from testmtx.o(.text) referenced 2 times from testmtx.o(.text)
 <LI><a href="#[73]">thread8</a> from testbmk.o(.text) referenced from testbmk.o(.text)
 <LI><a href="#[74]">tmo</a> from testbmk.o(.text) referenced from testbmk.o(.text)
 <LI><a href="#[6f]">tmr</a> from test.o(.text) referenced from test.o(.text)
 <LI><a href="#[69]">wakeup</a> from chschd.o(.text) referenced from chschd.o(.text)
 <LI><a href="#[90]">write</a> from serial.o(.text) referenced from serial.o(.constdata)
 <LI><a href="#[96]">writet</a> from serial.o(.text) referenced from serial.o(.constdata)
</UL>
<P>
<H3>
Global Symbols
</H3>
<P><STRONG><a name="[df]"></a>__main</STRONG> (Thumb, 8 bytes, Stack size 0 bytes, __main.o(!!!main))
<BR><BR>[Calls]<UL><LI><a href="#[e0]">&gt;&gt;</a>&nbsp;&nbsp;&nbsp;__scatterload
<LI><a href="#[e1]">&gt;&gt;</a>&nbsp;&nbsp;&nbsp;__rt_entry
</UL>

<P><STRONG><a name="[e0]"></a>__scatterload</STRONG> (Thumb, 0 bytes, Stack size unknown bytes, __scatter.o(!!!scatter))
<BR><BR>[Called By]<UL><LI><a href="#[df]">&gt;&gt;</a>&nbsp;&nbsp;&nbsp;__main
</UL>

<P><STRONG><a name="[e2]"></a>__scatterload_rt2</STRONG> (Thumb, 44 bytes, Stack size unknown bytes, __scatter.o(!!!scatter), UNUSED)
<BR><BR>[Calls]<UL><LI><a href="#[e1]">&gt;&gt;</a>&nbsp;&nbsp;&nbsp;__rt_entry
</UL>

<P><STRONG><a name="[1bb]"></a>__scatterload_rt2_thumb_only</STRONG> (Thumb, 0 bytes, Stack size unknown bytes, __scatter.o(!!!scatter), UNUSED)

<P><STRONG><a name="[1bc]"></a>__scatterload_null</STRONG> (Thumb, 0 bytes, Stack size unknown bytes, __scatter.o(!!!scatter), UNUSED)

<P><STRONG><a name="[1bd]"></a>__decompress</STRONG> (Thumb, 90 bytes, Stack size unknown bytes, __dczerorl2.o(!!dczerorl2), UNUSED)

<P><STRONG><a name="[1be]"></a>__decompress1</STRONG> (Thumb, 0 bytes, Stack size unknown bytes, __dczerorl2.o(!!dczerorl2), UNUSED)

<P><STRONG><a name="[1bf]"></a>__scatterload_zeroinit</STRONG> (Thumb, 28 bytes, Stack size unknown bytes, __scatter_zi.o(!!handler_zi), UNUSED)

<P><STRONG><a name="[e6]"></a>__rt_lib_init</STRONG> (Thumb, 0 bytes, Stack size unknown bytes, libinit.o(.ARM.Collect$$libinit$$00000000))
<BR><BR>[Called By]<UL><LI><a href="#[e5]">&gt;&gt;</a>&nbsp;&nbsp;&nbsp;__rt_entry_li
</UL>

<P><STRONG><a name="[e3]"></a>__rt_lib_init_fp_1</STRONG> (Thumb, 0 bytes, Stack size unknown bytes, libinit2.o(.ARM.Collect$$libinit$$00000001))
<BR><BR>[Calls]<UL><LI><a href="#[e4]">&gt;&gt;</a>&nbsp;&nbsp;&nbsp;_fp_init
</UL>

<P><STRONG><a name="[1c0]"></a>__rt_lib_init_alloca_1</STRONG> (Thumb, 0 bytes, Stack size unknown bytes, libinit2.o(.ARM.Collect$$libinit$$0000002E))

<P><STRONG><a name="[1c1]"></a>__rt_lib_init_argv_1</STRONG> (Thumb, 0 bytes, Stack size unknown bytes, libinit2.o(.ARM.Collect$$libinit$$0000002C))

<P><STRONG><a name="[1c2]"></a>__rt_lib_init_atexit_1</STRONG> (Thumb, 0 bytes, Stack size unknown bytes, libinit2.o(.ARM.Collect$$libinit$$0000001B))

<P><STRONG><a name="[1c3]"></a>__rt_lib_init_clock_1</STRONG> (Thumb, 0 bytes, Stack size unknown bytes, libinit2.o(.ARM.Collect$$libinit$$00000021))

<P><STRONG><a name="[1c4]"></a>__rt_lib_init_cpp_1</STRONG> (Thumb, 0 bytes, Stack size unknown bytes, libinit2.o(.ARM.Collect$$libinit$$00000032))

<P><STRONG><a name="[1c5]"></a>__rt_lib_init_exceptions_1</STRONG> (Thumb, 0 bytes, Stack size unknown bytes, libinit2.o(.ARM.Collect$$libinit$$00000030))

<P><STRONG><a name="[1c6]"></a>__rt_lib_init_fp_trap_1</STRONG> (Thumb, 0 bytes, Stack size unknown bytes, libinit2.o(.ARM.Collect$$libinit$$0000001F))

<P><STRONG><a name="[1c7]"></a>__rt_lib_init_getenv_1</STRONG> (Thumb, 0 bytes, Stack size unknown bytes, libinit2.o(.ARM.Collect$$libinit$$00000023))

<P><STRONG><a name="[1c8]"></a>__rt_lib_init_heap_1</STRONG> (Thumb, 0 bytes, Stack size unknown bytes, libinit2.o(.ARM.Collect$$libinit$$0000000A))

<P><STRONG><a name="[1c9]"></a>__rt_lib_init_lc_collate_1</STRONG> (Thumb, 0 bytes, Stack size unknown bytes, libinit2.o(.ARM.Collect$$libinit$$00000011))

<P><STRONG><a name="[1ca]"></a>__rt_lib_init_lc_ctype_1</STRONG> (Thumb, 0 bytes, Stack size unknown bytes, libinit2.o(.ARM.Collect$$libinit$$00000013))

<P><STRONG><a name="[1cb]"></a>__rt_lib_init_lc_monetary_1</STRONG> (Thumb, 0 bytes, Stack size unknown bytes, libinit2.o(.ARM.Collect$$libinit$$00000015))

<P><STRONG><a name="[1cc]"></a>__rt_lib_init_lc_numeric_1</STRONG> (Thumb, 0 bytes, Stack size unknown bytes, libinit2.o(.ARM.Collect$$libinit$$00000017))

<P><STRONG><a name="[1cd]"></a>__rt_lib_init_lc_time_1</STRONG> (Thumb, 0 bytes, Stack size unknown bytes, libinit2.o(.ARM.Collect$$libinit$$00000019))

<P><STRONG><a name="[1ce]"></a>__rt_lib_init_preinit_1</STRONG> (Thumb, 0 bytes, Stack size unknown bytes, libinit2.o(.ARM.Collect$$libinit$$00000004))

<P><STRONG><a name="[1cf]"></a>__rt_lib_init_rand_1</STRONG> (Thumb, 0 bytes, Stack size unknown bytes, libinit2.o(.ARM.Collect$$libinit$$0000000E))

<P><STRONG><a name="[1d0]"></a>__rt_lib_init_return</STRONG> (Thumb, 0 bytes, Stack size unknown bytes, libinit2.o(.ARM.Collect$$libinit$$00000033))

<P><STRONG><a name="[1d1]"></a>__rt_lib_init_signal_1</STRONG> (Thumb, 0 bytes, Stack size unknown bytes, libinit2.o(.ARM.Collect$$libinit$$0000001D))

<P><STRONG><a name="[1d2]"></a>__rt_lib_init_stdio_1</STRONG> (Thumb, 0 bytes, Stack size unknown bytes, libinit2.o(.ARM.Collect$$libinit$$00000025))

<P><STRONG><a name="[1d3]"></a>__rt_lib_init_user_alloc_1</STRONG> (Thumb, 0 bytes, Stack size unknown bytes, libinit2.o(.ARM.Collect$$libinit$$0000000C))

<P><STRONG><a name="[eb]"></a>__rt_lib_shutdown</STRONG> (Thumb, 0 bytes, Stack size unknown bytes, libshutdown.o(.ARM.Collect$$libshutdown$$00000000))
<BR><BR>[Called By]<UL><LI><a href="#[ea]">&gt;&gt;</a>&nbsp;&nbsp;&nbsp;__rt_exit_ls
</UL>

<P><STRONG><a name="[1d4]"></a>__rt_lib_shutdown_fp_trap_1</STRONG> (Thumb, 0 bytes, Stack size unknown bytes, libshutdown2.o(.ARM.Collect$$libshutdown$$00000006))

<P><STRONG><a name="[1d5]"></a>__rt_lib_shutdown_heap_1</STRONG> (Thumb, 0 bytes, Stack size unknown bytes, libshutdown2.o(.ARM.Collect$$libshutdown$$0000000E))

<P><STRONG><a name="[1d6]"></a>__rt_lib_shutdown_return</STRONG> (Thumb, 0 bytes, Stack size unknown bytes, libshutdown2.o(.ARM.Collect$$libshutdown$$0000000F))

<P><STRONG><a name="[1d7]"></a>__rt_lib_shutdown_signal_1</STRONG> (Thumb, 0 bytes, Stack size unknown bytes, libshutdown2.o(.ARM.Collect$$libshutdown$$00000009))

<P><STRONG><a name="[1d8]"></a>__rt_lib_shutdown_stdio_1</STRONG> (Thumb, 0 bytes, Stack size unknown bytes, libshutdown2.o(.ARM.Collect$$libshutdown$$00000003))

<P><STRONG><a name="[1d9]"></a>__rt_lib_shutdown_user_alloc_1</STRONG> (Thumb, 0 bytes, Stack size unknown bytes, libshutdown2.o(.ARM.Collect$$libshutdown$$0000000B))

<P><STRONG><a name="[e1]"></a>__rt_entry</STRONG> (Thumb, 0 bytes, Stack size unknown bytes, __rtentry.o(.ARM.Collect$$rtentry$$00000000))
<BR><BR>[Called By]<UL><LI><a href="#[e2]">&gt;&gt;</a>&nbsp;&nbsp;&nbsp;__scatterload_rt2
<LI><a href="#[df]">&gt;&gt;</a>&nbsp;&nbsp;&nbsp;__main
</UL>

<P><STRONG><a name="[1da]"></a>__rt_entry_presh_1</STRONG> (Thumb, 0 bytes, Stack size unknown bytes, __rtentry2.o(.ARM.Collect$$rtentry$$00000002))

<P><STRONG><a name="[1db]"></a>__rt_entry_sh</STRONG> (Thumb, 0 bytes, Stack size unknown bytes, __rtentry5.o(.ARM.Collect$$rtentry$$00000005))

<P><STRONG><a name="[e5]"></a>__rt_entry_li</STRONG> (Thumb, 0 bytes, Stack size unknown bytes, __rtentry2.o(.ARM.Collect$$rtentry$$0000000A))
<BR><BR>[Calls]<UL><LI><a href="#[e6]">&gt;&gt;</a>&nbsp;&nbsp;&nbsp;__rt_lib_init
</UL>

<P><STRONG><a name="[1dc]"></a>__rt_entry_postsh_1</STRONG> (Thumb, 0 bytes, Stack size unknown bytes, __rtentry2.o(.ARM.Collect$$rtentry$$00000009))

<P><STRONG><a name="[e7]"></a>__rt_entry_main</STRONG> (Thumb, 0 bytes, Stack size unknown bytes, __rtentry2.o(.ARM.Collect$$rtentry$$0000000D))
<BR><BR>[Stack]<UL><LI>Max Depth = 160 + Unknown Stack Size
<LI>Call Chain = __rt_entry_main &rArr; main &rArr; TestThread &rArr; chThdWait &rArr; chThdRelease &rArr; chHeapFree &rArr; chMtxUnlock &rArr; chSchWakeupS
</UL>
<BR>[Calls]<UL><LI><a href="#[e9]">&gt;&gt;</a>&nbsp;&nbsp;&nbsp;exit
<LI><a href="#[e8]">&gt;&gt;</a>&nbsp;&nbsp;&nbsp;main
</UL>

<P><STRONG><a name="[1dd]"></a>__rt_entry_postli_1</STRONG> (Thumb, 0 bytes, Stack size unknown bytes, __rtentry2.o(.ARM.Collect$$rtentry$$0000000C))

<P><STRONG><a name="[1ba]"></a>__rt_exit</STRONG> (Thumb, 0 bytes, Stack size unknown bytes, rtexit.o(.ARM.Collect$$rtexit$$00000000))
<BR><BR>[Called By]<UL><LI><a href="#[e9]">&gt;&gt;</a>&nbsp;&nbsp;&nbsp;exit
</UL>

<P><STRONG><a name="[ea]"></a>__rt_exit_ls</STRONG> (Thumb, 0 bytes, Stack size unknown bytes, rtexit2.o(.ARM.Collect$$rtexit$$00000003))
<BR><BR>[Calls]<UL><LI><a href="#[eb]">&gt;&gt;</a>&nbsp;&nbsp;&nbsp;__rt_lib_shutdown
</UL>

<P><STRONG><a name="[1de]"></a>__rt_exit_prels_1</STRONG> (Thumb, 0 bytes, Stack size unknown bytes, rtexit2.o(.ARM.Collect$$rtexit$$00000002))

<P><STRONG><a name="[ec]"></a>__rt_exit_exit</STRONG> (Thumb, 0 bytes, Stack size unknown bytes, rtexit2.o(.ARM.Collect$$rtexit$$00000004))
<BR><BR>[Calls]<UL><LI><a href="#[ed]">&gt;&gt;</a>&nbsp;&nbsp;&nbsp;_sys_exit
</UL>

<P><STRONG><a name="[ee]"></a>__early_init</STRONG> (Thumb, 4 bytes, Stack size 0 bytes, board.o(.text))
<BR><BR>[Calls]<UL><LI><a href="#[ef]">&gt;&gt;</a>&nbsp;&nbsp;&nbsp;stm32_clock_init
</UL>
<BR>[Called By]<UL><LI><a href="#[4]">&gt;&gt;</a>&nbsp;&nbsp;&nbsp;Reset_Handler
</UL>

<P><STRONG><a name="[169]"></a>boardInit</STRONG> (Thumb, 2 bytes, Stack size 0 bytes, board.o(.text))
<BR><BR>[Called By]<UL><LI><a href="#[163]">&gt;&gt;</a>&nbsp;&nbsp;&nbsp;halInit
</UL>

<P><STRONG><a name="[4]"></a>Reset_Handler</STRONG> (Thumb, 36 bytes, Stack size 0 bytes, cstartup.o(.text))
<BR><BR>[Calls]<UL><LI><a href="#[ee]">&gt;&gt;</a>&nbsp;&nbsp;&nbsp;__early_init
</UL>
<BR>[Address Reference Count : 1]<UL><LI> vectors.o(RESET)
</UL>
<P><STRONG><a name="[1df]"></a>__user_initial_stackheap</STRONG> (Thumb, 0 bytes, Stack size unknown bytes, cstartup.o(.text), UNUSED)

<P><STRONG><a name="[139]"></a>_port_switch</STRONG> (Thumb, 16 bytes, Stack size 0 bytes, chcoreasm_v7m.o(.text))
<BR><BR>[Called By]<UL><LI><a href="#[13d]">&gt;&gt;</a>&nbsp;&nbsp;&nbsp;chSchDoRescheduleBehind
<LI><a href="#[13c]">&gt;&gt;</a>&nbsp;&nbsp;&nbsp;chSchDoRescheduleAhead
<LI><a href="#[f7]">&gt;&gt;</a>&nbsp;&nbsp;&nbsp;chSchWakeupS
<LI><a href="#[fc]">&gt;&gt;</a>&nbsp;&nbsp;&nbsp;chSchRescheduleS
<LI><a href="#[103]">&gt;&gt;</a>&nbsp;&nbsp;&nbsp;chSchGoSleepTimeoutS
<LI><a href="#[ff]">&gt;&gt;</a>&nbsp;&nbsp;&nbsp;chSchGoSleepS
<LI><a href="#[f1]">&gt;&gt;</a>&nbsp;&nbsp;&nbsp;chSchDoReschedule
</UL>

<P><STRONG><a name="[6a]"></a>_port_thread_start</STRONG> (Thumb, 14 bytes, Stack size 0 bytes, chcoreasm_v7m.o(.text))
<BR><BR>[Stack]<UL><LI>Max Depth = 16<LI>Call Chain = _port_thread_start &rArr; chThdExit
</UL>
<BR>[Calls]<UL><LI><a href="#[f0]">&gt;&gt;</a>&nbsp;&nbsp;&nbsp;chThdExit
</UL>
<BR>[Address Reference Count : 1]<UL><LI> chthreads.o(.text)
</UL>
<P><STRONG><a name="[66]"></a>_port_switch_from_isr</STRONG> (Thumb, 6 bytes, Stack size 0 bytes, chcoreasm_v7m.o(.text))
<BR><BR>[Stack]<UL><LI>Max Depth = 8<LI>Call Chain = _port_switch_from_isr &rArr; chSchDoReschedule
</UL>
<BR>[Calls]<UL><LI><a href="#[f1]">&gt;&gt;</a>&nbsp;&nbsp;&nbsp;chSchDoReschedule
</UL>
<BR>[Address Reference Count : 1]<UL><LI> chcore_v7m.o(.text)
</UL>
<P><STRONG><a name="[67]"></a>_port_exit_from_isr</STRONG> (Thumb, 0 bytes, Stack size unknown bytes, chcoreasm_v7m.o(.text))
<BR>[Address Reference Count : 1]<UL><LI> chcore_v7m.o(.text)
</UL>
<P><STRONG><a name="[19c]"></a>port_halt</STRONG> (Thumb, 4 bytes, Stack size 0 bytes, chcore.o(.text))
<BR><BR>[Called By]<UL><LI><a href="#[6e]">&gt;&gt;</a>&nbsp;&nbsp;&nbsp;spi_lld_serve_tx_interrupt
<LI><a href="#[6d]">&gt;&gt;</a>&nbsp;&nbsp;&nbsp;spi_lld_serve_rx_interrupt
</UL>

<P><STRONG><a name="[195]"></a>_port_irq_epilogue</STRONG> (Thumb, 76 bytes, Stack size 0 bytes, chcore_v7m.o(.text))
<BR><BR>[Called By]<UL><LI><a href="#[59]">&gt;&gt;</a>&nbsp;&nbsp;&nbsp;Vector158
<LI><a href="#[58]">&gt;&gt;</a>&nbsp;&nbsp;&nbsp;Vector154
<LI><a href="#[57]">&gt;&gt;</a>&nbsp;&nbsp;&nbsp;Vector150
<LI><a href="#[4f]">&gt;&gt;</a>&nbsp;&nbsp;&nbsp;Vector130
<LI><a href="#[4e]">&gt;&gt;</a>&nbsp;&nbsp;&nbsp;Vector12C
<LI><a href="#[4d]">&gt;&gt;</a>&nbsp;&nbsp;&nbsp;Vector128
<LI><a href="#[4c]">&gt;&gt;</a>&nbsp;&nbsp;&nbsp;Vector124
<LI><a href="#[4b]">&gt;&gt;</a>&nbsp;&nbsp;&nbsp;Vector120
<LI><a href="#[42]">&gt;&gt;</a>&nbsp;&nbsp;&nbsp;VectorFC
<LI><a href="#[24]">&gt;&gt;</a>&nbsp;&nbsp;&nbsp;Vector84
<LI><a href="#[23]">&gt;&gt;</a>&nbsp;&nbsp;&nbsp;Vector80
<LI><a href="#[22]">&gt;&gt;</a>&nbsp;&nbsp;&nbsp;Vector7C
<LI><a href="#[21]">&gt;&gt;</a>&nbsp;&nbsp;&nbsp;Vector78
<LI><a href="#[20]">&gt;&gt;</a>&nbsp;&nbsp;&nbsp;Vector74
<LI><a href="#[1f]">&gt;&gt;</a>&nbsp;&nbsp;&nbsp;Vector70
<LI><a href="#[1e]">&gt;&gt;</a>&nbsp;&nbsp;&nbsp;Vector6C
<LI><a href="#[39]">&gt;&gt;</a>&nbsp;&nbsp;&nbsp;VectorD8
<LI><a href="#[31]">&gt;&gt;</a>&nbsp;&nbsp;&nbsp;VectorB8
<LI><a href="#[25]">&gt;&gt;</a>&nbsp;&nbsp;&nbsp;Vector88
</UL>

<P><STRONG><a name="[12]"></a>SysTickVector</STRONG> (Thumb, 90 bytes, Stack size 8 bytes, chcore_v7m.o(.text))
<BR><BR>[Stack]<UL><LI>Max Depth = 24<LI>Call Chain = SysTickVector &rArr; chSysTimerHandlerI
</UL>
<BR>[Calls]<UL><LI><a href="#[f2]">&gt;&gt;</a>&nbsp;&nbsp;&nbsp;chSysTimerHandlerI
</UL>
<BR>[Address Reference Count : 1]<UL><LI> vectors.o(RESET)
</UL>
<P><STRONG><a name="[e]"></a>SVCallVector</STRONG> (Thumb, 18 bytes, Stack size 0 bytes, chcore_v7m.o(.text))
<BR>[Address Reference Count : 1]<UL><LI> vectors.o(RESET)
</UL>
<P><STRONG><a name="[f3]"></a>_port_init</STRONG> (Thumb, 42 bytes, Stack size 8 bytes, chcore_v7m.o(.text))
<BR><BR>[Stack]<UL><LI>Max Depth = 8<LI>Call Chain = _port_init
</UL>
<BR>[Calls]<UL><LI><a href="#[f4]">&gt;&gt;</a>&nbsp;&nbsp;&nbsp;nvicSetSystemHandlerPriority
</UL>
<BR>[Called By]<UL><LI><a href="#[145]">&gt;&gt;</a>&nbsp;&nbsp;&nbsp;chSysInit
</UL>

<P><STRONG><a name="[8]"></a>BusFaultVector</STRONG> (Thumb, 0 bytes, Stack size 0 bytes, vectors.o(.text))
<BR>[Address Reference Count : 1]<UL><LI> vectors.o(RESET)
</UL>
<P><STRONG><a name="[f]"></a>DebugMonitorVector</STRONG> (Thumb, 0 bytes, Stack size 0 bytes, vectors.o(.text))
<BR>[Address Reference Count : 1]<UL><LI> vectors.o(RESET)
</UL>
<P><STRONG><a name="[6]"></a>HardFaultVector</STRONG> (Thumb, 0 bytes, Stack size 0 bytes, vectors.o(.text))
<BR>[Address Reference Count : 1]<UL><LI> vectors.o(RESET)
</UL>
<P><STRONG><a name="[7]"></a>MemManageVector</STRONG> (Thumb, 0 bytes, Stack size 0 bytes, vectors.o(.text))
<BR>[Address Reference Count : 1]<UL><LI> vectors.o(RESET)
</UL>
<P><STRONG><a name="[5]"></a>NMIVector</STRONG> (Thumb, 0 bytes, Stack size 0 bytes, vectors.o(.text))
<BR>[Address Reference Count : 1]<UL><LI> vectors.o(RESET)
</UL>
<P><STRONG><a name="[11]"></a>PendSVVector</STRONG> (Thumb, 0 bytes, Stack size 0 bytes, vectors.o(.text))
<BR>[Address Reference Count : 1]<UL><LI> vectors.o(RESET)
</UL>
<P><STRONG><a name="[9]"></a>UsageFaultVector</STRONG> (Thumb, 0 bytes, Stack size 0 bytes, vectors.o(.text))
<BR>[Address Reference Count : 1]<UL><LI> vectors.o(RESET)
</UL>
<P><STRONG><a name="[43]"></a>Vector100</STRONG> (Thumb, 0 bytes, Stack size 0 bytes, vectors.o(.text))
<BR>[Address Reference Count : 1]<UL><LI> vectors.o(RESET)
</UL>
<P><STRONG><a name="[44]"></a>Vector104</STRONG> (Thumb, 0 bytes, Stack size 0 bytes, vectors.o(.text))
<BR>[Address Reference Count : 1]<UL><LI> vectors.o(RESET)
</UL>
<P><STRONG><a name="[45]"></a>Vector108</STRONG> (Thumb, 0 bytes, Stack size 0 bytes, vectors.o(.text))
<BR>[Address Reference Count : 1]<UL><LI> vectors.o(RESET)
</UL>
<P><STRONG><a name="[46]"></a>Vector10C</STRONG> (Thumb, 0 bytes, Stack size 0 bytes, vectors.o(.text))
<BR>[Address Reference Count : 1]<UL><LI> vectors.o(RESET)
</UL>
<P><STRONG><a name="[47]"></a>Vector110</STRONG> (Thumb, 0 bytes, Stack size 0 bytes, vectors.o(.text))
<BR>[Address Reference Count : 1]<UL><LI> vectors.o(RESET)
</UL>
<P><STRONG><a name="[48]"></a>Vector114</STRONG> (Thumb, 0 bytes, Stack size 0 bytes, vectors.o(.text))
<BR>[Address Reference Count : 1]<UL><LI> vectors.o(RESET)
</UL>
<P><STRONG><a name="[49]"></a>Vector118</STRONG> (Thumb, 0 bytes, Stack size 0 bytes, vectors.o(.text))
<BR>[Address Reference Count : 1]<UL><LI> vectors.o(RESET)
</UL>
<P><STRONG><a name="[4a]"></a>Vector11C</STRONG> (Thumb, 0 bytes, Stack size 0 bytes, vectors.o(.text))
<BR>[Address Reference Count : 1]<UL><LI> vectors.o(RESET)
</UL>
<P><STRONG><a name="[50]"></a>Vector134</STRONG> (Thumb, 0 bytes, Stack size 0 bytes, vectors.o(.text))
<BR>[Address Reference Count : 1]<UL><LI> vectors.o(RESET)
</UL>
<P><STRONG><a name="[51]"></a>Vector138</STRONG> (Thumb, 0 bytes, Stack size 0 bytes, vectors.o(.text))
<BR>[Address Reference Count : 1]<UL><LI> vectors.o(RESET)
</UL>
<P><STRONG><a name="[52]"></a>Vector13C</STRONG> (Thumb, 0 bytes, Stack size 0 bytes, vectors.o(.text))
<BR>[Address Reference Count : 1]<UL><LI> vectors.o(RESET)
</UL>
<P><STRONG><a name="[53]"></a>Vector140</STRONG> (Thumb, 0 bytes, Stack size 0 bytes, vectors.o(.text))
<BR>[Address Reference Count : 1]<UL><LI> vectors.o(RESET)
</UL>
<P><STRONG><a name="[54]"></a>Vector144</STRONG> (Thumb, 0 bytes, Stack size 0 bytes, vectors.o(.text))
<BR>[Address Reference Count : 1]<UL><LI> vectors.o(RESET)
</UL>
<P><STRONG><a name="[55]"></a>Vector148</STRONG> (Thumb, 0 bytes, Stack size 0 bytes, vectors.o(.text))
<BR>[Address Reference Count : 1]<UL><LI> vectors.o(RESET)
</UL>
<P><STRONG><a name="[56]"></a>Vector14C</STRONG> (Thumb, 0 bytes, Stack size 0 bytes, vectors.o(.text))
<BR>[Address Reference Count : 1]<UL><LI> vectors.o(RESET)
</UL>
<P><STRONG><a name="[5a]"></a>Vector15C</STRONG> (Thumb, 0 bytes, Stack size 0 bytes, vectors.o(.text))
<BR>[Address Reference Count : 1]<UL><LI> vectors.o(RESET)
</UL>
<P><STRONG><a name="[5b]"></a>Vector160</STRONG> (Thumb, 0 bytes, Stack size 0 bytes, vectors.o(.text))
<BR>[Address Reference Count : 1]<UL><LI> vectors.o(RESET)
</UL>
<P><STRONG><a name="[5c]"></a>Vector164</STRONG> (Thumb, 0 bytes, Stack size 0 bytes, vectors.o(.text))
<BR>[Address Reference Count : 1]<UL><LI> vectors.o(RESET)
</UL>
<P><STRONG><a name="[5d]"></a>Vector168</STRONG> (Thumb, 0 bytes, Stack size 0 bytes, vectors.o(.text))
<BR>[Address Reference Count : 1]<UL><LI> vectors.o(RESET)
</UL>
<P><STRONG><a name="[5e]"></a>Vector16C</STRONG> (Thumb, 0 bytes, Stack size 0 bytes, vectors.o(.text))
<BR>[Address Reference Count : 1]<UL><LI> vectors.o(RESET)
</UL>
<P><STRONG><a name="[5f]"></a>Vector170</STRONG> (Thumb, 0 bytes, Stack size 0 bytes, vectors.o(.text))
<BR>[Address Reference Count : 1]<UL><LI> vectors.o(RESET)
</UL>
<P><STRONG><a name="[60]"></a>Vector174</STRONG> (Thumb, 0 bytes, Stack size 0 bytes, vectors.o(.text))
<BR>[Address Reference Count : 1]<UL><LI> vectors.o(RESET)
</UL>
<P><STRONG><a name="[61]"></a>Vector178</STRONG> (Thumb, 0 bytes, Stack size 0 bytes, vectors.o(.text))
<BR>[Address Reference Count : 1]<UL><LI> vectors.o(RESET)
</UL>
<P><STRONG><a name="[62]"></a>Vector17C</STRONG> (Thumb, 0 bytes, Stack size 0 bytes, vectors.o(.text))
<BR>[Address Reference Count : 1]<UL><LI> vectors.o(RESET)
</UL>
<P><STRONG><a name="[63]"></a>Vector180</STRONG> (Thumb, 0 bytes, Stack size 0 bytes, vectors.o(.text))
<BR>[Address Reference Count : 1]<UL><LI> vectors.o(RESET)
</UL>
<P><STRONG><a name="[64]"></a>Vector184</STRONG> (Thumb, 0 bytes, Stack size 0 bytes, vectors.o(.text))
<BR>[Address Reference Count : 1]<UL><LI> vectors.o(RESET)
</UL>
<P><STRONG><a name="[a]"></a>Vector1C</STRONG> (Thumb, 0 bytes, Stack size 0 bytes, vectors.o(.text))
<BR>[Address Reference Count : 1]<UL><LI> vectors.o(RESET)
</UL>
<P><STRONG><a name="[b]"></a>Vector20</STRONG> (Thumb, 0 bytes, Stack size 0 bytes, vectors.o(.text))
<BR>[Address Reference Count : 1]<UL><LI> vectors.o(RESET)
</UL>
<P><STRONG><a name="[c]"></a>Vector24</STRONG> (Thumb, 0 bytes, Stack size 0 bytes, vectors.o(.text))
<BR>[Address Reference Count : 1]<UL><LI> vectors.o(RESET)
</UL>
<P><STRONG><a name="[d]"></a>Vector28</STRONG> (Thumb, 0 bytes, Stack size 0 bytes, vectors.o(.text))
<BR>[Address Reference Count : 1]<UL><LI> vectors.o(RESET)
</UL>
<P><STRONG><a name="[10]"></a>Vector34</STRONG> (Thumb, 0 bytes, Stack size 0 bytes, vectors.o(.text))
<BR>[Address Reference Count : 1]<UL><LI> vectors.o(RESET)
</UL>
<P><STRONG><a name="[13]"></a>Vector40</STRONG> (Thumb, 0 bytes, Stack size 0 bytes, vectors.o(.text))
<BR>[Address Reference Count : 1]<UL><LI> vectors.o(RESET)
</UL>
<P><STRONG><a name="[14]"></a>Vector44</STRONG> (Thumb, 0 bytes, Stack size 0 bytes, vectors.o(.text))
<BR>[Address Reference Count : 1]<UL><LI> vectors.o(RESET)
</UL>
<P><STRONG><a name="[15]"></a>Vector48</STRONG> (Thumb, 0 bytes, Stack size 0 bytes, vectors.o(.text))
<BR>[Address Reference Count : 1]<UL><LI> vectors.o(RESET)
</UL>
<P><STRONG><a name="[16]"></a>Vector4C</STRONG> (Thumb, 0 bytes, Stack size 0 bytes, vectors.o(.text))
<BR>[Address Reference Count : 1]<UL><LI> vectors.o(RESET)
</UL>
<P><STRONG><a name="[17]"></a>Vector50</STRONG> (Thumb, 0 bytes, Stack size 0 bytes, vectors.o(.text))
<BR>[Address Reference Count : 1]<UL><LI> vectors.o(RESET)
</UL>
<P><STRONG><a name="[18]"></a>Vector54</STRONG> (Thumb, 0 bytes, Stack size 0 bytes, vectors.o(.text))
<BR>[Address Reference Count : 1]<UL><LI> vectors.o(RESET)
</UL>
<P><STRONG><a name="[19]"></a>Vector58</STRONG> (Thumb, 0 bytes, Stack size 0 bytes, vectors.o(.text))
<BR>[Address Reference Count : 1]<UL><LI> vectors.o(RESET)
</UL>
<P><STRONG><a name="[1a]"></a>Vector5C</STRONG> (Thumb, 0 bytes, Stack size 0 bytes, vectors.o(.text))
<BR>[Address Reference Count : 1]<UL><LI> vectors.o(RESET)
</UL>
<P><STRONG><a name="[1b]"></a>Vector60</STRONG> (Thumb, 0 bytes, Stack size 0 bytes, vectors.o(.text))
<BR>[Address Reference Count : 1]<UL><LI> vectors.o(RESET)
</UL>
<P><STRONG><a name="[1c]"></a>Vector64</STRONG> (Thumb, 0 bytes, Stack size 0 bytes, vectors.o(.text))
<BR>[Address Reference Count : 1]<UL><LI> vectors.o(RESET)
</UL>
<P><STRONG><a name="[1d]"></a>Vector68</STRONG> (Thumb, 0 bytes, Stack size 0 bytes, vectors.o(.text))
<BR>[Address Reference Count : 1]<UL><LI> vectors.o(RESET)
</UL>
<P><STRONG><a name="[26]"></a>Vector8C</STRONG> (Thumb, 0 bytes, Stack size 0 bytes, vectors.o(.text))
<BR>[Address Reference Count : 1]<UL><LI> vectors.o(RESET)
</UL>
<P><STRONG><a name="[27]"></a>Vector90</STRONG> (Thumb, 0 bytes, Stack size 0 bytes, vectors.o(.text))
<BR>[Address Reference Count : 1]<UL><LI> vectors.o(RESET)
</UL>
<P><STRONG><a name="[28]"></a>Vector94</STRONG> (Thumb, 0 bytes, Stack size 0 bytes, vectors.o(.text))
<BR>[Address Reference Count : 1]<UL><LI> vectors.o(RESET)
</UL>
<P><STRONG><a name="[29]"></a>Vector98</STRONG> (Thumb, 0 bytes, Stack size 0 bytes, vectors.o(.text))
<BR>[Address Reference Count : 1]<UL><LI> vectors.o(RESET)
</UL>
<P><STRONG><a name="[2a]"></a>Vector9C</STRONG> (Thumb, 0 bytes, Stack size 0 bytes, vectors.o(.text))
<BR>[Address Reference Count : 1]<UL><LI> vectors.o(RESET)
</UL>
<P><STRONG><a name="[2b]"></a>VectorA0</STRONG> (Thumb, 0 bytes, Stack size 0 bytes, vectors.o(.text))
<BR>[Address Reference Count : 1]<UL><LI> vectors.o(RESET)
</UL>
<P><STRONG><a name="[2c]"></a>VectorA4</STRONG> (Thumb, 0 bytes, Stack size 0 bytes, vectors.o(.text))
<BR>[Address Reference Count : 1]<UL><LI> vectors.o(RESET)
</UL>
<P><STRONG><a name="[2d]"></a>VectorA8</STRONG> (Thumb, 0 bytes, Stack size 0 bytes, vectors.o(.text))
<BR>[Address Reference Count : 1]<UL><LI> vectors.o(RESET)
</UL>
<P><STRONG><a name="[2e]"></a>VectorAC</STRONG> (Thumb, 0 bytes, Stack size 0 bytes, vectors.o(.text))
<BR>[Address Reference Count : 1]<UL><LI> vectors.o(RESET)
</UL>
<P><STRONG><a name="[2f]"></a>VectorB0</STRONG> (Thumb, 0 bytes, Stack size 0 bytes, vectors.o(.text))
<BR>[Address Reference Count : 1]<UL><LI> vectors.o(RESET)
</UL>
<P><STRONG><a name="[30]"></a>VectorB4</STRONG> (Thumb, 0 bytes, Stack size 0 bytes, vectors.o(.text))
<BR>[Address Reference Count : 1]<UL><LI> vectors.o(RESET)
</UL>
<P><STRONG><a name="[32]"></a>VectorBC</STRONG> (Thumb, 0 bytes, Stack size 0 bytes, vectors.o(.text))
<BR>[Address Reference Count : 1]<UL><LI> vectors.o(RESET)
</UL>
<P><STRONG><a name="[33]"></a>VectorC0</STRONG> (Thumb, 0 bytes, Stack size 0 bytes, vectors.o(.text))
<BR>[Address Reference Count : 1]<UL><LI> vectors.o(RESET)
</UL>
<P><STRONG><a name="[34]"></a>VectorC4</STRONG> (Thumb, 0 bytes, Stack size 0 bytes, vectors.o(.text))
<BR>[Address Reference Count : 1]<UL><LI> vectors.o(RESET)
</UL>
<P><STRONG><a name="[35]"></a>VectorC8</STRONG> (Thumb, 0 bytes, Stack size 0 bytes, vectors.o(.text))
<BR>[Address Reference Count : 1]<UL><LI> vectors.o(RESET)
</UL>
<P><STRONG><a name="[36]"></a>VectorCC</STRONG> (Thumb, 0 bytes, Stack size 0 bytes, vectors.o(.text))
<BR>[Address Reference Count : 1]<UL><LI> vectors.o(RESET)
</UL>
<P><STRONG><a name="[37]"></a>VectorD0</STRONG> (Thumb, 0 bytes, Stack size 0 bytes, vectors.o(.text))
<BR>[Address Reference Count : 1]<UL><LI> vectors.o(RESET)
</UL>
<P><STRONG><a name="[38]"></a>VectorD4</STRONG> (Thumb, 0 bytes, Stack size 0 bytes, vectors.o(.text))
<BR>[Address Reference Count : 1]<UL><LI> vectors.o(RESET)
</UL>
<P><STRONG><a name="[3a]"></a>VectorDC</STRONG> (Thumb, 0 bytes, Stack size 0 bytes, vectors.o(.text))
<BR>[Address Reference Count : 1]<UL><LI> vectors.o(RESET)
</UL>
<P><STRONG><a name="[3b]"></a>VectorE0</STRONG> (Thumb, 0 bytes, Stack size 0 bytes, vectors.o(.text))
<BR>[Address Reference Count : 1]<UL><LI> vectors.o(RESET)
</UL>
<P><STRONG><a name="[3c]"></a>VectorE4</STRONG> (Thumb, 0 bytes, Stack size 0 bytes, vectors.o(.text))
<BR>[Address Reference Count : 1]<UL><LI> vectors.o(RESET)
</UL>
<P><STRONG><a name="[3d]"></a>VectorE8</STRONG> (Thumb, 0 bytes, Stack size 0 bytes, vectors.o(.text))
<BR>[Address Reference Count : 1]<UL><LI> vectors.o(RESET)
</UL>
<P><STRONG><a name="[3e]"></a>VectorEC</STRONG> (Thumb, 0 bytes, Stack size 0 bytes, vectors.o(.text))
<BR>[Address Reference Count : 1]<UL><LI> vectors.o(RESET)
</UL>
<P><STRONG><a name="[3f]"></a>VectorF0</STRONG> (Thumb, 0 bytes, Stack size 0 bytes, vectors.o(.text))
<BR>[Address Reference Count : 1]<UL><LI> vectors.o(RESET)
</UL>
<P><STRONG><a name="[40]"></a>VectorF4</STRONG> (Thumb, 0 bytes, Stack size 0 bytes, vectors.o(.text))
<BR>[Address Reference Count : 1]<UL><LI> vectors.o(RESET)
</UL>
<P><STRONG><a name="[41]"></a>VectorF8</STRONG> (Thumb, 0 bytes, Stack size 0 bytes, vectors.o(.text))
<BR>[Address Reference Count : 1]<UL><LI> vectors.o(RESET)
</UL>
<P><STRONG><a name="[f5]"></a>_unhandled_exception</STRONG> (Thumb, 2 bytes, Stack size 0 bytes, vectors.o(.text), UNUSED)
<BR><BR>[Calls]<UL><LI><a href="#[f5]">&gt;&gt;</a>&nbsp;&nbsp;&nbsp;_unhandled_exception
</UL>
<BR>[Called By]<UL><LI><a href="#[f5]">&gt;&gt;</a>&nbsp;&nbsp;&nbsp;_unhandled_exception
</UL>

<P><STRONG><a name="[196]"></a>nvicEnableVector</STRONG> (Thumb, 64 bytes, Stack size 4 bytes, nvic.o(.text))
<BR><BR>[Stack]<UL><LI>Max Depth = 4<LI>Call Chain = nvicEnableVector
</UL>
<BR>[Called By]<UL><LI><a href="#[197]">&gt;&gt;</a>&nbsp;&nbsp;&nbsp;dmaStreamAllocate
<LI><a href="#[178]">&gt;&gt;</a>&nbsp;&nbsp;&nbsp;sd_lld_start
<LI><a href="#[16c]">&gt;&gt;</a>&nbsp;&nbsp;&nbsp;pwm_lld_start
<LI><a href="#[154]">&gt;&gt;</a>&nbsp;&nbsp;&nbsp;adc_lld_init
</UL>

<P><STRONG><a name="[19b]"></a>nvicDisableVector</STRONG> (Thumb, 54 bytes, Stack size 0 bytes, nvic.o(.text), UNUSED)
<BR><BR>[Called By]<UL><LI><a href="#[198]">&gt;&gt;</a>&nbsp;&nbsp;&nbsp;dmaStreamRelease
<LI><a href="#[17a]">&gt;&gt;</a>&nbsp;&nbsp;&nbsp;sd_lld_stop
<LI><a href="#[16e]">&gt;&gt;</a>&nbsp;&nbsp;&nbsp;pwm_lld_stop
</UL>

<P><STRONG><a name="[f4]"></a>nvicSetSystemHandlerPriority</STRONG> (Thumb, 38 bytes, Stack size 0 bytes, nvic.o(.text))
<BR><BR>[Called By]<UL><LI><a href="#[f3]">&gt;&gt;</a>&nbsp;&nbsp;&nbsp;_port_init
</UL>

<P><STRONG><a name="[1b6]"></a>chCondInit</STRONG> (Thumb, 6 bytes, Stack size 0 bytes, chcond.o(.text))
<BR><BR>[Called By]<UL><LI><a href="#[ca]">&gt;&gt;</a>&nbsp;&nbsp;&nbsp;mtx8_setup
<LI><a href="#[c8]">&gt;&gt;</a>&nbsp;&nbsp;&nbsp;mtx7_setup
<LI><a href="#[c6]">&gt;&gt;</a>&nbsp;&nbsp;&nbsp;mtx6_setup
</UL>

<P><STRONG><a name="[f6]"></a>chCondSignal</STRONG> (Thumb, 36 bytes, Stack size 8 bytes, chcond.o(.text))
<BR><BR>[Stack]<UL><LI>Max Depth = 16<LI>Call Chain = chCondSignal &rArr; chSchWakeupS
</UL>
<BR>[Calls]<UL><LI><a href="#[f7]">&gt;&gt;</a>&nbsp;&nbsp;&nbsp;chSchWakeupS
</UL>
<BR>[Called By]<UL><LI><a href="#[cb]">&gt;&gt;</a>&nbsp;&nbsp;&nbsp;mtx8_execute
</UL>

<P><STRONG><a name="[f8]"></a>chCondSignalI</STRONG> (Thumb, 28 bytes, Stack size 8 bytes, chcond.o(.text))
<BR><BR>[Stack]<UL><LI>Max Depth = 8<LI>Call Chain = chCondSignalI
</UL>
<BR>[Calls]<UL><LI><a href="#[f9]">&gt;&gt;</a>&nbsp;&nbsp;&nbsp;chSchReadyI
</UL>
<BR>[Called By]<UL><LI><a href="#[c7]">&gt;&gt;</a>&nbsp;&nbsp;&nbsp;mtx6_execute
</UL>

<P><STRONG><a name="[fa]"></a>chCondBroadcastI</STRONG> (Thumb, 38 bytes, Stack size 16 bytes, chcond.o(.text), UNUSED)
<BR><BR>[Calls]<UL><LI><a href="#[f9]">&gt;&gt;</a>&nbsp;&nbsp;&nbsp;chSchReadyI
</UL>

<P><STRONG><a name="[fb]"></a>chCondBroadcast</STRONG> (Thumb, 54 bytes, Stack size 16 bytes, chcond.o(.text))
<BR><BR>[Stack]<UL><LI>Max Depth = 16<LI>Call Chain = chCondBroadcast
</UL>
<BR>[Calls]<UL><LI><a href="#[fc]">&gt;&gt;</a>&nbsp;&nbsp;&nbsp;chSchRescheduleS
<LI><a href="#[f9]">&gt;&gt;</a>&nbsp;&nbsp;&nbsp;chSchReadyI
</UL>
<BR>[Called By]<UL><LI><a href="#[c9]">&gt;&gt;</a>&nbsp;&nbsp;&nbsp;mtx7_execute
</UL>

<P><STRONG><a name="[fd]"></a>chCondWaitS</STRONG> (Thumb, 66 bytes, Stack size 24 bytes, chcond.o(.text), UNUSED)
<BR><BR>[Calls]<UL><LI><a href="#[ff]">&gt;&gt;</a>&nbsp;&nbsp;&nbsp;chSchGoSleepS
<LI><a href="#[fe]">&gt;&gt;</a>&nbsp;&nbsp;&nbsp;chMtxUnlockS
<LI><a href="#[100]">&gt;&gt;</a>&nbsp;&nbsp;&nbsp;chMtxLockS
</UL>

<P><STRONG><a name="[101]"></a>chCondWait</STRONG> (Thumb, 78 bytes, Stack size 24 bytes, chcond.o(.text))
<BR><BR>[Stack]<UL><LI>Max Depth = 40<LI>Call Chain = chCondWait &rArr; chMtxLockS
</UL>
<BR>[Calls]<UL><LI><a href="#[ff]">&gt;&gt;</a>&nbsp;&nbsp;&nbsp;chSchGoSleepS
<LI><a href="#[fe]">&gt;&gt;</a>&nbsp;&nbsp;&nbsp;chMtxUnlockS
<LI><a href="#[100]">&gt;&gt;</a>&nbsp;&nbsp;&nbsp;chMtxLockS
</UL>
<BR>[Called By]<UL><LI><a href="#[84]">&gt;&gt;</a>&nbsp;&nbsp;&nbsp;thread10
</UL>

<P><STRONG><a name="[102]"></a>chCondWaitTimeoutS</STRONG> (Thumb, 76 bytes, Stack size 24 bytes, chcond.o(.text), UNUSED)
<BR><BR>[Calls]<UL><LI><a href="#[103]">&gt;&gt;</a>&nbsp;&nbsp;&nbsp;chSchGoSleepTimeoutS
<LI><a href="#[fe]">&gt;&gt;</a>&nbsp;&nbsp;&nbsp;chMtxUnlockS
<LI><a href="#[100]">&gt;&gt;</a>&nbsp;&nbsp;&nbsp;chMtxLockS
</UL>

<P><STRONG><a name="[104]"></a>chCondWaitTimeout</STRONG> (Thumb, 88 bytes, Stack size 24 bytes, chcond.o(.text))
<BR><BR>[Stack]<UL><LI>Max Depth = 64<LI>Call Chain = chCondWaitTimeout &rArr; chSchGoSleepTimeoutS
</UL>
<BR>[Calls]<UL><LI><a href="#[103]">&gt;&gt;</a>&nbsp;&nbsp;&nbsp;chSchGoSleepTimeoutS
<LI><a href="#[fe]">&gt;&gt;</a>&nbsp;&nbsp;&nbsp;chMtxUnlockS
<LI><a href="#[100]">&gt;&gt;</a>&nbsp;&nbsp;&nbsp;chMtxLockS
</UL>
<BR>[Called By]<UL><LI><a href="#[85]">&gt;&gt;</a>&nbsp;&nbsp;&nbsp;thread11
</UL>

<P><STRONG><a name="[1ab]"></a>chThdAddRef</STRONG> (Thumb, 20 bytes, Stack size 0 bytes, chdynamic.o(.text))
<BR><BR>[Called By]<UL><LI><a href="#[ad]">&gt;&gt;</a>&nbsp;&nbsp;&nbsp;dyn3_execute
</UL>

<P><STRONG><a name="[105]"></a>chThdRelease</STRONG> (Thumb, 86 bytes, Stack size 0 bytes, chdynamic.o(.text))
<BR><BR>[Stack]<UL><LI>Max Depth = 40<LI>Call Chain = chThdRelease &rArr; chHeapFree &rArr; chMtxUnlock &rArr; chSchWakeupS
</UL>
<BR>[Calls]<UL><LI><a href="#[106]">&gt;&gt;</a>&nbsp;&nbsp;&nbsp;chPoolFree
<LI><a href="#[107]">&gt;&gt;</a>&nbsp;&nbsp;&nbsp;chHeapFree
</UL>
<BR>[Called By]<UL><LI><a href="#[152]">&gt;&gt;</a>&nbsp;&nbsp;&nbsp;chThdWait
<LI><a href="#[138]">&gt;&gt;</a>&nbsp;&nbsp;&nbsp;chRegNextThread
<LI><a href="#[ad]">&gt;&gt;</a>&nbsp;&nbsp;&nbsp;dyn3_execute
</UL>

<P><STRONG><a name="[108]"></a>chThdCreateFromHeap</STRONG> (Thumb, 62 bytes, Stack size 24 bytes, chdynamic.o(.text))
<BR><BR>[Stack]<UL><LI>Max Depth = 72<LI>Call Chain = chThdCreateFromHeap &rArr; chHeapAlloc &rArr; chMtxUnlock &rArr; chSchWakeupS
</UL>
<BR>[Calls]<UL><LI><a href="#[10a]">&gt;&gt;</a>&nbsp;&nbsp;&nbsp;chThdCreateI
<LI><a href="#[109]">&gt;&gt;</a>&nbsp;&nbsp;&nbsp;chHeapAlloc
<LI><a href="#[f7]">&gt;&gt;</a>&nbsp;&nbsp;&nbsp;chSchWakeupS
</UL>
<BR>[Called By]<UL><LI><a href="#[ad]">&gt;&gt;</a>&nbsp;&nbsp;&nbsp;dyn3_execute
<LI><a href="#[a9]">&gt;&gt;</a>&nbsp;&nbsp;&nbsp;dyn1_execute
</UL>

<P><STRONG><a name="[10b]"></a>chThdCreateFromMemoryPool</STRONG> (Thumb, 64 bytes, Stack size 24 bytes, chdynamic.o(.text))
<BR><BR>[Stack]<UL><LI>Max Depth = 32<LI>Call Chain = chThdCreateFromMemoryPool &rArr; chPoolAlloc
</UL>
<BR>[Calls]<UL><LI><a href="#[10a]">&gt;&gt;</a>&nbsp;&nbsp;&nbsp;chThdCreateI
<LI><a href="#[10c]">&gt;&gt;</a>&nbsp;&nbsp;&nbsp;chPoolAlloc
<LI><a href="#[f7]">&gt;&gt;</a>&nbsp;&nbsp;&nbsp;chSchWakeupS
</UL>
<BR>[Called By]<UL><LI><a href="#[ab]">&gt;&gt;</a>&nbsp;&nbsp;&nbsp;dyn2_execute
</UL>

<P><STRONG><a name="[1ae]"></a>chEvtRegisterMask</STRONG> (Thumb, 30 bytes, Stack size 0 bytes, chevents.o(.text))
<BR><BR>[Called By]<UL><LI><a href="#[b4]">&gt;&gt;</a>&nbsp;&nbsp;&nbsp;evt2_execute
<LI><a href="#[b2]">&gt;&gt;</a>&nbsp;&nbsp;&nbsp;evt1_execute
</UL>

<P><STRONG><a name="[1af]"></a>chEvtUnregister</STRONG> (Thumb, 42 bytes, Stack size 0 bytes, chevents.o(.text))
<BR><BR>[Called By]<UL><LI><a href="#[b4]">&gt;&gt;</a>&nbsp;&nbsp;&nbsp;evt2_execute
<LI><a href="#[b2]">&gt;&gt;</a>&nbsp;&nbsp;&nbsp;evt1_execute
</UL>

<P><STRONG><a name="[1ad]"></a>chEvtGetAndClearEvents</STRONG> (Thumb, 32 bytes, Stack size 0 bytes, chevents.o(.text))
<BR><BR>[Called By]<UL><LI><a href="#[b5]">&gt;&gt;</a>&nbsp;&nbsp;&nbsp;evt3_setup
<LI><a href="#[b4]">&gt;&gt;</a>&nbsp;&nbsp;&nbsp;evt2_execute
<LI><a href="#[b3]">&gt;&gt;</a>&nbsp;&nbsp;&nbsp;evt2_setup
<LI><a href="#[b1]">&gt;&gt;</a>&nbsp;&nbsp;&nbsp;evt1_setup
</UL>

<P><STRONG><a name="[1b1]"></a>chEvtAddEvents</STRONG> (Thumb, 24 bytes, Stack size 0 bytes, chevents.o(.text))
<BR><BR>[Called By]<UL><LI><a href="#[b4]">&gt;&gt;</a>&nbsp;&nbsp;&nbsp;evt2_execute
</UL>

<P><STRONG><a name="[10d]"></a>chEvtSignalI</STRONG> (Thumb, 46 bytes, Stack size 8 bytes, chevents.o(.text), UNUSED)
<BR><BR>[Calls]<UL><LI><a href="#[f9]">&gt;&gt;</a>&nbsp;&nbsp;&nbsp;chSchReadyI
</UL>

<P><STRONG><a name="[10e]"></a>chEvtBroadcastFlagsI</STRONG> (Thumb, 78 bytes, Stack size 24 bytes, chevents.o(.text))
<BR><BR>[Stack]<UL><LI>Max Depth = 24<LI>Call Chain = chEvtBroadcastFlagsI
</UL>
<BR>[Calls]<UL><LI><a href="#[f9]">&gt;&gt;</a>&nbsp;&nbsp;&nbsp;chSchReadyI
</UL>
<BR>[Called By]<UL><LI><a href="#[39]">&gt;&gt;</a>&nbsp;&nbsp;&nbsp;VectorD8
<LI><a href="#[17c]">&gt;&gt;</a>&nbsp;&nbsp;&nbsp;sdRequestDataI
<LI><a href="#[17b]">&gt;&gt;</a>&nbsp;&nbsp;&nbsp;sdIncomingDataI
</UL>

<P><STRONG><a name="[1e0]"></a>chEvtGetAndClearFlags</STRONG> (Thumb, 20 bytes, Stack size 0 bytes, chevents.o(.text), UNUSED)

<P><STRONG><a name="[10f]"></a>chEvtSignal</STRONG> (Thumb, 58 bytes, Stack size 8 bytes, chevents.o(.text))
<BR><BR>[Stack]<UL><LI>Max Depth = 8<LI>Call Chain = chEvtSignal
</UL>
<BR>[Calls]<UL><LI><a href="#[fc]">&gt;&gt;</a>&nbsp;&nbsp;&nbsp;chSchRescheduleS
<LI><a href="#[f9]">&gt;&gt;</a>&nbsp;&nbsp;&nbsp;chSchReadyI
</UL>
<BR>[Called By]<UL><LI><a href="#[76]">&gt;&gt;</a>&nbsp;&nbsp;&nbsp;thread1
</UL>

<P><STRONG><a name="[110]"></a>chEvtBroadcastFlags</STRONG> (Thumb, 88 bytes, Stack size 24 bytes, chevents.o(.text))
<BR><BR>[Stack]<UL><LI>Max Depth = 24<LI>Call Chain = chEvtBroadcastFlags
</UL>
<BR>[Calls]<UL><LI><a href="#[fc]">&gt;&gt;</a>&nbsp;&nbsp;&nbsp;chSchRescheduleS
<LI><a href="#[f9]">&gt;&gt;</a>&nbsp;&nbsp;&nbsp;chSchReadyI
</UL>
<BR>[Called By]<UL><LI><a href="#[77]">&gt;&gt;</a>&nbsp;&nbsp;&nbsp;thread2
</UL>

<P><STRONG><a name="[1e1]"></a>chEvtGetAndClearFlagsI</STRONG> (Thumb, 10 bytes, Stack size 0 bytes, chevents.o(.text), UNUSED)

<P><STRONG><a name="[1b0]"></a>chEvtDispatch</STRONG> (Thumb, 48 bytes, Stack size 24 bytes, chevents.o(.text))
<BR><BR>[Stack]<UL><LI>Max Depth = 24<LI>Call Chain = chEvtDispatch
</UL>
<BR>[Called By]<UL><LI><a href="#[b2]">&gt;&gt;</a>&nbsp;&nbsp;&nbsp;evt1_execute
</UL>

<P><STRONG><a name="[111]"></a>chEvtWaitOne</STRONG> (Thumb, 50 bytes, Stack size 16 bytes, chevents.o(.text))
<BR><BR>[Stack]<UL><LI>Max Depth = 16<LI>Call Chain = chEvtWaitOne
</UL>
<BR>[Calls]<UL><LI><a href="#[ff]">&gt;&gt;</a>&nbsp;&nbsp;&nbsp;chSchGoSleepS
</UL>
<BR>[Called By]<UL><LI><a href="#[b4]">&gt;&gt;</a>&nbsp;&nbsp;&nbsp;evt2_execute
</UL>

<P><STRONG><a name="[112]"></a>chEvtWaitAny</STRONG> (Thumb, 46 bytes, Stack size 16 bytes, chevents.o(.text))
<BR><BR>[Stack]<UL><LI>Max Depth = 16<LI>Call Chain = chEvtWaitAny
</UL>
<BR>[Calls]<UL><LI><a href="#[ff]">&gt;&gt;</a>&nbsp;&nbsp;&nbsp;chSchGoSleepS
</UL>
<BR>[Called By]<UL><LI><a href="#[b4]">&gt;&gt;</a>&nbsp;&nbsp;&nbsp;evt2_execute
</UL>

<P><STRONG><a name="[113]"></a>chEvtWaitAll</STRONG> (Thumb, 46 bytes, Stack size 16 bytes, chevents.o(.text))
<BR><BR>[Stack]<UL><LI>Max Depth = 16<LI>Call Chain = chEvtWaitAll
</UL>
<BR>[Calls]<UL><LI><a href="#[ff]">&gt;&gt;</a>&nbsp;&nbsp;&nbsp;chSchGoSleepS
</UL>
<BR>[Called By]<UL><LI><a href="#[b4]">&gt;&gt;</a>&nbsp;&nbsp;&nbsp;evt2_execute
</UL>

<P><STRONG><a name="[114]"></a>chEvtWaitOneTimeout</STRONG> (Thumb, 68 bytes, Stack size 16 bytes, chevents.o(.text))
<BR><BR>[Stack]<UL><LI>Max Depth = 56<LI>Call Chain = chEvtWaitOneTimeout &rArr; chSchGoSleepTimeoutS
</UL>
<BR>[Calls]<UL><LI><a href="#[103]">&gt;&gt;</a>&nbsp;&nbsp;&nbsp;chSchGoSleepTimeoutS
</UL>
<BR>[Called By]<UL><LI><a href="#[b6]">&gt;&gt;</a>&nbsp;&nbsp;&nbsp;evt3_execute
</UL>

<P><STRONG><a name="[115]"></a>chEvtWaitAnyTimeout</STRONG> (Thumb, 64 bytes, Stack size 16 bytes, chevents.o(.text))
<BR><BR>[Stack]<UL><LI>Max Depth = 56<LI>Call Chain = chEvtWaitAnyTimeout &rArr; chSchGoSleepTimeoutS
</UL>
<BR>[Calls]<UL><LI><a href="#[103]">&gt;&gt;</a>&nbsp;&nbsp;&nbsp;chSchGoSleepTimeoutS
</UL>
<BR>[Called By]<UL><LI><a href="#[b6]">&gt;&gt;</a>&nbsp;&nbsp;&nbsp;evt3_execute
</UL>

<P><STRONG><a name="[116]"></a>chEvtWaitAllTimeout</STRONG> (Thumb, 62 bytes, Stack size 16 bytes, chevents.o(.text))
<BR><BR>[Stack]<UL><LI>Max Depth = 56<LI>Call Chain = chEvtWaitAllTimeout &rArr; chSchGoSleepTimeoutS
</UL>
<BR>[Calls]<UL><LI><a href="#[103]">&gt;&gt;</a>&nbsp;&nbsp;&nbsp;chSchGoSleepTimeoutS
</UL>
<BR>[Called By]<UL><LI><a href="#[b6]">&gt;&gt;</a>&nbsp;&nbsp;&nbsp;evt3_execute
</UL>

<P><STRONG><a name="[117]"></a>_heap_init</STRONG> (Thumb, 22 bytes, Stack size 0 bytes, chheap.o(.text))
<BR><BR>[Calls]<UL><LI><a href="#[118]">&gt;&gt;</a>&nbsp;&nbsp;&nbsp;chMtxInit
</UL>
<BR>[Called By]<UL><LI><a href="#[145]">&gt;&gt;</a>&nbsp;&nbsp;&nbsp;chSysInit
</UL>

<P><STRONG><a name="[119]"></a>chHeapInit</STRONG> (Thumb, 20 bytes, Stack size 0 bytes, chheap.o(.text))
<BR><BR>[Calls]<UL><LI><a href="#[118]">&gt;&gt;</a>&nbsp;&nbsp;&nbsp;chMtxInit
</UL>
<BR>[Called By]<UL><LI><a href="#[b7]">&gt;&gt;</a>&nbsp;&nbsp;&nbsp;heap1_setup
<LI><a href="#[ac]">&gt;&gt;</a>&nbsp;&nbsp;&nbsp;dyn3_setup
<LI><a href="#[a8]">&gt;&gt;</a>&nbsp;&nbsp;&nbsp;dyn1_setup
</UL>

<P><STRONG><a name="[109]"></a>chHeapAlloc</STRONG> (Thumb, 128 bytes, Stack size 24 bytes, chheap.o(.text))
<BR><BR>[Stack]<UL><LI>Max Depth = 48<LI>Call Chain = chHeapAlloc &rArr; chMtxUnlock &rArr; chSchWakeupS
</UL>
<BR>[Calls]<UL><LI><a href="#[11b]">&gt;&gt;</a>&nbsp;&nbsp;&nbsp;chMtxUnlock
<LI><a href="#[11a]">&gt;&gt;</a>&nbsp;&nbsp;&nbsp;chMtxLock
</UL>
<BR>[Called By]<UL><LI><a href="#[108]">&gt;&gt;</a>&nbsp;&nbsp;&nbsp;chThdCreateFromHeap
<LI><a href="#[b8]">&gt;&gt;</a>&nbsp;&nbsp;&nbsp;heap1_execute
<LI><a href="#[a9]">&gt;&gt;</a>&nbsp;&nbsp;&nbsp;dyn1_execute
</UL>

<P><STRONG><a name="[107]"></a>chHeapFree</STRONG> (Thumb, 106 bytes, Stack size 16 bytes, chheap.o(.text))
<BR><BR>[Stack]<UL><LI>Max Depth = 40<LI>Call Chain = chHeapFree &rArr; chMtxUnlock &rArr; chSchWakeupS
</UL>
<BR>[Calls]<UL><LI><a href="#[11b]">&gt;&gt;</a>&nbsp;&nbsp;&nbsp;chMtxUnlock
<LI><a href="#[11a]">&gt;&gt;</a>&nbsp;&nbsp;&nbsp;chMtxLock
</UL>
<BR>[Called By]<UL><LI><a href="#[105]">&gt;&gt;</a>&nbsp;&nbsp;&nbsp;chThdRelease
<LI><a href="#[b8]">&gt;&gt;</a>&nbsp;&nbsp;&nbsp;heap1_execute
<LI><a href="#[a9]">&gt;&gt;</a>&nbsp;&nbsp;&nbsp;dyn1_execute
</UL>

<P><STRONG><a name="[11c]"></a>chHeapStatus</STRONG> (Thumb, 54 bytes, Stack size 16 bytes, chheap.o(.text))
<BR><BR>[Stack]<UL><LI>Max Depth = 40<LI>Call Chain = chHeapStatus &rArr; chMtxUnlock &rArr; chSchWakeupS
</UL>
<BR>[Calls]<UL><LI><a href="#[11b]">&gt;&gt;</a>&nbsp;&nbsp;&nbsp;chMtxUnlock
<LI><a href="#[11a]">&gt;&gt;</a>&nbsp;&nbsp;&nbsp;chMtxLock
</UL>
<BR>[Called By]<UL><LI><a href="#[b8]">&gt;&gt;</a>&nbsp;&nbsp;&nbsp;heap1_execute
<LI><a href="#[a9]">&gt;&gt;</a>&nbsp;&nbsp;&nbsp;dyn1_execute
</UL>

<P><STRONG><a name="[11d]"></a>chMBInit</STRONG> (Thumb, 40 bytes, Stack size 8 bytes, chmboxes.o(.text))
<BR><BR>[Stack]<UL><LI>Max Depth = 8<LI>Call Chain = chMBInit
</UL>
<BR>[Calls]<UL><LI><a href="#[11e]">&gt;&gt;</a>&nbsp;&nbsp;&nbsp;chSemInit
</UL>
<BR>[Called By]<UL><LI><a href="#[b9]">&gt;&gt;</a>&nbsp;&nbsp;&nbsp;mbox1_setup
</UL>

<P><STRONG><a name="[11f]"></a>chMBReset</STRONG> (Thumb, 52 bytes, Stack size 8 bytes, chmboxes.o(.text))
<BR><BR>[Stack]<UL><LI>Max Depth = 24<LI>Call Chain = chMBReset &rArr; chSemResetI
</UL>
<BR>[Calls]<UL><LI><a href="#[120]">&gt;&gt;</a>&nbsp;&nbsp;&nbsp;chSemResetI
<LI><a href="#[fc]">&gt;&gt;</a>&nbsp;&nbsp;&nbsp;chSchRescheduleS
</UL>
<BR>[Called By]<UL><LI><a href="#[ba]">&gt;&gt;</a>&nbsp;&nbsp;&nbsp;mbox1_execute
</UL>

<P><STRONG><a name="[121]"></a>chMBPostS</STRONG> (Thumb, 54 bytes, Stack size 16 bytes, chmboxes.o(.text), UNUSED)
<BR><BR>[Calls]<UL><LI><a href="#[122]">&gt;&gt;</a>&nbsp;&nbsp;&nbsp;chSemWaitTimeoutS
<LI><a href="#[123]">&gt;&gt;</a>&nbsp;&nbsp;&nbsp;chSemSignalI
<LI><a href="#[fc]">&gt;&gt;</a>&nbsp;&nbsp;&nbsp;chSchRescheduleS
</UL>

<P><STRONG><a name="[124]"></a>chMBPost</STRONG> (Thumb, 66 bytes, Stack size 16 bytes, chmboxes.o(.text))
<BR><BR>[Stack]<UL><LI>Max Depth = 56<LI>Call Chain = chMBPost &rArr; chSemWaitTimeoutS &rArr; chSchGoSleepTimeoutS
</UL>
<BR>[Calls]<UL><LI><a href="#[122]">&gt;&gt;</a>&nbsp;&nbsp;&nbsp;chSemWaitTimeoutS
<LI><a href="#[123]">&gt;&gt;</a>&nbsp;&nbsp;&nbsp;chSemSignalI
<LI><a href="#[fc]">&gt;&gt;</a>&nbsp;&nbsp;&nbsp;chSchRescheduleS
</UL>
<BR>[Called By]<UL><LI><a href="#[ba]">&gt;&gt;</a>&nbsp;&nbsp;&nbsp;mbox1_execute
</UL>

<P><STRONG><a name="[125]"></a>chMBPostI</STRONG> (Thumb, 48 bytes, Stack size 8 bytes, chmboxes.o(.text))
<BR><BR>[Stack]<UL><LI>Max Depth = 8<LI>Call Chain = chMBPostI
</UL>
<BR>[Calls]<UL><LI><a href="#[123]">&gt;&gt;</a>&nbsp;&nbsp;&nbsp;chSemSignalI
</UL>
<BR>[Called By]<UL><LI><a href="#[ba]">&gt;&gt;</a>&nbsp;&nbsp;&nbsp;mbox1_execute
</UL>

<P><STRONG><a name="[126]"></a>chMBPostAheadS</STRONG> (Thumb, 54 bytes, Stack size 16 bytes, chmboxes.o(.text), UNUSED)
<BR><BR>[Calls]<UL><LI><a href="#[122]">&gt;&gt;</a>&nbsp;&nbsp;&nbsp;chSemWaitTimeoutS
<LI><a href="#[123]">&gt;&gt;</a>&nbsp;&nbsp;&nbsp;chSemSignalI
<LI><a href="#[fc]">&gt;&gt;</a>&nbsp;&nbsp;&nbsp;chSchRescheduleS
</UL>

<P><STRONG><a name="[127]"></a>chMBPostAhead</STRONG> (Thumb, 66 bytes, Stack size 16 bytes, chmboxes.o(.text))
<BR><BR>[Stack]<UL><LI>Max Depth = 56<LI>Call Chain = chMBPostAhead &rArr; chSemWaitTimeoutS &rArr; chSchGoSleepTimeoutS
</UL>
<BR>[Calls]<UL><LI><a href="#[122]">&gt;&gt;</a>&nbsp;&nbsp;&nbsp;chSemWaitTimeoutS
<LI><a href="#[123]">&gt;&gt;</a>&nbsp;&nbsp;&nbsp;chSemSignalI
<LI><a href="#[fc]">&gt;&gt;</a>&nbsp;&nbsp;&nbsp;chSchRescheduleS
</UL>
<BR>[Called By]<UL><LI><a href="#[ba]">&gt;&gt;</a>&nbsp;&nbsp;&nbsp;mbox1_execute
</UL>

<P><STRONG><a name="[128]"></a>chMBPostAheadI</STRONG> (Thumb, 48 bytes, Stack size 8 bytes, chmboxes.o(.text))
<BR><BR>[Stack]<UL><LI>Max Depth = 8<LI>Call Chain = chMBPostAheadI
</UL>
<BR>[Calls]<UL><LI><a href="#[123]">&gt;&gt;</a>&nbsp;&nbsp;&nbsp;chSemSignalI
</UL>
<BR>[Called By]<UL><LI><a href="#[ba]">&gt;&gt;</a>&nbsp;&nbsp;&nbsp;mbox1_execute
</UL>

<P><STRONG><a name="[129]"></a>chMBFetchS</STRONG> (Thumb, 56 bytes, Stack size 16 bytes, chmboxes.o(.text), UNUSED)
<BR><BR>[Calls]<UL><LI><a href="#[122]">&gt;&gt;</a>&nbsp;&nbsp;&nbsp;chSemWaitTimeoutS
<LI><a href="#[123]">&gt;&gt;</a>&nbsp;&nbsp;&nbsp;chSemSignalI
<LI><a href="#[fc]">&gt;&gt;</a>&nbsp;&nbsp;&nbsp;chSchRescheduleS
</UL>

<P><STRONG><a name="[12a]"></a>chMBFetch</STRONG> (Thumb, 68 bytes, Stack size 16 bytes, chmboxes.o(.text))
<BR><BR>[Stack]<UL><LI>Max Depth = 56<LI>Call Chain = chMBFetch &rArr; chSemWaitTimeoutS &rArr; chSchGoSleepTimeoutS
</UL>
<BR>[Calls]<UL><LI><a href="#[122]">&gt;&gt;</a>&nbsp;&nbsp;&nbsp;chSemWaitTimeoutS
<LI><a href="#[123]">&gt;&gt;</a>&nbsp;&nbsp;&nbsp;chSemSignalI
<LI><a href="#[fc]">&gt;&gt;</a>&nbsp;&nbsp;&nbsp;chSchRescheduleS
</UL>
<BR>[Called By]<UL><LI><a href="#[ba]">&gt;&gt;</a>&nbsp;&nbsp;&nbsp;mbox1_execute
</UL>

<P><STRONG><a name="[12b]"></a>chMBFetchI</STRONG> (Thumb, 50 bytes, Stack size 8 bytes, chmboxes.o(.text))
<BR><BR>[Stack]<UL><LI>Max Depth = 8<LI>Call Chain = chMBFetchI
</UL>
<BR>[Calls]<UL><LI><a href="#[123]">&gt;&gt;</a>&nbsp;&nbsp;&nbsp;chSemSignalI
</UL>
<BR>[Called By]<UL><LI><a href="#[ba]">&gt;&gt;</a>&nbsp;&nbsp;&nbsp;mbox1_execute
</UL>

<P><STRONG><a name="[148]"></a>_core_init</STRONG> (Thumb, 14 bytes, Stack size 0 bytes, chmemcore.o(.text))
<BR><BR>[Called By]<UL><LI><a href="#[145]">&gt;&gt;</a>&nbsp;&nbsp;&nbsp;chSysInit
</UL>

<P><STRONG><a name="[1e2]"></a>chCoreAllocI</STRONG> (Thumb, 26 bytes, Stack size 0 bytes, chmemcore.o(.text), UNUSED)

<P><STRONG><a name="[68]"></a>chCoreAlloc</STRONG> (Thumb, 40 bytes, Stack size 0 bytes, chmemcore.o(.text))
<BR>[Address Reference Count : 1]<UL><LI> chheap.o(.text)
</UL>
<P><STRONG><a name="[1b3]"></a>chCoreStatus</STRONG> (Thumb, 10 bytes, Stack size 0 bytes, chmemcore.o(.text))
<BR><BR>[Called By]<UL><LI><a href="#[b8]">&gt;&gt;</a>&nbsp;&nbsp;&nbsp;heap1_execute
</UL>

<P><STRONG><a name="[1aa]"></a>chPoolInit</STRONG> (Thumb, 10 bytes, Stack size 0 bytes, chmempools.o(.text))
<BR><BR>[Called By]<UL><LI><a href="#[cd]">&gt;&gt;</a>&nbsp;&nbsp;&nbsp;pools1_execute
<LI><a href="#[cc]">&gt;&gt;</a>&nbsp;&nbsp;&nbsp;pools1_setup
<LI><a href="#[aa]">&gt;&gt;</a>&nbsp;&nbsp;&nbsp;dyn2_setup
</UL>

<P><STRONG><a name="[1e3]"></a>chPoolFreeI</STRONG> (Thumb, 8 bytes, Stack size 0 bytes, chmempools.o(.text), UNUSED)

<P><STRONG><a name="[106]"></a>chPoolFree</STRONG> (Thumb, 20 bytes, Stack size 0 bytes, chmempools.o(.text))
<BR><BR>[Called By]<UL><LI><a href="#[105]">&gt;&gt;</a>&nbsp;&nbsp;&nbsp;chThdRelease
<LI><a href="#[cd]">&gt;&gt;</a>&nbsp;&nbsp;&nbsp;pools1_execute
<LI><a href="#[ab]">&gt;&gt;</a>&nbsp;&nbsp;&nbsp;dyn2_execute
</UL>

<P><STRONG><a name="[1b7]"></a>chPoolLoadArray</STRONG> (Thumb, 40 bytes, Stack size 4 bytes, chmempools.o(.text))
<BR><BR>[Stack]<UL><LI>Max Depth = 4<LI>Call Chain = chPoolLoadArray
</UL>
<BR>[Called By]<UL><LI><a href="#[cd]">&gt;&gt;</a>&nbsp;&nbsp;&nbsp;pools1_execute
</UL>

<P><STRONG><a name="[1e4]"></a>chPoolAllocI</STRONG> (Thumb, 26 bytes, Stack size 8 bytes, chmempools.o(.text), UNUSED)

<P><STRONG><a name="[10c]"></a>chPoolAlloc</STRONG> (Thumb, 38 bytes, Stack size 8 bytes, chmempools.o(.text))
<BR><BR>[Stack]<UL><LI>Max Depth = 8<LI>Call Chain = chPoolAlloc
</UL>
<BR>[Called By]<UL><LI><a href="#[10b]">&gt;&gt;</a>&nbsp;&nbsp;&nbsp;chThdCreateFromMemoryPool
<LI><a href="#[cd]">&gt;&gt;</a>&nbsp;&nbsp;&nbsp;pools1_execute
<LI><a href="#[ab]">&gt;&gt;</a>&nbsp;&nbsp;&nbsp;dyn2_execute
</UL>

<P><STRONG><a name="[12c]"></a>chMsgSend</STRONG> (Thumb, 58 bytes, Stack size 8 bytes, chmsg.o(.text))
<BR><BR>[Stack]<UL><LI>Max Depth = 8<LI>Call Chain = chMsgSend
</UL>
<BR>[Calls]<UL><LI><a href="#[f9]">&gt;&gt;</a>&nbsp;&nbsp;&nbsp;chSchReadyI
<LI><a href="#[ff]">&gt;&gt;</a>&nbsp;&nbsp;&nbsp;chSchGoSleepS
</UL>
<BR>[Called By]<UL><LI><a href="#[78]">&gt;&gt;</a>&nbsp;&nbsp;&nbsp;thread
<LI><a href="#[9a]">&gt;&gt;</a>&nbsp;&nbsp;&nbsp;bmk3_execute
<LI><a href="#[99]">&gt;&gt;</a>&nbsp;&nbsp;&nbsp;bmk2_execute
<LI><a href="#[98]">&gt;&gt;</a>&nbsp;&nbsp;&nbsp;bmk1_execute
</UL>

<P><STRONG><a name="[12d]"></a>chMsgWait</STRONG> (Thumb, 50 bytes, Stack size 8 bytes, chmsg.o(.text))
<BR><BR>[Stack]<UL><LI>Max Depth = 8<LI>Call Chain = chMsgWait
</UL>
<BR>[Calls]<UL><LI><a href="#[ff]">&gt;&gt;</a>&nbsp;&nbsp;&nbsp;chSchGoSleepS
</UL>
<BR>[Called By]<UL><LI><a href="#[bb]">&gt;&gt;</a>&nbsp;&nbsp;&nbsp;msg1_execute
<LI><a href="#[70]">&gt;&gt;</a>&nbsp;&nbsp;&nbsp;thread1
</UL>

<P><STRONG><a name="[12e]"></a>chMsgRelease</STRONG> (Thumb, 20 bytes, Stack size 8 bytes, chmsg.o(.text))
<BR><BR>[Stack]<UL><LI>Max Depth = 16<LI>Call Chain = chMsgRelease &rArr; chSchWakeupS
</UL>
<BR>[Calls]<UL><LI><a href="#[f7]">&gt;&gt;</a>&nbsp;&nbsp;&nbsp;chSchWakeupS
</UL>
<BR>[Called By]<UL><LI><a href="#[bb]">&gt;&gt;</a>&nbsp;&nbsp;&nbsp;msg1_execute
<LI><a href="#[70]">&gt;&gt;</a>&nbsp;&nbsp;&nbsp;thread1
</UL>

<P><STRONG><a name="[118]"></a>chMtxInit</STRONG> (Thumb, 10 bytes, Stack size 0 bytes, chmtx.o(.text))
<BR><BR>[Called By]<UL><LI><a href="#[119]">&gt;&gt;</a>&nbsp;&nbsp;&nbsp;chHeapInit
<LI><a href="#[117]">&gt;&gt;</a>&nbsp;&nbsp;&nbsp;_heap_init
<LI><a href="#[ca]">&gt;&gt;</a>&nbsp;&nbsp;&nbsp;mtx8_setup
<LI><a href="#[c8]">&gt;&gt;</a>&nbsp;&nbsp;&nbsp;mtx7_setup
<LI><a href="#[c6]">&gt;&gt;</a>&nbsp;&nbsp;&nbsp;mtx6_setup
<LI><a href="#[c4]">&gt;&gt;</a>&nbsp;&nbsp;&nbsp;mtx5_setup
<LI><a href="#[c2]">&gt;&gt;</a>&nbsp;&nbsp;&nbsp;mtx4_setup
<LI><a href="#[c0]">&gt;&gt;</a>&nbsp;&nbsp;&nbsp;mtx3_setup
<LI><a href="#[be]">&gt;&gt;</a>&nbsp;&nbsp;&nbsp;mtx2_setup
<LI><a href="#[bc]">&gt;&gt;</a>&nbsp;&nbsp;&nbsp;mtx1_setup
<LI><a href="#[a5]">&gt;&gt;</a>&nbsp;&nbsp;&nbsp;bmk12_setup
<LI><a href="#[17e]">&gt;&gt;</a>&nbsp;&nbsp;&nbsp;spiObjectInit
<LI><a href="#[155]">&gt;&gt;</a>&nbsp;&nbsp;&nbsp;adcObjectInit
</UL>

<P><STRONG><a name="[100]"></a>chMtxLockS</STRONG> (Thumb, 210 bytes, Stack size 16 bytes, chmtx.o(.text))
<BR><BR>[Stack]<UL><LI>Max Depth = 16<LI>Call Chain = chMtxLockS
</UL>
<BR>[Calls]<UL><LI><a href="#[f9]">&gt;&gt;</a>&nbsp;&nbsp;&nbsp;chSchReadyI
<LI><a href="#[ff]">&gt;&gt;</a>&nbsp;&nbsp;&nbsp;chSchGoSleepS
</UL>
<BR>[Called By]<UL><LI><a href="#[11a]">&gt;&gt;</a>&nbsp;&nbsp;&nbsp;chMtxLock
<LI><a href="#[104]">&gt;&gt;</a>&nbsp;&nbsp;&nbsp;chCondWaitTimeout
<LI><a href="#[102]">&gt;&gt;</a>&nbsp;&nbsp;&nbsp;chCondWaitTimeoutS
<LI><a href="#[101]">&gt;&gt;</a>&nbsp;&nbsp;&nbsp;chCondWait
<LI><a href="#[fd]">&gt;&gt;</a>&nbsp;&nbsp;&nbsp;chCondWaitS
</UL>

<P><STRONG><a name="[11a]"></a>chMtxLock</STRONG> (Thumb, 20 bytes, Stack size 8 bytes, chmtx.o(.text))
<BR><BR>[Stack]<UL><LI>Max Depth = 24<LI>Call Chain = chMtxLock &rArr; chMtxLockS
</UL>
<BR>[Calls]<UL><LI><a href="#[100]">&gt;&gt;</a>&nbsp;&nbsp;&nbsp;chMtxLockS
</UL>
<BR>[Called By]<UL><LI><a href="#[11c]">&gt;&gt;</a>&nbsp;&nbsp;&nbsp;chHeapStatus
<LI><a href="#[107]">&gt;&gt;</a>&nbsp;&nbsp;&nbsp;chHeapFree
<LI><a href="#[109]">&gt;&gt;</a>&nbsp;&nbsp;&nbsp;chHeapAlloc
<LI><a href="#[86]">&gt;&gt;</a>&nbsp;&nbsp;&nbsp;thread12
<LI><a href="#[85]">&gt;&gt;</a>&nbsp;&nbsp;&nbsp;thread11
<LI><a href="#[84]">&gt;&gt;</a>&nbsp;&nbsp;&nbsp;thread10
<LI><a href="#[c5]">&gt;&gt;</a>&nbsp;&nbsp;&nbsp;mtx5_execute
<LI><a href="#[c3]">&gt;&gt;</a>&nbsp;&nbsp;&nbsp;mtx4_execute
<LI><a href="#[83]">&gt;&gt;</a>&nbsp;&nbsp;&nbsp;thread4b
<LI><a href="#[82]">&gt;&gt;</a>&nbsp;&nbsp;&nbsp;thread4a
<LI><a href="#[81]">&gt;&gt;</a>&nbsp;&nbsp;&nbsp;thread3HH
<LI><a href="#[7f]">&gt;&gt;</a>&nbsp;&nbsp;&nbsp;thread3M
<LI><a href="#[7e]">&gt;&gt;</a>&nbsp;&nbsp;&nbsp;thread3L
<LI><a href="#[7d]">&gt;&gt;</a>&nbsp;&nbsp;&nbsp;thread3LL
<LI><a href="#[7a]">&gt;&gt;</a>&nbsp;&nbsp;&nbsp;thread2H
<LI><a href="#[7c]">&gt;&gt;</a>&nbsp;&nbsp;&nbsp;thread2L
<LI><a href="#[bd]">&gt;&gt;</a>&nbsp;&nbsp;&nbsp;mtx1_execute
<LI><a href="#[79]">&gt;&gt;</a>&nbsp;&nbsp;&nbsp;thread1
<LI><a href="#[a6]">&gt;&gt;</a>&nbsp;&nbsp;&nbsp;bmk12_execute
<LI><a href="#[193]">&gt;&gt;</a>&nbsp;&nbsp;&nbsp;spiAcquireBus
<LI><a href="#[161]">&gt;&gt;</a>&nbsp;&nbsp;&nbsp;adcAcquireBus
</UL>

<P><STRONG><a name="[1e5]"></a>chMtxTryLockS</STRONG> (Thumb, 30 bytes, Stack size 0 bytes, chmtx.o(.text), UNUSED)

<P><STRONG><a name="[1b5]"></a>chMtxTryLock</STRONG> (Thumb, 42 bytes, Stack size 0 bytes, chmtx.o(.text))
<BR><BR>[Called By]<UL><LI><a href="#[c5]">&gt;&gt;</a>&nbsp;&nbsp;&nbsp;mtx5_execute
</UL>

<P><STRONG><a name="[11b]"></a>chMtxUnlock</STRONG> (Thumb, 86 bytes, Stack size 16 bytes, chmtx.o(.text))
<BR><BR>[Stack]<UL><LI>Max Depth = 24<LI>Call Chain = chMtxUnlock &rArr; chSchWakeupS
</UL>
<BR>[Calls]<UL><LI><a href="#[f7]">&gt;&gt;</a>&nbsp;&nbsp;&nbsp;chSchWakeupS
</UL>
<BR>[Called By]<UL><LI><a href="#[11c]">&gt;&gt;</a>&nbsp;&nbsp;&nbsp;chHeapStatus
<LI><a href="#[107]">&gt;&gt;</a>&nbsp;&nbsp;&nbsp;chHeapFree
<LI><a href="#[109]">&gt;&gt;</a>&nbsp;&nbsp;&nbsp;chHeapAlloc
<LI><a href="#[86]">&gt;&gt;</a>&nbsp;&nbsp;&nbsp;thread12
<LI><a href="#[85]">&gt;&gt;</a>&nbsp;&nbsp;&nbsp;thread11
<LI><a href="#[84]">&gt;&gt;</a>&nbsp;&nbsp;&nbsp;thread10
<LI><a href="#[c3]">&gt;&gt;</a>&nbsp;&nbsp;&nbsp;mtx4_execute
<LI><a href="#[83]">&gt;&gt;</a>&nbsp;&nbsp;&nbsp;thread4b
<LI><a href="#[82]">&gt;&gt;</a>&nbsp;&nbsp;&nbsp;thread4a
<LI><a href="#[81]">&gt;&gt;</a>&nbsp;&nbsp;&nbsp;thread3HH
<LI><a href="#[7f]">&gt;&gt;</a>&nbsp;&nbsp;&nbsp;thread3M
<LI><a href="#[7e]">&gt;&gt;</a>&nbsp;&nbsp;&nbsp;thread3L
<LI><a href="#[7d]">&gt;&gt;</a>&nbsp;&nbsp;&nbsp;thread3LL
<LI><a href="#[7a]">&gt;&gt;</a>&nbsp;&nbsp;&nbsp;thread2H
<LI><a href="#[7c]">&gt;&gt;</a>&nbsp;&nbsp;&nbsp;thread2L
<LI><a href="#[bd]">&gt;&gt;</a>&nbsp;&nbsp;&nbsp;mtx1_execute
<LI><a href="#[79]">&gt;&gt;</a>&nbsp;&nbsp;&nbsp;thread1
<LI><a href="#[a6]">&gt;&gt;</a>&nbsp;&nbsp;&nbsp;bmk12_execute
<LI><a href="#[194]">&gt;&gt;</a>&nbsp;&nbsp;&nbsp;spiReleaseBus
<LI><a href="#[162]">&gt;&gt;</a>&nbsp;&nbsp;&nbsp;adcReleaseBus
</UL>

<P><STRONG><a name="[fe]"></a>chMtxUnlockS</STRONG> (Thumb, 78 bytes, Stack size 8 bytes, chmtx.o(.text))
<BR><BR>[Stack]<UL><LI>Max Depth = 8<LI>Call Chain = chMtxUnlockS
</UL>
<BR>[Calls]<UL><LI><a href="#[f9]">&gt;&gt;</a>&nbsp;&nbsp;&nbsp;chSchReadyI
</UL>
<BR>[Called By]<UL><LI><a href="#[104]">&gt;&gt;</a>&nbsp;&nbsp;&nbsp;chCondWaitTimeout
<LI><a href="#[102]">&gt;&gt;</a>&nbsp;&nbsp;&nbsp;chCondWaitTimeoutS
<LI><a href="#[101]">&gt;&gt;</a>&nbsp;&nbsp;&nbsp;chCondWait
<LI><a href="#[fd]">&gt;&gt;</a>&nbsp;&nbsp;&nbsp;chCondWaitS
<LI><a href="#[c5]">&gt;&gt;</a>&nbsp;&nbsp;&nbsp;mtx5_execute
<LI><a href="#[c3]">&gt;&gt;</a>&nbsp;&nbsp;&nbsp;mtx4_execute
</UL>

<P><STRONG><a name="[12f]"></a>chMtxUnlockAll</STRONG> (Thumb, 72 bytes, Stack size 16 bytes, chmtx.o(.text))
<BR><BR>[Stack]<UL><LI>Max Depth = 16<LI>Call Chain = chMtxUnlockAll
</UL>
<BR>[Calls]<UL><LI><a href="#[fc]">&gt;&gt;</a>&nbsp;&nbsp;&nbsp;chSchRescheduleS
<LI><a href="#[f9]">&gt;&gt;</a>&nbsp;&nbsp;&nbsp;chSchReadyI
</UL>
<BR>[Called By]<UL><LI><a href="#[c5]">&gt;&gt;</a>&nbsp;&nbsp;&nbsp;mtx5_execute
<LI><a href="#[c3]">&gt;&gt;</a>&nbsp;&nbsp;&nbsp;mtx4_execute
</UL>

<P><STRONG><a name="[175]"></a>chIQInit</STRONG> (Thumb, 32 bytes, Stack size 4 bytes, chqueues.o(.text))
<BR><BR>[Stack]<UL><LI>Max Depth = 4<LI>Call Chain = chIQInit
</UL>
<BR>[Called By]<UL><LI><a href="#[ce]">&gt;&gt;</a>&nbsp;&nbsp;&nbsp;queues1_setup
<LI><a href="#[a1]">&gt;&gt;</a>&nbsp;&nbsp;&nbsp;bmk9_execute
<LI><a href="#[174]">&gt;&gt;</a>&nbsp;&nbsp;&nbsp;sdObjectInit
</UL>

<P><STRONG><a name="[130]"></a>chIQResetI</STRONG> (Thumb, 46 bytes, Stack size 16 bytes, chqueues.o(.text))
<BR><BR>[Stack]<UL><LI>Max Depth = 16<LI>Call Chain = chIQResetI
</UL>
<BR>[Calls]<UL><LI><a href="#[f9]">&gt;&gt;</a>&nbsp;&nbsp;&nbsp;chSchReadyI
</UL>
<BR>[Called By]<UL><LI><a href="#[cf]">&gt;&gt;</a>&nbsp;&nbsp;&nbsp;queues1_execute
<LI><a href="#[179]">&gt;&gt;</a>&nbsp;&nbsp;&nbsp;sdStop
</UL>

<P><STRONG><a name="[131]"></a>chIQPutI</STRONG> (Thumb, 70 bytes, Stack size 8 bytes, chqueues.o(.text))
<BR><BR>[Stack]<UL><LI>Max Depth = 8<LI>Call Chain = chIQPutI
</UL>
<BR>[Calls]<UL><LI><a href="#[f9]">&gt;&gt;</a>&nbsp;&nbsp;&nbsp;chSchReadyI
</UL>
<BR>[Called By]<UL><LI><a href="#[cf]">&gt;&gt;</a>&nbsp;&nbsp;&nbsp;queues1_execute
<LI><a href="#[a1]">&gt;&gt;</a>&nbsp;&nbsp;&nbsp;bmk9_execute
<LI><a href="#[17b]">&gt;&gt;</a>&nbsp;&nbsp;&nbsp;sdIncomingDataI
</UL>

<P><STRONG><a name="[132]"></a>chIQGetTimeout</STRONG> (Thumb, 108 bytes, Stack size 24 bytes, chqueues.o(.text))
<BR><BR>[Stack]<UL><LI>Max Depth = 64<LI>Call Chain = chIQGetTimeout &rArr; chSchGoSleepTimeoutS
</UL>
<BR>[Calls]<UL><LI><a href="#[103]">&gt;&gt;</a>&nbsp;&nbsp;&nbsp;chSchGoSleepTimeoutS
</UL>
<BR>[Called By]<UL><LI><a href="#[cf]">&gt;&gt;</a>&nbsp;&nbsp;&nbsp;queues1_execute
<LI><a href="#[88]">&gt;&gt;</a>&nbsp;&nbsp;&nbsp;thread1
<LI><a href="#[a1]">&gt;&gt;</a>&nbsp;&nbsp;&nbsp;bmk9_execute
<LI><a href="#[95]">&gt;&gt;</a>&nbsp;&nbsp;&nbsp;gett
<LI><a href="#[93]">&gt;&gt;</a>&nbsp;&nbsp;&nbsp;get
</UL>

<P><STRONG><a name="[133]"></a>chIQReadTimeout</STRONG> (Thumb, 146 bytes, Stack size 40 bytes, chqueues.o(.text))
<BR><BR>[Stack]<UL><LI>Max Depth = 80<LI>Call Chain = chIQReadTimeout &rArr; chSchGoSleepTimeoutS
</UL>
<BR>[Calls]<UL><LI><a href="#[103]">&gt;&gt;</a>&nbsp;&nbsp;&nbsp;chSchGoSleepTimeoutS
</UL>
<BR>[Called By]<UL><LI><a href="#[cf]">&gt;&gt;</a>&nbsp;&nbsp;&nbsp;queues1_execute
<LI><a href="#[97]">&gt;&gt;</a>&nbsp;&nbsp;&nbsp;readt
<LI><a href="#[91]">&gt;&gt;</a>&nbsp;&nbsp;&nbsp;read
</UL>

<P><STRONG><a name="[176]"></a>chOQInit</STRONG> (Thumb, 26 bytes, Stack size 0 bytes, chqueues.o(.text))
<BR><BR>[Called By]<UL><LI><a href="#[d0]">&gt;&gt;</a>&nbsp;&nbsp;&nbsp;queues2_setup
<LI><a href="#[174]">&gt;&gt;</a>&nbsp;&nbsp;&nbsp;sdObjectInit
</UL>

<P><STRONG><a name="[134]"></a>chOQResetI</STRONG> (Thumb, 48 bytes, Stack size 16 bytes, chqueues.o(.text))
<BR><BR>[Stack]<UL><LI>Max Depth = 16<LI>Call Chain = chOQResetI
</UL>
<BR>[Calls]<UL><LI><a href="#[f9]">&gt;&gt;</a>&nbsp;&nbsp;&nbsp;chSchReadyI
</UL>
<BR>[Called By]<UL><LI><a href="#[d1]">&gt;&gt;</a>&nbsp;&nbsp;&nbsp;queues2_execute
<LI><a href="#[179]">&gt;&gt;</a>&nbsp;&nbsp;&nbsp;sdStop
</UL>

<P><STRONG><a name="[135]"></a>chOQPutTimeout</STRONG> (Thumb, 126 bytes, Stack size 24 bytes, chqueues.o(.text))
<BR><BR>[Stack]<UL><LI>Max Depth = 64<LI>Call Chain = chOQPutTimeout &rArr; chSchGoSleepTimeoutS
</UL>
<BR>[Calls]<UL><LI><a href="#[103]">&gt;&gt;</a>&nbsp;&nbsp;&nbsp;chSchGoSleepTimeoutS
</UL>
<BR>[Called By]<UL><LI><a href="#[d1]">&gt;&gt;</a>&nbsp;&nbsp;&nbsp;queues2_execute
<LI><a href="#[89]">&gt;&gt;</a>&nbsp;&nbsp;&nbsp;thread2
<LI><a href="#[94]">&gt;&gt;</a>&nbsp;&nbsp;&nbsp;putt
<LI><a href="#[92]">&gt;&gt;</a>&nbsp;&nbsp;&nbsp;put
</UL>

<P><STRONG><a name="[136]"></a>chOQGetI</STRONG> (Thumb, 68 bytes, Stack size 8 bytes, chqueues.o(.text))
<BR><BR>[Stack]<UL><LI>Max Depth = 8<LI>Call Chain = chOQGetI
</UL>
<BR>[Calls]<UL><LI><a href="#[f9]">&gt;&gt;</a>&nbsp;&nbsp;&nbsp;chSchReadyI
</UL>
<BR>[Called By]<UL><LI><a href="#[d1]">&gt;&gt;</a>&nbsp;&nbsp;&nbsp;queues2_execute
<LI><a href="#[39]">&gt;&gt;</a>&nbsp;&nbsp;&nbsp;VectorD8
<LI><a href="#[17c]">&gt;&gt;</a>&nbsp;&nbsp;&nbsp;sdRequestDataI
</UL>

[...]
</UL>
<BR>[Address Reference Count : 1]<UL><LI> testmtx.o(.constdata)
</UL>
<P><STRONG><a name="[c5]"></a>mtx5_execute</STRONG> (Thumb, 188 bytes, Stack size 16 bytes, testmtx.o(.text))
<BR><BR>[Stack]<UL><LI>Max Depth = 40<LI>Call Chain = mtx5_execute &rArr; chMtxLock &rArr; chMtxLockS
</UL>
<BR>[Calls]<UL><LI><a href="#[12f]">&gt;&gt;</a>&nbsp;&nbsp;&nbsp;chMtxUnlockAll
<LI><a href="#[1b5]">&gt;&gt;</a>&nbsp;&nbsp;&nbsp;chMtxTryLock
<LI><a href="#[11a]">&gt;&gt;</a>&nbsp;&nbsp;&nbsp;chMtxLock
<LI><a href="#[fe]">&gt;&gt;</a>&nbsp;&nbsp;&nbsp;chMtxUnlockS
<LI><a href="#[1a8]">&gt;&gt;</a>&nbsp;&nbsp;&nbsp;_test_assert
</UL>
<BR>[Address Reference Count : 1]<UL><LI> testmtx.o(.constdata)
</UL>
<P><STRONG><a name="[c6]"></a>mtx6_setup</STRONG> (Thumb, 18 bytes, Stack size 8 bytes, testmtx.o(.text))
<BR><BR>[Stack]<UL><LI>Max Depth = 8<LI>Call Chain = mtx6_setup
</UL>
<BR>[Calls]<UL><LI><a href="#[118]">&gt;&gt;</a>&nbsp;&nbsp;&nbsp;chMtxInit
<LI><a href="#[1b6]">&gt;&gt;</a>&nbsp;&nbsp;&nbsp;chCondInit
</UL>
<BR>[Address Reference Count : 1]<UL><LI> testmtx.o(.constdata)
</UL>
<P><STRONG><a name="[84]"></a>thread10</STRONG> (Thumb, 30 bytes, Stack size 8 bytes, testmtx.o(.text))
<BR><BR>[Stack]<UL><LI>Max Depth = 48<LI>Call Chain = thread10 &rArr; chCondWait &rArr; chMtxLockS
</UL>
<BR>[Calls]<UL><LI><a href="#[11b]">&gt;&gt;</a>&nbsp;&nbsp;&nbsp;chMtxUnlock
<LI><a href="#[11a]">&gt;&gt;</a>&nbsp;&nbsp;&nbsp;chMtxLock
<LI><a href="#[101]">&gt;&gt;</a>&nbsp;&nbsp;&nbsp;chCondWait
<LI><a href="#[1a7]">&gt;&gt;</a>&nbsp;&nbsp;&nbsp;test_emit_token
</UL>
<BR>[Address Reference Count : 1]<UL><LI> testmtx.o(.text)
</UL>
<P><STRONG><a name="[c7]"></a>mtx6_execute</STRONG> (Thumb, 186 bytes, Stack size 24 bytes, testmtx.o(.text))
<BR><BR>[Stack]<UL><LI>Max Depth = 96<LI>Call Chain = mtx6_execute &rArr; test_wait_threads &rArr; chThdWait &rArr; chThdRelease &rArr; chHeapFree &rArr; chMtxUnlock &rArr; chSchWakeupS
</UL>
<BR>[Calls]<UL><LI><a href="#[14b]">&gt;&gt;</a>&nbsp;&nbsp;&nbsp;chThdCreateStatic
<LI><a href="#[fc]">&gt;&gt;</a>&nbsp;&nbsp;&nbsp;chSchRescheduleS
<LI><a href="#[f8]">&gt;&gt;</a>&nbsp;&nbsp;&nbsp;chCondSignalI
<LI><a href="#[19f]">&gt;&gt;</a>&nbsp;&nbsp;&nbsp;test_wait_threads
<LI><a href="#[1a9]">&gt;&gt;</a>&nbsp;&nbsp;&nbsp;_test_assert_sequence
</UL>
<BR>[Address Reference Count : 1]<UL><LI> testmtx.o(.constdata)
</UL>
<P><STRONG><a name="[c8]"></a>mtx7_setup</STRONG> (Thumb, 18 bytes, Stack size 8 bytes, testmtx.o(.text))
<BR><BR>[Stack]<UL><LI>Max Depth = 8<LI>Call Chain = mtx7_setup
</UL>
<BR>[Calls]<UL><LI><a href="#[118]">&gt;&gt;</a>&nbsp;&nbsp;&nbsp;chMtxInit
<LI><a href="#[1b6]">&gt;&gt;</a>&nbsp;&nbsp;&nbsp;chCondInit
</UL>
<BR>[Address Reference Count : 1]<UL><LI> testmtx.o(.constdata)
</UL>
<P><STRONG><a name="[c9]"></a>mtx7_execute</STRONG> (Thumb, 146 bytes, Stack size 24 bytes, testmtx.o(.text))
<BR><BR>[Stack]<UL><LI>Max Depth = 96<LI>Call Chain = mtx7_execute &rArr; test_wait_threads &rArr; chThdWait &rArr; chThdRelease &rArr; chHeapFree &rArr; chMtxUnlock &rArr; chSchWakeupS
</UL>
<BR>[Calls]<UL><LI><a href="#[14b]">&gt;&gt;</a>&nbsp;&nbsp;&nbsp;chThdCreateStatic
<LI><a href="#[fb]">&gt;&gt;</a>&nbsp;&nbsp;&nbsp;chCondBroadcast
<LI><a href="#[19f]">&gt;&gt;</a>&nbsp;&nbsp;&nbsp;test_wait_threads
<LI><a href="#[1a9]">&gt;&gt;</a>&nbsp;&nbsp;&nbsp;_test_assert_sequence
</UL>
<BR>[Address Reference Count : 1]<UL><LI> testmtx.o(.constdata)
</UL>
<P><STRONG><a name="[ca]"></a>mtx8_setup</STRONG> (Thumb, 24 bytes, Stack size 8 bytes, testmtx.o(.text))
<BR><BR>[Stack]<UL><LI>Max Depth = 8<LI>Call Chain = mtx8_setup
</UL>
<BR>[Calls]<UL><LI><a href="#[118]">&gt;&gt;</a>&nbsp;&nbsp;&nbsp;chMtxInit
<LI><a href="#[1b6]">&gt;&gt;</a>&nbsp;&nbsp;&nbsp;chCondInit
</UL>
<BR>[Address Reference Count : 1]<UL><LI> testmtx.o(.constdata)
</UL>
<P><STRONG><a name="[85]"></a>thread11</STRONG> (Thumb, 44 bytes, Stack size 8 bytes, testmtx.o(.text))
<BR><BR>[Stack]<UL><LI>Max Depth = 72<LI>Call Chain = thread11 &rArr; chCondWaitTimeout &rArr; chSchGoSleepTimeoutS
</UL>
<BR>[Calls]<UL><LI><a href="#[11b]">&gt;&gt;</a>&nbsp;&nbsp;&nbsp;chMtxUnlock
<LI><a href="#[11a]">&gt;&gt;</a>&nbsp;&nbsp;&nbsp;chMtxLock
<LI><a href="#[104]">&gt;&gt;</a>&nbsp;&nbsp;&nbsp;chCondWaitTimeout
<LI><a href="#[1a7]">&gt;&gt;</a>&nbsp;&nbsp;&nbsp;test_emit_token
</UL>
<BR>[Address Reference Count : 1]<UL><LI> testmtx.o(.text)
</UL>
<P><STRONG><a name="[86]"></a>thread12</STRONG> (Thumb, 24 bytes, Stack size 8 bytes, testmtx.o(.text))
<BR><BR>[Stack]<UL><LI>Max Depth = 32<LI>Call Chain = thread12 &rArr; chMtxUnlock &rArr; chSchWakeupS
</UL>
<BR>[Calls]<UL><LI><a href="#[11b]">&gt;&gt;</a>&nbsp;&nbsp;&nbsp;chMtxUnlock
<LI><a href="#[11a]">&gt;&gt;</a>&nbsp;&nbsp;&nbsp;chMtxLock
<LI><a href="#[1a7]">&gt;&gt;</a>&nbsp;&nbsp;&nbsp;test_emit_token
</UL>
<BR>[Address Reference Count : 1]<UL><LI> testmtx.o(.text)
</UL>
<P><STRONG><a name="[cb]"></a>mtx8_execute</STRONG> (Thumb, 152 bytes, Stack size 24 bytes, testmtx.o(.text))
<BR><BR>[Stack]<UL><LI>Max Depth = 96<LI>Call Chain = mtx8_execute &rArr; test_wait_threads &rArr; chThdWait &rArr; chThdRelease &rArr; chHeapFree &rArr; chMtxUnlock &rArr; chSchWakeupS
</UL>
<BR>[Calls]<UL><LI><a href="#[14b]">&gt;&gt;</a>&nbsp;&nbsp;&nbsp;chThdCreateStatic
<LI><a href="#[f6]">&gt;&gt;</a>&nbsp;&nbsp;&nbsp;chCondSignal
<LI><a href="#[19f]">&gt;&gt;</a>&nbsp;&nbsp;&nbsp;test_wait_threads
<LI><a href="#[1a9]">&gt;&gt;</a>&nbsp;&nbsp;&nbsp;_test_assert_sequence
</UL>
<BR>[Address Reference Count : 1]<UL><LI> testmtx.o(.constdata)
</UL>
<P><STRONG><a name="[87]"></a>null_provider</STRONG> (Thumb, 4 bytes, Stack size 0 bytes, testpools.o(.text))
<BR>[Address Reference Count : 1]<UL><LI> testpools.o(.text)
</UL>
<P><STRONG><a name="[cc]"></a>pools1_setup</STRONG> (Thumb, 12 bytes, Stack size 0 bytes, testpools.o(.text))
<BR><BR>[Calls]<UL><LI><a href="#[1aa]">&gt;&gt;</a>&nbsp;&nbsp;&nbsp;chPoolInit
</UL>
<BR>[Address Reference Count : 1]<UL><LI> testpools.o(.constdata)
</UL>
<P><STRONG><a name="[cd]"></a>pools1_execute</STRONG> (Thumb, 186 bytes, Stack size 16 bytes, testpools.o(.text))
<BR><BR>[Stack]<UL><LI>Max Depth = 24<LI>Call Chain = pools1_execute &rArr; chPoolAlloc
</UL>
<BR>[Calls]<UL><LI><a href="#[1b7]">&gt;&gt;</a>&nbsp;&nbsp;&nbsp;chPoolLoadArray
<LI><a href="#[1aa]">&gt;&gt;</a>&nbsp;&nbsp;&nbsp;chPoolInit
<LI><a href="#[106]">&gt;&gt;</a>&nbsp;&nbsp;&nbsp;chPoolFree
<LI><a href="#[10c]">&gt;&gt;</a>&nbsp;&nbsp;&nbsp;chPoolAlloc
<LI><a href="#[1a8]">&gt;&gt;</a>&nbsp;&nbsp;&nbsp;_test_assert
</UL>
<BR>[Address Reference Count : 1]<UL><LI> testpools.o(.constdata)
</UL>
<P><STRONG><a name="[2]"></a>notify</STRONG> (Thumb, 2 bytes, Stack size 0 bytes, testqueues.o(.text))
<BR>[Address Reference Count : 2]<UL><LI> testqueues.o(.text)
<LI> testqueues.o(.data)
</UL>
<P><STRONG><a name="[ce]"></a>queues1_setup</STRONG> (Thumb, 22 bytes, Stack size 8 bytes, testqueues.o(.text))
<BR><BR>[Stack]<UL><LI>Max Depth = 12<LI>Call Chain = queues1_setup &rArr; chIQInit
</UL>
<BR>[Calls]<UL><LI><a href="#[175]">&gt;&gt;</a>&nbsp;&nbsp;&nbsp;chIQInit
</UL>
<BR>[Address Reference Count : 1]<UL><LI> testqueues.o(.constdata)
</UL>
<P><STRONG><a name="[88]"></a>thread1</STRONG> (Thumb, 14 bytes, Stack size 8 bytes, testqueues.o(.text))
<BR><BR>[Stack]<UL><LI>Max Depth = 72<LI>Call Chain = thread1 &rArr; chIQGetTimeout &rArr; chSchGoSleepTimeoutS
</UL>
<BR>[Calls]<UL><LI><a href="#[132]">&gt;&gt;</a>&nbsp;&nbsp;&nbsp;chIQGetTimeout
</UL>
<BR>[Address Reference Count : 1]<UL><LI> testqueues.o(.text)
</UL>
<P><STRONG><a name="[cf]"></a>queues1_execute</STRONG> (Thumb, 586 bytes, Stack size 32 bytes, testqueues.o(.text))
<BR><BR>[Stack]<UL><LI>Max Depth = 112<LI>Call Chain = queues1_execute &rArr; chIQReadTimeout &rArr; chSchGoSleepTimeoutS
</UL>
<BR>[Calls]<UL><LI><a href="#[14b]">&gt;&gt;</a>&nbsp;&nbsp;&nbsp;chThdCreateStatic
<LI><a href="#[133]">&gt;&gt;</a>&nbsp;&nbsp;&nbsp;chIQReadTimeout
<LI><a href="#[132]">&gt;&gt;</a>&nbsp;&nbsp;&nbsp;chIQGetTimeout
<LI><a href="#[131]">&gt;&gt;</a>&nbsp;&nbsp;&nbsp;chIQPutI
<LI><a href="#[130]">&gt;&gt;</a>&nbsp;&nbsp;&nbsp;chIQResetI
<LI><a href="#[19f]">&gt;&gt;</a>&nbsp;&nbsp;&nbsp;test_wait_threads
<LI><a href="#[1a9]">&gt;&gt;</a>&nbsp;&nbsp;&nbsp;_test_assert_sequence
<LI><a href="#[1a8]">&gt;&gt;</a>&nbsp;&nbsp;&nbsp;_test_assert
<LI><a href="#[1a7]">&gt;&gt;</a>&nbsp;&nbsp;&nbsp;test_emit_token
</UL>
<BR>[Address Reference Count : 1]<UL><LI> testqueues.o(.constdata)
</UL>
<P><STRONG><a name="[d0]"></a>queues2_setup</STRONG> (Thumb, 22 bytes, Stack size 8 bytes, testqueues.o(.text))
<BR><BR>[Stack]<UL><LI>Max Depth = 8<LI>Call Chain = queues2_setup
</UL>
<BR>[Calls]<UL><LI><a href="#[176]">&gt;&gt;</a>&nbsp;&nbsp;&nbsp;chOQInit
</UL>
<BR>[Address Reference Count : 1]<UL><LI> testqueues.o(.constdata)
</UL>
<P><STRONG><a name="[89]"></a>thread2</STRONG> (Thumb, 16 bytes, Stack size 8 bytes, testqueues.o(.text))
<BR><BR>[Stack]<UL><LI>Max Depth = 72<LI>Call Chain = thread2 &rArr; chOQPutTimeout &rArr; chSchGoSleepTimeoutS
</UL>
<BR>[Calls]<UL><LI><a href="#[135]">&gt;&gt;</a>&nbsp;&nbsp;&nbsp;chOQPutTimeout
</UL>
<BR>[Address Reference Count : 1]<UL><LI> testqueues.o(.text)
</UL>
<P><STRONG><a name="[d1]"></a>queues2_execute</STRONG> (Thumb, 566 bytes, Stack size 24 bytes, testqueues.o(.text))
<BR><BR>[Stack]<UL><LI>Max Depth = 104<LI>Call Chain = queues2_execute &rArr; chOQWriteTimeout &rArr; chSchGoSleepTimeoutS
</UL>
<BR>[Calls]<UL><LI><a href="#[14b]">&gt;&gt;</a>&nbsp;&nbsp;&nbsp;chThdCreateStatic
<LI><a href="#[137]">&gt;&gt;</a>&nbsp;&nbsp;&nbsp;chOQWriteTimeout
<LI><a href="#[136]">&gt;&gt;</a>&nbsp;&nbsp;&nbsp;chOQGetI
<LI><a href="#[135]">&gt;&gt;</a>&nbsp;&nbsp;&nbsp;chOQPutTimeout
<LI><a href="#[134]">&gt;&gt;</a>&nbsp;&nbsp;&nbsp;chOQResetI
<LI><a href="#[19f]">&gt;&gt;</a>&nbsp;&nbsp;&nbsp;test_wait_threads
<LI><a href="#[1a9]">&gt;&gt;</a>&nbsp;&nbsp;&nbsp;_test_assert_sequence
<LI><a href="#[1a8]">&gt;&gt;</a>&nbsp;&nbsp;&nbsp;_test_assert
<LI><a href="#[1a7]">&gt;&gt;</a>&nbsp;&nbsp;&nbsp;test_emit_token
</UL>
<BR>[Address Reference Count : 1]<UL><LI> testqueues.o(.constdata)
</UL>
<P><STRONG><a name="[d2]"></a>sem1_setup</STRONG> (Thumb, 8 bytes, Stack size 0 bytes, testsem.o(.text))
<BR><BR>[Calls]<UL><LI><a href="#[11e]">&gt;&gt;</a>&nbsp;&nbsp;&nbsp;chSemInit
</UL>
<BR>[Address Reference Count : 1]<UL><LI> testsem.o(.constdata)
</UL>
<P><STRONG><a name="[8a]"></a>thread1</STRONG> (Thumb, 20 bytes, Stack size 8 bytes, testsem.o(.text))
<BR><BR>[Stack]<UL><LI>Max Depth = 16<LI>Call Chain = thread1 &rArr; chSemWait
</UL>
<BR>[Calls]<UL><LI><a href="#[140]">&gt;&gt;</a>&nbsp;&nbsp;&nbsp;chSemWait
<LI><a href="#[1a7]">&gt;&gt;</a>&nbsp;&nbsp;&nbsp;test_emit_token
</UL>
<BR>[Address Reference Count : 1]<UL><LI> testsem.o(.text)
</UL>
<P><STRONG><a name="[d3]"></a>sem1_execute</STRONG> (Thumb, 250 bytes, Stack size 24 bytes, testsem.o(.text))
<BR><BR>[Stack]<UL><LI>Max Depth = 96<LI>Call Chain = sem1_execute &rArr; test_wait_threads &rArr; chThdWait &rArr; chThdRelease &rArr; chHeapFree &rArr; chMtxUnlock &rArr; chSchWakeupS
</UL>
<BR>[Calls]<UL><LI><a href="#[14b]">&gt;&gt;</a>&nbsp;&nbsp;&nbsp;chThdCreateStatic
<LI><a href="#[143]">&gt;&gt;</a>&nbsp;&nbsp;&nbsp;chSemAddCounterI
<LI><a href="#[142]">&gt;&gt;</a>&nbsp;&nbsp;&nbsp;chSemSignal
<LI><a href="#[fc]">&gt;&gt;</a>&nbsp;&nbsp;&nbsp;chSchRescheduleS
<LI><a href="#[19f]">&gt;&gt;</a>&nbsp;&nbsp;&nbsp;test_wait_threads
<LI><a href="#[1a9]">&gt;&gt;</a>&nbsp;&nbsp;&nbsp;_test_assert_sequence
<LI><a href="#[1a8]">&gt;&gt;</a>&nbsp;&nbsp;&nbsp;_test_assert
</UL>
<BR>[Address Reference Count : 1]<UL><LI> testsem.o(.constdata)
</UL>
<P><STRONG><a name="[d4]"></a>sem2_setup</STRONG> (Thumb, 8 bytes, Stack size 0 bytes, testsem.o(.text))
<BR><BR>[Calls]<UL><LI><a href="#[11e]">&gt;&gt;</a>&nbsp;&nbsp;&nbsp;chSemInit
</UL>
<BR>[Address Reference Count : 1]<UL><LI> testsem.o(.constdata)
</UL>
<P><STRONG><a name="[8b]"></a>thread2</STRONG> (Thumb, 32 bytes, Stack size 8 bytes, testsem.o(.text))
<BR><BR>[Stack]<UL><LI>Max Depth = 56<LI>Call Chain = thread2 &rArr; chThdSleep &rArr; chSchGoSleepTimeoutS
</UL>
<BR>[Calls]<UL><LI><a href="#[14e]">&gt;&gt;</a>&nbsp;&nbsp;&nbsp;chThdSleep
<LI><a href="#[123]">&gt;&gt;</a>&nbsp;&nbsp;&nbsp;chSemSignalI
<LI><a href="#[fc]">&gt;&gt;</a>&nbsp;&nbsp;&nbsp;chSchRescheduleS
</UL>
<BR>[Address Reference Count : 1]<UL><LI> testsem.o(.text)
</UL>
<P><STRONG><a name="[d5]"></a>sem2_execute</STRONG> (Thumb, 322 bytes, Stack size 24 bytes, testsem.o(.text))
<BR><BR>[Stack]<UL><LI>Max Depth = 96<LI>Call Chain = sem2_execute &rArr; test_wait_threads &rArr; chThdWait &rArr; chThdRelease &rArr; chHeapFree &rArr; chMtxUnlock &rArr; chSchWakeupS
</UL>
<BR>[Calls]<UL><LI><a href="#[14b]">&gt;&gt;</a>&nbsp;&nbsp;&nbsp;chThdCreateStatic
<LI><a href="#[141]">&gt;&gt;</a>&nbsp;&nbsp;&nbsp;chSemWaitTimeout
<LI><a href="#[1a0]">&gt;&gt;</a>&nbsp;&nbsp;&nbsp;test_wait_tick
<LI><a href="#[19f]">&gt;&gt;</a>&nbsp;&nbsp;&nbsp;test_wait_threads
<LI><a href="#[1b2]">&gt;&gt;</a>&nbsp;&nbsp;&nbsp;_test_assert_time_window
<LI><a href="#[1a9]">&gt;&gt;</a>&nbsp;&nbsp;&nbsp;_test_assert_sequence
<LI><a href="#[1a8]">&gt;&gt;</a>&nbsp;&nbsp;&nbsp;_test_assert
<LI><a href="#[1a7]">&gt;&gt;</a>&nbsp;&nbsp;&nbsp;test_emit_token
</UL>
<BR>[Address Reference Count : 1]<UL><LI> testsem.o(.constdata)
</UL>
<P><STRONG><a name="[d6]"></a>sem3_setup</STRONG> (Thumb, 8 bytes, Stack size 0 bytes, testsem.o(.text))
<BR><BR>[Calls]<UL><LI><a href="#[11e]">&gt;&gt;</a>&nbsp;&nbsp;&nbsp;chSemInit
</UL>
<BR>[Address Reference Count : 1]<UL><LI> testsem.o(.constdata)
</UL>
<P><STRONG><a name="[8c]"></a>thread3</STRONG> (Thumb, 18 bytes, Stack size 8 bytes, testsem.o(.text))
<BR><BR>[Stack]<UL><LI>Max Depth = 24<LI>Call Chain = thread3 &rArr; chSemSignal &rArr; chSchWakeupS
</UL>
<BR>[Calls]<UL><LI><a href="#[142]">&gt;&gt;</a>&nbsp;&nbsp;&nbsp;chSemSignal
<LI><a href="#[140]">&gt;&gt;</a>&nbsp;&nbsp;&nbsp;chSemWait
</UL>
<BR>[Address Reference Count : 1]<UL><LI> testsem.o(.text)
</UL>
<P><STRONG><a name="[d7]"></a>sem3_execute</STRONG> (Thumb, 136 bytes, Stack size 16 bytes, testsem.o(.text))
<BR><BR>[Stack]<UL><LI>Max Depth = 40<LI>Call Chain = sem3_execute &rArr; chThdCreateStatic &rArr; chSchWakeupS
</UL>
<BR>[Calls]<UL><LI><a href="#[14b]">&gt;&gt;</a>&nbsp;&nbsp;&nbsp;chThdCreateStatic
<LI><a href="#[144]">&gt;&gt;</a>&nbsp;&nbsp;&nbsp;chSemSignalWait
<LI><a href="#[1a8]">&gt;&gt;</a>&nbsp;&nbsp;&nbsp;_test_assert
</UL>
<BR>[Address Reference Count : 1]<UL><LI> testsem.o(.constdata)
</UL>
<P><STRONG><a name="[8d]"></a>thread4</STRONG> (Thumb, 30 bytes, Stack size 8 bytes, testsem.o(.text))
<BR><BR>[Stack]<UL><LI>Max Depth = 8<LI>Call Chain = thread4
</UL>
<BR>[Calls]<UL><LI><a href="#[123]">&gt;&gt;</a>&nbsp;&nbsp;&nbsp;chSemSignalI
<LI><a href="#[fc]">&gt;&gt;</a>&nbsp;&nbsp;&nbsp;chSchRescheduleS
</UL>
<BR>[Address Reference Count : 1]<UL><LI> testsem.o(.text)
</UL>
<P><STRONG><a name="[d8]"></a>sem4_execute</STRONG> (Thumb, 314 bytes, Stack size 32 bytes, testsem.o(.text))
<BR><BR>[Stack]<UL><LI>Max Depth = 56<LI>Call Chain = sem4_execute &rArr; chThdCreateStatic &rArr; chSchWakeupS
</UL>
<BR>[Calls]<UL><LI><a href="#[14b]">&gt;&gt;</a>&nbsp;&nbsp;&nbsp;chThdCreateStatic
<LI><a href="#[140]">&gt;&gt;</a>&nbsp;&nbsp;&nbsp;chSemWait
<LI><a href="#[13e]">&gt;&gt;</a>&nbsp;&nbsp;&nbsp;chSemReset
<LI><a href="#[123]">&gt;&gt;</a>&nbsp;&nbsp;&nbsp;chSemSignalI
<LI><a href="#[11e]">&gt;&gt;</a>&nbsp;&nbsp;&nbsp;chSemInit
<LI><a href="#[fc]">&gt;&gt;</a>&nbsp;&nbsp;&nbsp;chSchRescheduleS
<LI><a href="#[1a8]">&gt;&gt;</a>&nbsp;&nbsp;&nbsp;_test_assert
</UL>
<BR>[Address Reference Count : 1]<UL><LI> testsem.o(.constdata)
</UL>
<P><STRONG><a name="[8e]"></a>thread</STRONG> (Thumb, 12 bytes, Stack size 8 bytes, testthd.o(.text))
<BR><BR>[Stack]<UL><LI>Max Depth = 8<LI>Call Chain = thread
</UL>
<BR>[Calls]<UL><LI><a href="#[1a7]">&gt;&gt;</a>&nbsp;&nbsp;&nbsp;test_emit_token
</UL>
<BR>[Address Reference Count : 1]<UL><LI> testthd.o(.text)
</UL>
<P><STRONG><a name="[d9]"></a>thd1_execute</STRONG> (Thumb, 144 bytes, Stack size 24 bytes, testthd.o(.text))
<BR><BR>[Stack]<UL><LI>Max Depth = 96<LI>Call Chain = thd1_execute &rArr; test_wait_threads &rArr; chThdWait &rArr; chThdRelease &rArr; chHeapFree &rArr; chMtxUnlock &rArr; chSchWakeupS
</UL>
<BR>[Calls]<UL><LI><a href="#[14b]">&gt;&gt;</a>&nbsp;&nbsp;&nbsp;chThdCreateStatic
<LI><a href="#[19f]">&gt;&gt;</a>&nbsp;&nbsp;&nbsp;test_wait_threads
<LI><a href="#[1a9]">&gt;&gt;</a>&nbsp;&nbsp;&nbsp;_test_assert_sequence
</UL>
<BR>[Address Reference Count : 1]<UL><LI> testthd.o(.constdata)
</UL>
<P><STRONG><a name="[da]"></a>thd2_execute</STRONG> (Thumb, 160 bytes, Stack size 24 bytes, testthd.o(.text))
<BR><BR>[Stack]<UL><LI>Max Depth = 96<LI>Call Chain = thd2_execute &rArr; test_wait_threads &rArr; chThdWait &rArr; chThdRelease &rArr; chHeapFree &rArr; chMtxUnlock &rArr; chSchWakeupS
</UL>
<BR>[Calls]<UL><LI><a href="#[14d]">&gt;&gt;</a>&nbsp;&nbsp;&nbsp;chThdResume
<LI><a href="#[14b]">&gt;&gt;</a>&nbsp;&nbsp;&nbsp;chThdCreateStatic
<LI><a href="#[10a]">&gt;&gt;</a>&nbsp;&nbsp;&nbsp;chThdCreateI
<LI><a href="#[19f]">&gt;&gt;</a>&nbsp;&nbsp;&nbsp;test_wait_threads
<LI><a href="#[1a9]">&gt;&gt;</a>&nbsp;&nbsp;&nbsp;_test_assert_sequence
</UL>
<BR>[Address Reference Count : 1]<UL><LI> testthd.o(.constdata)
</UL>
<P><STRONG><a name="[db]"></a>thd3_execute</STRONG> (Thumb, 352 bytes, Stack size 32 bytes, testthd.o(.text))
<BR><BR>[Stack]<UL><LI>Max Depth = 40<LI>Call Chain = thd3_execute &rArr; chThdSetPriority
</UL>
<BR>[Calls]<UL><LI><a href="#[14c]">&gt;&gt;</a>&nbsp;&nbsp;&nbsp;chThdSetPriority
<LI><a href="#[1a8]">&gt;&gt;</a>&nbsp;&nbsp;&nbsp;_test_assert
</UL>
<BR>[Address Reference Count : 1]<UL><LI> testthd.o(.constdata)
</UL>
<P><STRONG><a name="[dc]"></a>thd4_execute</STRONG> (Thumb, 114 bytes, Stack size 16 bytes, testthd.o(.text))
<BR><BR>[Stack]<UL><LI>Max Depth = 72<LI>Call Chain = thd4_execute &rArr; test_wait_tick &rArr; chThdSleep &rArr; chSchGoSleepTimeoutS
</UL>
<BR>[Calls]<UL><LI><a href="#[14f]">&gt;&gt;</a>&nbsp;&nbsp;&nbsp;chThdSleepUntil
<LI><a href="#[14e]">&gt;&gt;</a>&nbsp;&nbsp;&nbsp;chThdSleep
<LI><a href="#[1a0]">&gt;&gt;</a>&nbsp;&nbsp;&nbsp;test_wait_tick
<LI><a href="#[1b2]">&gt;&gt;</a>&nbsp;&nbsp;&nbsp;_test_assert_time_window
</UL>
<BR>[Address Reference Count : 1]<UL><LI> testthd.o(.constdata)
</UL>
<P><STRONG><a name="[3]"></a>pwmpcb</STRONG> (Thumb, 28 bytes, Stack size 8 bytes, main.o(.text))
<BR><BR>[Stack]<UL><LI>Max Depth = 8<LI>Call Chain = pwmpcb
</UL>
<BR>[Calls]<UL><LI><a href="#[15a]">&gt;&gt;</a>&nbsp;&nbsp;&nbsp;adcStartConversionI
</UL>
<BR>[Address Reference Count : 1]<UL><LI> main.o(.data)
</UL>
<P><STRONG><a name="[dd]"></a>adccb</STRONG> (Thumb, 126 bytes, Stack size 16 bytes, main.o(.text))
<BR><BR>[Stack]<UL><LI>Max Depth = 16<LI>Call Chain = adccb
</UL>
<BR>[Calls]<UL><LI><a href="#[18c]">&gt;&gt;</a>&nbsp;&nbsp;&nbsp;spi_lld_send
<LI><a href="#[185]">&gt;&gt;</a>&nbsp;&nbsp;&nbsp;spi_lld_select
<LI><a href="#[170]">&gt;&gt;</a>&nbsp;&nbsp;&nbsp;pwm_lld_enable_channel
</UL>
<BR>[Address Reference Count : 1]<UL><LI> main.o(.constdata)
</UL>
<P><STRONG><a name="[de]"></a>spicb</STRONG> (Thumb, 20 bytes, Stack size 8 bytes, main.o(.text))
<BR><BR>[Stack]<UL><LI>Max Depth = 8<LI>Call Chain = spicb
</UL>
<BR>[Calls]<UL><LI><a href="#[182]">&gt;&gt;</a>&nbsp;&nbsp;&nbsp;spi_lld_unselect
</UL>
<BR>[Address Reference Count : 1]<UL><LI> main.o(.constdata)
</UL>
<P><STRONG><a name="[8f]"></a>Thread1</STRONG> (Thumb, 38 bytes, Stack size 0 bytes, main.o(.text))
<BR><BR>[Stack]<UL><LI>Max Depth = 48<LI>Call Chain = Thread1 &rArr; chThdSleep &rArr; chSchGoSleepTimeoutS
</UL>
<BR>[Calls]<UL><LI><a href="#[14e]">&gt;&gt;</a>&nbsp;&nbsp;&nbsp;chThdSleep
</UL>
<BR>[Address Reference Count : 1]<UL><LI> main.o(.text)
</UL><P>
<H3>
Undefined Global Symbols
</H3><HR></body></html>
